Archive member included to satisfy reference by file (symbol)

/usr/lib/gcc/arm-none-eabi/13.2.1/thumb/v6-m/nofp/libgcc.a(_dvmd_tls.o)
                              CMakeFiles/Pratica6.dir/home/gabrielmachine/pico/pico-sdk/src/rp2_common/pico_divider/divider_hardware.S.o (__aeabi_idiv0)
/usr/lib/gcc/arm-none-eabi/13.2.1/../../../arm-none-eabi/lib/thumb/v6-m/nofp/libg.a(libc_a-calloc.o)
                              CMakeFiles/Pratica6.dir/home/gabrielmachine/pico/pico-sdk/src/rp2_common/pico_malloc/malloc.c.o (calloc)
/usr/lib/gcc/arm-none-eabi/13.2.1/../../../arm-none-eabi/lib/thumb/v6-m/nofp/libg.a(libc_a-impure.o)
                              /usr/lib/gcc/arm-none-eabi/13.2.1/../../../arm-none-eabi/lib/thumb/v6-m/nofp/libg.a(libc_a-calloc.o) (_impure_ptr)
/usr/lib/gcc/arm-none-eabi/13.2.1/../../../arm-none-eabi/lib/thumb/v6-m/nofp/libg.a(libc_a-callocr.o)
                              /usr/lib/gcc/arm-none-eabi/13.2.1/../../../arm-none-eabi/lib/thumb/v6-m/nofp/libg.a(libc_a-calloc.o) (_calloc_r)
/usr/lib/gcc/arm-none-eabi/13.2.1/../../../arm-none-eabi/lib/thumb/v6-m/nofp/libg.a(libc_a-realloc.o)
                              CMakeFiles/Pratica6.dir/home/gabrielmachine/pico/pico-sdk/src/rp2_common/pico_malloc/malloc.c.o (realloc)
/usr/lib/gcc/arm-none-eabi/13.2.1/../../../arm-none-eabi/lib/thumb/v6-m/nofp/libg.a(libc_a-mallocr.o)
                              /usr/lib/gcc/arm-none-eabi/13.2.1/../../../arm-none-eabi/lib/thumb/v6-m/nofp/libg.a(libc_a-callocr.o) (_malloc_r)
/usr/lib/gcc/arm-none-eabi/13.2.1/../../../arm-none-eabi/lib/thumb/v6-m/nofp/libg.a(libc_a-freer.o)
                              /usr/lib/gcc/arm-none-eabi/13.2.1/../../../arm-none-eabi/lib/thumb/v6-m/nofp/libg.a(libc_a-mallocr.o) (_free_r)
/usr/lib/gcc/arm-none-eabi/13.2.1/../../../arm-none-eabi/lib/thumb/v6-m/nofp/libg.a(libc_a-memcmp.o)
                              CMakeFiles/Pratica6.dir/home/gabrielmachine/pico/pico-sdk/src/rp2_common/pico_atomic/atomic.c.o (memcmp)
/usr/lib/gcc/arm-none-eabi/13.2.1/../../../arm-none-eabi/lib/thumb/v6-m/nofp/libg.a(libc_a-malloc.o)
                              CMakeFiles/Pratica6.dir/home/gabrielmachine/pico/pico-sdk/src/rp2_common/pico_malloc/malloc.c.o (malloc)
/usr/lib/gcc/arm-none-eabi/13.2.1/../../../arm-none-eabi/lib/thumb/v6-m/nofp/libg.a(libc_a-sysconf.o)
                              /usr/lib/gcc/arm-none-eabi/13.2.1/../../../arm-none-eabi/lib/thumb/v6-m/nofp/libg.a(libc_a-mallocr.o) (sysconf)
/usr/lib/gcc/arm-none-eabi/13.2.1/../../../arm-none-eabi/lib/thumb/v6-m/nofp/libg.a(libc_a-init.o)
                              /usr/lib/gcc/arm-none-eabi/13.2.1/../../../arm-none-eabi/lib/thumb/v6-m/nofp/crt0.o (__libc_init_array)
/usr/lib/gcc/arm-none-eabi/13.2.1/../../../arm-none-eabi/lib/thumb/v6-m/nofp/libg.a(libc_a-reallocr.o)
                              /usr/lib/gcc/arm-none-eabi/13.2.1/../../../arm-none-eabi/lib/thumb/v6-m/nofp/libg.a(libc_a-realloc.o) (_realloc_r)
/usr/lib/gcc/arm-none-eabi/13.2.1/../../../arm-none-eabi/lib/thumb/v6-m/nofp/libg.a(libc_a-mktime.o)
                              CMakeFiles/Pratica6.dir/home/gabrielmachine/pico/pico-sdk/src/common/pico_util/datetime.c.o (mktime)
/usr/lib/gcc/arm-none-eabi/13.2.1/../../../arm-none-eabi/lib/thumb/v6-m/nofp/libg.a(libc_a-mlock.o)
                              /usr/lib/gcc/arm-none-eabi/13.2.1/../../../arm-none-eabi/lib/thumb/v6-m/nofp/libg.a(libc_a-mallocr.o) (__malloc_lock)
/usr/lib/gcc/arm-none-eabi/13.2.1/../../../arm-none-eabi/lib/thumb/v6-m/nofp/libg.a(libc_a-findfp.o)
                              /usr/lib/gcc/arm-none-eabi/13.2.1/../../../arm-none-eabi/lib/thumb/v6-m/nofp/libg.a(libc_a-impure.o) (__sf)
/usr/lib/gcc/arm-none-eabi/13.2.1/../../../arm-none-eabi/lib/thumb/v6-m/nofp/libg.a(libc_a-tzlock.o)
                              /usr/lib/gcc/arm-none-eabi/13.2.1/../../../arm-none-eabi/lib/thumb/v6-m/nofp/libg.a(libc_a-mktime.o) (__tz_lock)
/usr/lib/gcc/arm-none-eabi/13.2.1/../../../arm-none-eabi/lib/thumb/v6-m/nofp/libg.a(libc_a-atexit.o)
                              /usr/lib/gcc/arm-none-eabi/13.2.1/../../../arm-none-eabi/lib/thumb/v6-m/nofp/crt0.o (atexit)
/usr/lib/gcc/arm-none-eabi/13.2.1/../../../arm-none-eabi/lib/thumb/v6-m/nofp/libg.a(libc_a-lcltime_r.o)
                              CMakeFiles/Pratica6.dir/home/gabrielmachine/pico/pico-sdk/src/common/pico_util/datetime.c.o (localtime_r)
/usr/lib/gcc/arm-none-eabi/13.2.1/../../../arm-none-eabi/lib/thumb/v6-m/nofp/libg.a(libc_a-strlen-stub.o)
                              CMakeFiles/Pratica6.dir/home/gabrielmachine/pico/pico-sdk/src/rp2_common/pico_stdio/stdio.c.o (strlen)
/usr/lib/gcc/arm-none-eabi/13.2.1/../../../arm-none-eabi/lib/thumb/v6-m/nofp/libg.a(libc_a-sbrkr.o)
                              /usr/lib/gcc/arm-none-eabi/13.2.1/../../../arm-none-eabi/lib/thumb/v6-m/nofp/libg.a(libc_a-mallocr.o) (_sbrk_r)
/usr/lib/gcc/arm-none-eabi/13.2.1/../../../arm-none-eabi/lib/thumb/v6-m/nofp/libg.a(libc_a-fini.o)
[...]
Memory Configuration

Name             Origin             Length             Attributes
FLASH            0x10000000         0x00200000         xr
RAM              0x20000000         0x00040000         xrw
SCRATCH_X        0x20040000         0x00001000         xrw
SCRATCH_Y        0x20041000         0x00001000         xrw
*default*        0x00000000         0xffffffff

Linker script and memory map

LOAD /usr/lib/gcc/arm-none-eabi/13.2.1/thumb/v6-m/nofp/crti.o
LOAD /usr/lib/gcc/arm-none-eabi/13.2.1/thumb/v6-m/nofp/crtbegin.o
LOAD /usr/lib/gcc/arm-none-eabi/13.2.1/../../../arm-none-eabi/lib/thumb/v6-m/nofp/crt0.o

.flash_begin    0x10000000        0x0
                0x10000000                        __flash_binary_start = .

.boot2          0x10000000      0x100
                0x10000000                        __boot2_start__ = .
 *(.boot2)
 .boot2         0x10000000      0x100 pico-sdk/src/rp2040/boot_stage2/CMakeFiles/bs2_default_library.dir/bs2_default_padded_checksummed.S.o
                0x10000100                        __boot2_end__ = .
                0x00000001                        ASSERT (((__boot2_end__ - __boot2_start__) == 0x100), ERROR: Pico second stage bootloader must be 256 bytes in size)

.text           0x10000100     0x9fd4
                0x10000100                        __logical_binary_start = .
 *(.vectors)
 .vectors       0x10000100       0xd4 CMakeFiles/Pratica6.dir/home/gabrielmachine/pico/pico-sdk/src/rp2_common/pico_crt0/crt0.S.o
                0x10000100                __vectors
                0x10000100                __VECTOR_TABLE
                0x100001c0                isr_invalid
                0x100001c0                __default_isrs_start
                0x100001c2                isr_nmi
                0x100001c4                isr_hardfault
                0x100001c6                isr_svcall
                0x100001c8                isr_pendsv
                0x100001ca                isr_systick
                0x100001cc                isr_irq30
                0x100001cc                __unhandled_user_irq
                0x100001cc                isr_irq13
                0x100001cc                isr_irq27
                0x100001cc                isr_irq31
                0x100001cc                isr_irq5
                0x100001cc                isr_irq11
                0x100001cc                isr_irq23
                0x100001cc                isr_irq18
                0x100001cc                isr_irq28
                0x100001cc                isr_irq19
                0x100001cc                isr_irq0
                0x100001cc                isr_irq6
                0x100001cc                isr_irq22
                0x100001cc                isr_irq17
                0x100001cc                isr_irq14
                0x100001cc                isr_irq2
                0x100001cc                isr_irq10
                0x100001cc                isr_irq8
                0x100001cc                isr_irq24
                0x100001cc                isr_irq1
                0x100001cc                isr_irq7
                0x100001cc                isr_irq21
                0x100001cc                isr_irq20
                0x100001cc                isr_irq15
                0x100001cc                isr_irq25
                0x100001cc                isr_irq4
                0x100001cc                isr_irq16
                0x100001cc                isr_irq29
                0x100001cc                isr_irq26
                0x100001cc                __default_isrs_end
                0x100001cc                isr_irq3
                0x100001cc                isr_irq12
                0x100001cc                isr_irq9
                0x100001d2                unhandled_user_irq_num_in_r0
 *(.binary_info_header)
 .binary_info_header
                0x100001d4       0x14 CMakeFiles/Pratica6.dir/home/gabrielmachine/pico/pico-sdk/src/rp2_common/pico_crt0/crt0.S.o
                0x100001e8                        __binary_info_header_end = .
 *(.embedded_block)
                0x100001e8                        __embedded_block_end = .
 *(.reset)
 .reset         0x100001e8       0x9c CMakeFiles/Pratica6.dir/home/gabrielmachine/pico/pico-sdk/src/rp2_common/pico_crt0/crt0.S.o
                0x100001e8                _entry_point
 *(.init)
 .init          0x10000284        0x4 /usr/lib/gcc/arm-none-eabi/13.2.1/thumb/v6-m/nofp/crti.o
                0x10000284                _init
 *(EXCLUDE_FILE(*libm.a: *libc.a:*lib_a-mem*.o *libgcc.a:) .text*)
 .text          0x10000288       0x98 /usr/lib/gcc/arm-none-eabi/13.2.1/thumb/v6-m/nofp/crtbegin.o
 .text.vTaskLerPotenciometro
                0x10000320       0x64 CMakeFiles/Pratica6.dir/main.c.o
                0x10000320                vTaskLerPotenciometro
 .text.vTaskMostrarConteudo
                0x10000384       0x44 CMakeFiles/Pratica6.dir/main.c.o
                0x10000384                vTaskMostrarConteudo
 .text.startup.main
                0x100003c8       0x90 CMakeFiles/Pratica6.dir/main.c.o
                0x100003c8                main
 .text.gpio_set_function
                0x10000458       0x34 CMakeFiles/Pratica6.dir/home/gabrielmachine/pico/pico-sdk/src/rp2_common/hardware_gpio/gpio.c.o
                0x10000458                gpio_set_function
 .text.gpio_set_pulls
                0x1000048c       0x28 CMakeFiles/Pratica6.dir/home/gabrielmachine/pico/pico-sdk/src/rp2_common/hardware_gpio/gpio.c.o
                0x1000048c                gpio_set_pulls
 .text.gpio_set_input_enabled
                0x100004b4       0x28 CMakeFiles/Pratica6.dir/home/gabrielmachine/pico/pico-sdk/src/rp2_common/hardware_gpio/gpio.c.o
                0x100004b4                gpio_set_input_enabled
 .text.rp2040_chip_version
                0x100004dc        0xc CMakeFiles/Pratica6.dir/home/gabrielmachine/pico/pico-sdk/src/rp2040/pico_platform/platform.c.o
                0x100004dc                rp2040_chip_version
 .text.panic    0x100004e8       0x30 CMakeFiles/Pratica6.dir/home/gabrielmachine/pico/pico-sdk/src/rp2_common/pico_platform_panic/panic.c.o
                0x100004e8                panic
 .text.panic_unsupported
                0x10000518        0xc CMakeFiles/Pratica6.dir/home/gabrielmachine/pico/pico-sdk/src/rp2_common/pico_platform_panic/panic.c.o
                0x10000518                panic_unsupported
 .text.hw_claim_or_assert
                0x10000524       0x44 CMakeFiles/Pratica6.dir/home/gabrielmachine/pico/pico-sdk/src/common/hardware_claim/claim.c.o
                0x10000524                hw_claim_or_assert
 .text.hw_claim_unused_from_range
                0x10000568       0x9c CMakeFiles/Pratica6.dir/home/gabrielmachine/pico/pico-sdk/src/common/hardware_claim/claim.c.o
                0x10000568                hw_claim_unused_from_range
 .text.next_striped_spin_lock_num
                0x10000604       0x18 CMakeFiles/Pratica6.dir/home/gabrielmachine/pico/pico-sdk/src/rp2_common/hardware_sync/sync.c.o
                0x10000604                next_striped_spin_lock_num
 .text.spin_lock_claim
                0x1000061c       0x18 CMakeFiles/Pratica6.dir/home/gabrielmachine/pico/pico-sdk/src/rp2_common/hardware_sync/sync.c.o
                0x1000061c                spin_lock_claim
 .text.spin_lock_claim_unused
                0x10000634       0x24 CMakeFiles/Pratica6.dir/home/gabrielmachine/pico/pico-sdk/src/rp2_common/hardware_sync/sync.c.o
                0x10000634                spin_lock_claim_unused
 .text.spin_locks_reset
                0x10000658       0x1c CMakeFiles/Pratica6.dir/home/gabrielmachine/pico/pico-sdk/src/rp2_common/hardware_sync_spin_lock/sync_spin_lock.c.o
                0x10000658                spin_locks_reset
 .text.runtime_init_per_core_irq_priorities
                0x10000674       0x24 CMakeFiles/Pratica6.dir/home/gabrielmachine/pico/pico-sdk/src/rp2_common/hardware_irq/irq.c.o
                0x10000674                runtime_init_per_core_irq_priorities
 .text.irq_set_enabled
                0x10000698       0x24 CMakeFiles/Pratica6.dir/home/gabrielmachine/pico/pico-sdk/src/rp2_common/hardware_irq/irq.c.o
                0x10000698                irq_set_enabled
 .text.irq_is_enabled
                0x100006bc       0x18 CMakeFiles/Pratica6.dir/home/gabrielmachine/pico/pico-sdk/src/rp2_common/hardware_irq/irq.c.o
                0x100006bc                irq_is_enabled
 .text.irq_set_pending
                0x100006d4       0x10 CMakeFiles/Pratica6.dir/home/gabrielmachine/pico/pico-sdk/src/rp2_common/hardware_irq/irq.c.o
                0x100006d4                irq_set_pending
 .text.irq_has_shared_handler
                0x100006e4       0x24 CMakeFiles/Pratica6.dir/home/gabrielmachine/pico/pico-sdk/src/rp2_common/hardware_irq/irq.c.o
                0x100006e4                irq_has_shared_handler
 .text.irq_set_exclusive_handler
                0x10000708       0x54 CMakeFiles/Pratica6.dir/home/gabrielmachine/pico/pico-sdk/src/rp2_common/hardware_irq/irq.c.o
                0x10000708                irq_set_exclusive_handler
 .text.irq_add_shared_handler
                0x1000075c      0x1f4 CMakeFiles/Pratica6.dir/home/gabrielmachine/pico/pico-sdk/src/rp2_common/hardware_irq/irq.c.o
                0x1000075c                irq_add_shared_handler
 .text.irq_set_priority
                0x10000950       0x28 CMakeFiles/Pratica6.dir/home/gabrielmachine/pico/pico-sdk/src/rp2_common/hardware_irq/irq.c.o
                0x10000950                irq_set_priority
 .text.irq_add_tail_to_free_list
                0x10000978       0xb4 CMakeFiles/Pratica6.dir/home/gabrielmachine/pico/pico-sdk/src/rp2_common/hardware_irq/irq.c.o
                0x10000978                irq_add_tail_to_free_list
 .text.user_irq_claim_unused
                0x10000a2c       0x2c CMakeFiles/Pratica6.dir/home/gabrielmachine/pico/pico-sdk/src/rp2_common/hardware_irq/irq.c.o
                0x10000a2c                user_irq_claim_unused
 .text.lock_init
                0x10000a58       0x10 CMakeFiles/Pratica6.dir/home/gabrielmachine/pico/pico-sdk/src/common/pico_sync/lock_core.c.o
                0x10000a58                lock_init
 .text.runtime_init_mutex
                0x10000a68       0x54 CMakeFiles/Pratica6.dir/home/gabrielmachine/pico/pico-sdk/src/common/pico_sync/mutex.c.o
                0x10000a68                runtime_init_mutex
 .text.mutex_init
                0x10000abc       0x1c CMakeFiles/Pratica6.dir/home/gabrielmachine/pico/pico-sdk/src/common/pico_sync/mutex.c.o
                0x10000abc                mutex_init
 .text.critical_section_init
                0x10000ad8       0x1c CMakeFiles/Pratica6.dir/home/gabrielmachine/pico/pico-sdk/src/common/pico_sync/critical_section.c.o
                0x10000ad8                critical_section_init
 .text.critical_section_init_with_lock_num
                0x10000af4       0x14 CMakeFiles/Pratica6.dir/home/gabrielmachine/pico/pico-sdk/src/common/pico_sync/critical_section.c.o
                0x10000af4                critical_section_init_with_lock_num
 .text.alarm_pool_irq_handler
                0x10000b08      0x2fc CMakeFiles/Pratica6.dir/home/gabrielmachine/pico/pico-sdk/src/common/pico_time/time.c.o
 .text.sleep_until_callback
                0x10000e04       0x24 CMakeFiles/Pratica6.dir/home/gabrielmachine/pico/pico-sdk/src/common/pico_time/time.c.o
 .text.runtime_init_default_alarm_pool
                0x10000e28       0xdc CMakeFiles/Pratica6.dir/home/gabrielmachine/pico/pico-sdk/src/common/pico_time/time.c.o
                0x10000e28                runtime_init_default_alarm_pool
 .text.alarm_pool_get_default
                0x10000f04        0x8 CMakeFiles/Pratica6.dir/home/gabrielmachine/pico/pico-sdk/src/common/pico_time/time.c.o
                0x10000f04                alarm_pool_get_default
 .text.alarm_pool_add_alarm_at
                0x10000f0c       0xd4 CMakeFiles/Pratica6.dir/home/gabrielmachine/pico/pico-sdk/src/common/pico_time/time.c.o
                0x10000f0c                alarm_pool_add_alarm_at
 .text.alarm_pool_add_alarm_at_force_in_context
                0x10000fe0       0xb0 CMakeFiles/Pratica6.dir/home/gabrielmachine/pico/pico-sdk/src/common/pico_time/time.c.o
                0x10000fe0                alarm_pool_add_alarm_at_force_in_context
 .text.alarm_pool_cancel_alarm
                0x10001090       0x74 CMakeFiles/Pratica6.dir/home/gabrielmachine/pico/pico-sdk/src/common/pico_time/time.c.o
                0x10001090                alarm_pool_cancel_alarm
 .text.alarm_pool_core_num
                0x10001104        0x4 CMakeFiles/Pratica6.dir/home/gabrielmachine/pico/pico-sdk/src/common/pico_time/time.c.o
                0x10001104                alarm_pool_core_num
 .text.best_effort_wfe_or_timeout
                0x10001108       0xf8 CMakeFiles/Pratica6.dir/home/gabrielmachine/pico/pico-sdk/src/common/pico_time/time.c.o
                0x10001108                best_effort_wfe_or_timeout
 .text.timer_hardware_alarm_claim
                0x10001200       0x14 CMakeFiles/Pratica6.dir/home/gabrielmachine/pico/pico-sdk/src/rp2_common/hardware_timer/timer.c.o
                0x10001200                timer_hardware_alarm_claim
 .text.timer_time_us_64
                0x10001214       0x10 CMakeFiles/Pratica6.dir/home/gabrielmachine/pico/pico-sdk/src/rp2_common/hardware_timer/timer.c.o
                0x10001214                timer_time_us_64
 .text.time_us_64
                0x10001224       0x14 CMakeFiles/Pratica6.dir/home/gabrielmachine/pico/pico-sdk/src/rp2_common/hardware_timer/timer.c.o
                0x10001224                time_us_64
 .text.clock_configure_int_divider
                0x10001238       0xf4 CMakeFiles/Pratica6.dir/home/gabrielmachine/pico/pico-sdk/src/rp2_common/hardware_clocks/clocks.c.o
                0x10001238                clock_configure_int_divider
 .text.clock_configure_undivided
                0x1000132c       0xe8 CMakeFiles/Pratica6.dir/home/gabrielmachine/pico/pico-sdk/src/rp2_common/hardware_clocks/clocks.c.o
                0x1000132c                clock_configure_undivided
 .text.clock_get_hz
                0x10001414        0xc CMakeFiles/Pratica6.dir/home/gabrielmachine/pico/pico-sdk/src/rp2_common/hardware_clocks/clocks.c.o
                0x10001414                clock_get_hz
 .text.pll_init
                0x10001420       0xa4 CMakeFiles/Pratica6.dir/home/gabrielmachine/pico/pico-sdk/src/rp2_common/hardware_pll/pll.c.o
                0x10001420                pll_init
 .text.watchdog_reboot
                0x100014c4       0x9c CMakeFiles/Pratica6.dir/home/gabrielmachine/pico/pico-sdk/src/rp2_common/hardware_watchdog/watchdog.c.o
                0x100014c4                watchdog_reboot
 .text.tick_start
                0x10001560       0x10 CMakeFiles/Pratica6.dir/home/gabrielmachine/pico/pico-sdk/src/rp2_common/hardware_ticks/ticks.c.o
                0x10001560                tick_start
 .text.rom_func_lookup
                0x10001570       0x10 CMakeFiles/Pratica6.dir/home/gabrielmachine/pico/pico-sdk/src/rp2_common/pico_bootrom/bootrom.c.o
                0x10001570                rom_func_lookup
 .text.rom_data_lookup
                0x10001580       0x10 CMakeFiles/Pratica6.dir/home/gabrielmachine/pico/pico-sdk/src/rp2_common/pico_bootrom/bootrom.c.o
                0x10001580                rom_data_lookup
 .text.rom_funcs_lookup
                0x10001590       0x44 CMakeFiles/Pratica6.dir/home/gabrielmachine/pico/pico-sdk/src/rp2_common/pico_bootrom/bootrom.c.o
                0x10001590                rom_funcs_lookup
 .text.rom_reset_usb_boot_extra
                0x100015d4       0x28 CMakeFiles/Pratica6.dir/home/gabrielmachine/pico/pico-sdk/src/rp2_common/pico_bootrom/bootrom.c.o
                0x100015d4                rom_reset_usb_boot_extra
 .text.xosc_init
                0x100015fc       0x28 CMakeFiles/Pratica6.dir/home/gabrielmachine/pico/pico-sdk/src/rp2_common/hardware_xosc/xosc.c.o
                0x100015fc                xosc_init
 .text.first_per_core_initializer
                0x10001624        0x4 CMakeFiles/Pratica6.dir/home/gabrielmachine/pico/pico-sdk/src/rp2_common/pico_runtime/runtime.c.o
 .text.hard_assertion_failure
                0x10001628        0xc CMakeFiles/Pratica6.dir/home/gabrielmachine/pico/pico-sdk/src/rp2_common/pico_runtime/runtime.c.o
                0x10001628                hard_assertion_failure
 .text.runtime_run_initializers
                0x10001634       0x28 CMakeFiles/Pratica6.dir/home/gabrielmachine/pico/pico-sdk/src/rp2_common/pico_runtime/runtime.c.o
                0x10001634                runtime_run_initializers
 .text.runtime_run_per_core_initializers
                0x1000165c       0x28 CMakeFiles/Pratica6.dir/home/gabrielmachine/pico/pico-sdk/src/rp2_common/pico_runtime/runtime.c.o
                0x1000165c                runtime_run_per_core_initializers
 .text.runtime_init_early_resets
                0x10001684       0x2c CMakeFiles/Pratica6.dir/home/gabrielmachine/pico/pico-sdk/src/rp2_common/pico_runtime_init/runtime_init.c.o
                0x10001684                runtime_init_early_resets
 .text.runtime_init_usb_power_down
                0x100016b0       0x1c CMakeFiles/Pratica6.dir/home/gabrielmachine/pico/pico-sdk/src/rp2_common/pico_runtime_init/runtime_init.c.o
                0x100016b0                runtime_init_usb_power_down
 .text.runtime_init_post_clock_resets
                0x100016cc       0x20 CMakeFiles/Pratica6.dir/home/gabrielmachine/pico/pico-sdk/src/rp2_common/pico_runtime_init/runtime_init.c.o
                0x100016cc                runtime_init_post_clock_resets
 .text.runtime_init_rp2040_gpio_ie_disable
                0x100016ec       0x14 CMakeFiles/Pratica6.dir/home/gabrielmachine/pico/pico-sdk/src/rp2_common/pico_runtime_init/runtime_init.c.o
                0x100016ec                runtime_init_rp2040_gpio_ie_disable
 .text.runtime_init_spin_locks_reset
                0x10001700        0x8 CMakeFiles/Pratica6.dir/home/gabrielmachine/pico/pico-sdk/src/rp2_common/pico_runtime_init/runtime_init.c.o
                0x10001700                runtime_init_spin_locks_reset
 .text.runtime_init_install_ram_vector_table
                0x10001708       0x1c CMakeFiles/Pratica6.dir/home/gabrielmachine/pico/pico-sdk/src/rp2_common/pico_runtime_init/runtime_init.c.o
                0x10001708                runtime_init_install_ram_vector_table
 .text.runtime_init_clocks
                0x10001724       0xd8 CMakeFiles/Pratica6.dir/home/gabrielmachine/pico/pico-sdk/src/rp2_common/pico_runtime_init/runtime_init_clocks.c.o
                0x10001724                runtime_init_clocks
 .text          0x100017fc       0x10 CMakeFiles/Pratica6.dir/home/gabrielmachine/pico/pico-sdk/src/rp2_common/pico_bit_ops/bit_ops_aeabi.S.o
 .text.__wrap___aeabi_idiv
                0x1000180c       0x50 CMakeFiles/Pratica6.dir/home/gabrielmachine/pico/pico-sdk/src/rp2_common/pico_divider/divider_hardware.S.o
                0x1000180c                __wrap___aeabi_idivmod
                0x1000180c                divmod_s32s32
                0x1000180c                div_s32s32
                0x1000180c                __wrap___aeabi_idiv
                0x10001814                divmod_s32s32_unsafe
                0x10001840                divmod_s32s32_savestate
 .text.__wrap___aeabi_uidiv
                0x1000185c       0x4c CMakeFiles/Pratica6.dir/home/gabrielmachine/pico/pico-sdk/src/rp2_common/pico_divider/divider_hardware.S.o
                0x1000185c                __wrap___aeabi_uidiv
                0x1000185c                __wrap___aeabi_uidivmod
                0x1000185c                div_u32u32
                0x1000185c                divmod_u32u32
                0x10001864                divmod_u32u32_unsafe
                0x1000188c                divmod_u32u32_savestate
 .text.__wrap___aeabi_ldiv
                0x100018a8      0x424 CMakeFiles/Pratica6.dir/home/gabrielmachine/pico/pico-sdk/src/rp2_common/pico_divider/divider_hardware.S.o
                0x100018a8                div_s64s64
                0x100018a8                divmod_s64s64
                0x100018a8                __wrap___aeabi_ldivmod
                0x100018d8                div_u64u64
                0x100018d8                divmod_u64u64
                0x100018d8                __wrap___aeabi_uldivmod
                0x100018e8                divmod_u64u64_savestate
                0x10001908                divmod_s64s64_unsafe
                0x10001990                divmod_u64u64_unsafe
 .text.__wrap___aeabi_darithmetic
                0x10001ccc       0x80 CMakeFiles/Pratica6.dir/home/gabrielmachine/pico/pico-sdk/src/rp2_common/pico_double/double_aeabi_rp2040.S.o
                0x10001ccc                __wrap___aeabi_drsub
                0x10001cd2                __wrap___aeabi_dsub
                0x10001ce4                __wrap___aeabi_dadd
                0x10001cf6                __wrap___aeabi_ddiv
                0x10001d32                __wrap___aeabi_dmul
 .text.__wrap___aeabi_cdcmple
                0x10001d4c       0x6c CMakeFiles/Pratica6.dir/home/gabrielmachine/pico/pico-sdk/src/rp2_common/pico_double/double_aeabi_rp2040.S.o
                0x10001d4c                __wrap___aeabi_cdrcmple
                0x10001d5c                __wrap___aeabi_cdcmple
                0x10001d5c                __wrap___aeabi_cdcmpeq
 .text.__wrap___aeabi_dcmplt
                0x10001db8        0xc CMakeFiles/Pratica6.dir/home/gabrielmachine/pico/pico-sdk/src/rp2_common/pico_double/double_aeabi_rp2040.S.o
                0x10001db8                __wrap___aeabi_dcmplt
 .text.__wrap___aeabi_dcmpge
                0x10001dc4       0x10 CMakeFiles/Pratica6.dir/home/gabrielmachine/pico/pico-sdk/src/rp2_common/pico_double/double_aeabi_rp2040.S.o
                0x10001dc4                __wrap___aeabi_dcmpge
 .text.__wrap___aeabi_dcmpgt
                0x10001dd4        0xa CMakeFiles/Pratica6.dir/home/gabrielmachine/pico/pico-sdk/src/rp2_common/pico_double/double_aeabi_rp2040.S.o
                0x10001dd4                __wrap___aeabi_dcmpgt
 .text.__wrap___aeabi_dcmpun
                0x10001dde       0x18 CMakeFiles/Pratica6.dir/home/gabrielmachine/pico/pico-sdk/src/rp2_common/pico_double/double_aeabi_rp2040.S.o
                0x10001dde                __wrap___aeabi_dcmpun
 *fill*         0x10001df6        0x2 
 .text.__wrap___aeabi_i2d
                0x10001df8       0x38 CMakeFiles/Pratica6.dir/home/gabrielmachine/pico/pico-sdk/src/rp2_common/pico_double/double_aeabi_rp2040.S.o
                0x10001df8                __wrap___aeabi_ui2d
                0x10001df8                uint2double
                0x10001e00                __wrap___aeabi_i2d
                0x10001e00                int2double
 .text.__wrap___aeabi_d2iz
                0x10001e30       0x48 CMakeFiles/Pratica6.dir/home/gabrielmachine/pico/pico-sdk/src/rp2_common/pico_double/double_aeabi_rp2040.S.o
                0x10001e30                __wrap___aeabi_d2iz
                0x10001e30                double2int_z
 .text.__wrap___aeabi_d2uiz
                0x10001e78       0x18 CMakeFiles/Pratica6.dir/home/gabrielmachine/pico/pico-sdk/src/rp2_common/pico_double/double_aeabi_rp2040.S.o
                0x10001e78                double2uint_z
                0x10001e78                double2uint
                0x10001e78                __wrap___aeabi_d2uiz
 .text.__aeabi_double_init
                0x10001e90       0xa4 CMakeFiles/Pratica6.dir/home/gabrielmachine/pico/pico-sdk/src/rp2_common/pico_double/double_init_rom_rp2040.c.o
                0x10001e90                __aeabi_double_init
 .text.double_table_shim_on_use_helper
                0x10001f34       0x2c CMakeFiles/Pratica6.dir/home/gabrielmachine/pico/pico-sdk/src/rp2_common/pico_double/double_v1_rom_shim_rp2040.S.o
                0x10001f34                double_table_shim_on_use_helper
 .text.__wrap___aeabi_dsub
                0x10001f60       0x10 CMakeFiles/Pratica6.dir/home/gabrielmachine/pico/pico-sdk/src/rp2_common/pico_double/double_v1_rom_shim_rp2040.S.o
                0x10001f60                drsub_shim
                0x10001f66                dsub_shim
 .text.dadd_shim
                0x10001f70      0x15c CMakeFiles/Pratica6.dir/home/gabrielmachine/pico/pico-sdk/src/rp2_common/pico_double/double_v1_rom_shim_rp2040.S.o
                0x10001f70                dadd_shim
 .text.dmul_shim
                0x100020cc      0x15c CMakeFiles/Pratica6.dir/home/gabrielmachine/pico/pico-sdk/src/rp2_common/pico_double/double_v1_rom_shim_rp2040.S.o
                0x100020cc                dmul_shim
 .text.ddiv_shim
                0x10002228      0x1b0 CMakeFiles/Pratica6.dir/home/gabrielmachine/pico/pico-sdk/src/rp2_common/pico_double/double_v1_rom_shim_rp2040.S.o
                0x10002228                ddiv_shim
 .text.double2uint_shim
                0x100023d8        0xe CMakeFiles/Pratica6.dir/home/gabrielmachine/pico/pico-sdk/src/rp2_common/pico_double/double_v1_rom_shim_rp2040.S.o
                0x100023d8                double2uint_shim
                0x100023da                double2ufix_shim
 *fill*         0x100023e6        0x2 
 .text.double2uint64_shim
                0x100023e8       0x70 CMakeFiles/Pratica6.dir/home/gabrielmachine/pico/pico-sdk/src/rp2_common/pico_double/double_v1_rom_shim_rp2040.S.o
                0x100023e8                double2uint64_shim
                0x100023ea                double2ufix64_shim
                0x1000240a                d2fix_a
 .text.dunpacks
                0x10002458       0x3c CMakeFiles/Pratica6.dir/home/gabrielmachine/pico/pico-sdk/src/rp2_common/pico_double/double_v1_rom_shim_rp2040.S.o
                0x10002458                dunpacks
 .text.__aeabi_lmul
                0x10002494       0x32 CMakeFiles/Pratica6.dir/home/gabrielmachine/pico/pico-sdk/src/rp2_common/pico_int64_ops/pico_int64_ops_aeabi.S.o
                0x10002494                __wrap___aeabi_lmul
 *fill*         0x100024c6        0x2 
 .text.__aeabi_float_init
                0x100024c8       0x64 CMakeFiles/Pratica6.dir/home/gabrielmachine/pico/pico-sdk/src/rp2_common/pico_float/float_init_rom_rp2040.c.o
                0x100024c8                __aeabi_float_init
 .text.float_table_shim_on_use_helper
                0x1000252c       0x2c CMakeFiles/Pratica6.dir/home/gabrielmachine/pico/pico-sdk/src/rp2_common/pico_float/float_v1_rom_shim_rp2040.S.o
                0x1000252c                float_table_shim_on_use_helper
 .text          0x10002558       0x10 CMakeFiles/Pratica6.dir/home/gabrielmachine/pico/pico-sdk/src/rp2_common/pico_mem_ops/mem_ops_aeabi.S.o
                0x10002558                __aeabi_mem_init
 .text.memset   0x10002568        0xc CMakeFiles/Pratica6.dir/home/gabrielmachine/pico/pico-sdk/src/rp2_common/pico_mem_ops/mem_ops_aeabi.S.o
                0x10002568                __wrap_memset
 .text.memcpy   0x10002574        0xc CMakeFiles/Pratica6.dir/home/gabrielmachine/pico/pico-sdk/src/rp2_common/pico_mem_ops/mem_ops_aeabi.S.o
                0x10002574                __wrap___aeabi_memcpy
                0x10002574                __wrap_memcpy
 .text._out_null
                0x10002580        0x4 CMakeFiles/Pratica6.dir/home/gabrielmachine/pico/pico-sdk/src/rp2_common/pico_printf/printf.c.o
 .text._out_rev
                0x10002584       0xac CMakeFiles/Pratica6.dir/home/gabrielmachine/pico/pico-sdk/src/rp2_common/pico_printf/printf.c.o
 .text._ntoa_format
                0x10002630      0x250 CMakeFiles/Pratica6.dir/home/gabrielmachine/pico/pico-sdk/src/rp2_common/pico_printf/printf.c.o
 .text._out_char
                0x10002880       0x10 CMakeFiles/Pratica6.dir/home/gabrielmachine/pico/pico-sdk/src/rp2_common/pico_printf/printf.c.o
 .text._out_fct
                0x10002890       0x10 CMakeFiles/Pratica6.dir/home/gabrielmachine/pico/pico-sdk/src/rp2_common/pico_printf/printf.c.o
 .text._etoa    0x100028a0      0x464 CMakeFiles/Pratica6.dir/home/gabrielmachine/pico/pico-sdk/src/rp2_common/pico_printf/printf.c.o
 .text._ftoa    0x10002d04      0x3c0 CMakeFiles/Pratica6.dir/home/gabrielmachine/pico/pico-sdk/src/rp2_common/pico_printf/printf.c.o
 .text._vsnprintf
                0x100030c4      0xbc8 CMakeFiles/Pratica6.dir/home/gabrielmachine/pico/pico-sdk/src/rp2_common/pico_printf/printf.c.o
 .text.vfctprintf
                0x10003c8c       0x20 CMakeFiles/Pratica6.dir/home/gabrielmachine/pico/pico-sdk/src/rp2_common/pico_printf/printf.c.o
                0x10003c8c                vfctprintf
 .text.weak_raw_vprintf
                0x10003cac       0x30 CMakeFiles/Pratica6.dir/home/gabrielmachine/pico/pico-sdk/src/rp2_common/pico_printf/printf.c.o
                0x10003cac                weak_raw_vprintf
 .text._exit    0x10003cdc        0x4 CMakeFiles/Pratica6.dir/home/gabrielmachine/pico/pico-sdk/src/rp2_common/pico_clib_interface/newlib_interface.c.o
                0x10003cdc                _exit
 .text.exit     0x10003ce0        0x8 CMakeFiles/Pratica6.dir/home/gabrielmachine/pico/pico-sdk/src/rp2_common/pico_clib_interface/newlib_interface.c.o
                0x10003ce0                exit
 .text.runtime_init
                0x10003ce8       0x2c CMakeFiles/Pratica6.dir/home/gabrielmachine/pico/pico-sdk/src/rp2_common/pico_clib_interface/newlib_interface.c.o
                0x10003ce8                runtime_init
 .text.stdio_out_chars_no_crlf
                0x10003d14       0x10 CMakeFiles/Pratica6.dir/home/gabrielmachine/pico/pico-sdk/src/rp2_common/pico_stdio/stdio.c.o
 .text.stdio_out_chars_crlf
                0x10003d24       0x94 CMakeFiles/Pratica6.dir/home/gabrielmachine/pico/pico-sdk/src/rp2_common/pico_stdio/stdio.c.o
 .text.stdio_buffered_printer
                0x10003db8       0x64 CMakeFiles/Pratica6.dir/home/gabrielmachine/pico/pico-sdk/src/rp2_common/pico_stdio/stdio.c.o
 .text.stdio_put_string
                0x10003e1c      0x100 CMakeFiles/Pratica6.dir/home/gabrielmachine/pico/pico-sdk/src/rp2_common/pico_stdio/stdio.c.o
                0x10003e1c                stdio_put_string
 .text.stdio_set_driver_enabled
                0x10003f1c       0x30 CMakeFiles/Pratica6.dir/home/gabrielmachine/pico/pico-sdk/src/rp2_common/pico_stdio/stdio.c.o
                0x10003f1c                stdio_set_driver_enabled
 .text.stdio_init_all
                0x10003f4c        0x8 CMakeFiles/Pratica6.dir/home/gabrielmachine/pico/pico-sdk/src/rp2_common/pico_stdio/stdio.c.o
                0x10003f4c                stdio_init_all
 .text.__wrap_putchar
                0x10003f54       0x98 CMakeFiles/Pratica6.dir/home/gabrielmachine/pico/pico-sdk/src/rp2_common/pico_stdio/stdio.c.o
                0x10003f54                stdio_putchar
                0x10003f54                __wrap_putchar
 .text.__wrap_puts
                0x10003fec       0x3c CMakeFiles/Pratica6.dir/home/gabrielmachine/pico/pico-sdk/src/rp2_common/pico_stdio/stdio.c.o
                0x10003fec                __wrap_puts
                0x10003fec                stdio_puts
 .text.__wrap_vprintf
                0x10004028       0xd4 CMakeFiles/Pratica6.dir/home/gabrielmachine/pico/pico-sdk/src/rp2_common/pico_stdio/stdio.c.o
                0x10004028                __wrap_vprintf
                0x10004028                stdio_vprintf
 .text.__wrap_printf
                0x100040fc       0x18 CMakeFiles/Pratica6.dir/home/gabrielmachine/pico/pico-sdk/src/rp2_common/pico_stdio/stdio.c.o
                0x100040fc                stdio_printf
                0x100040fc                __wrap_printf
 .text.resetd_init
                0x10004114        0x4 CMakeFiles/Pratica6.dir/home/gabrielmachine/pico/pico-sdk/src/rp2_common/pico_stdio_usb/reset_interface.c.o
 .text.resetd_reset
                0x10004118        0xc CMakeFiles/Pratica6.dir/home/gabrielmachine/pico/pico-sdk/src/rp2_common/pico_stdio_usb/reset_interface.c.o
 .text.resetd_open
                0x10004124       0x28 CMakeFiles/Pratica6.dir/home/gabrielmachine/pico/pico-sdk/src/rp2_common/pico_stdio_usb/reset_interface.c.o
 .text.resetd_xfer_cb
                0x1000414c        0x4 CMakeFiles/Pratica6.dir/home/gabrielmachine/pico/pico-sdk/src/rp2_common/pico_stdio_usb/reset_interface.c.o
 .text.resetd_control_xfer_cb
                0x10004150       0x5c CMakeFiles/Pratica6.dir/home/gabrielmachine/pico/pico-sdk/src/rp2_common/pico_stdio_usb/reset_interface.c.o
 .text.tud_descriptor_bos_cb
                0x100041ac        0x8 CMakeFiles/Pratica6.dir/home/gabrielmachine/pico/pico-sdk/src/rp2_common/pico_stdio_usb/reset_interface.c.o
                0x100041ac                tud_descriptor_bos_cb
 .text.tud_vendor_control_xfer_cb
                0x100041b4       0x34 CMakeFiles/Pratica6.dir/home/gabrielmachine/pico/pico-sdk/src/rp2_common/pico_stdio_usb/reset_interface.c.o
                0x100041b4                tud_vendor_control_xfer_cb
 .text.usbd_app_driver_get_cb
                0x100041e8        0xc CMakeFiles/Pratica6.dir/home/gabrielmachine/pico/pico-sdk/src/rp2_common/pico_stdio_usb/reset_interface.c.o
                0x100041e8                usbd_app_driver_get_cb
 .text.tud_cdc_line_coding_cb
                0x100041f4       0x2c CMakeFiles/Pratica6.dir/home/gabrielmachine/pico/pico-sdk/src/rp2_common/pico_stdio_usb/reset_interface.c.o
                0x100041f4                tud_cdc_line_coding_cb
 .text.stdio_usb_set_chars_available_callback
                0x10004220       0x14 CMakeFiles/Pratica6.dir/home/gabrielmachine/pico/pico-sdk/src/rp2_common/pico_stdio_usb/stdio_usb.c.o
                0x10004220                stdio_usb_set_chars_available_callback
 .text.usb_irq  0x10004234       0x10 CMakeFiles/Pratica6.dir/home/gabrielmachine/pico/pico-sdk/src/rp2_common/pico_stdio_usb/stdio_usb.c.o
 .text.timer_task
                0x10004244       0x64 CMakeFiles/Pratica6.dir/home/gabrielmachine/pico/pico-sdk/src/rp2_common/pico_stdio_usb/stdio_usb.c.o
 .text.stdio_usb_in_chars
                0x100042a8       0x90 CMakeFiles/Pratica6.dir/home/gabrielmachine/pico/pico-sdk/src/rp2_common/pico_stdio_usb/stdio_usb.c.o
                0x100042a8                stdio_usb_in_chars
 .text.stdio_usb_out_flush
                0x10004338       0x50 CMakeFiles/Pratica6.dir/home/gabrielmachine/pico/pico-sdk/src/rp2_common/pico_stdio_usb/stdio_usb.c.o
 .text.stdio_usb_out_chars
                0x10004388      0x104 CMakeFiles/Pratica6.dir/home/gabrielmachine/pico/pico-sdk/src/rp2_common/pico_stdio_usb/stdio_usb.c.o
 .text.low_priority_worker_irq
                0x1000448c       0xcc CMakeFiles/Pratica6.dir/home/gabrielmachine/pico/pico-sdk/src/rp2_common/pico_stdio_usb/stdio_usb.c.o
 .text.stdio_usb_init
                0x10004558       0xec CMakeFiles/Pratica6.dir/home/gabrielmachine/pico/pico-sdk/src/rp2_common/pico_stdio_usb/stdio_usb.c.o
                0x10004558                stdio_usb_init
 .text.tud_descriptor_device_cb
                0x10004644        0x8 CMakeFiles/Pratica6.dir/home/gabrielmachine/pico/pico-sdk/src/rp2_common/pico_stdio_usb/stdio_usb_descriptors.c.o
                0x10004644                tud_descriptor_device_cb
 .text.tud_descriptor_configuration_cb
                0x1000464c        0x8 CMakeFiles/Pratica6.dir/home/gabrielmachine/pico/pico-sdk/src/rp2_common/pico_stdio_usb/stdio_usb_descriptors.c.o
                0x1000464c                tud_descriptor_configuration_cb
 .text.tud_descriptor_string_cb
                0x10004654       0x78 CMakeFiles/Pratica6.dir/home/gabrielmachine/pico/pico-sdk/src/rp2_common/pico_stdio_usb/stdio_usb_descriptors.c.o
                0x10004654                tud_descriptor_string_cb
 .text.startup._retrieve_unique_id_on_boot
                0x100046cc       0x10 CMakeFiles/Pratica6.dir/home/gabrielmachine/pico/pico-sdk/src/rp2_common/pico_unique_id/unique_id.c.o
 .text.pico_get_unique_board_id_string
                0x100046dc      0x1a8 CMakeFiles/Pratica6.dir/home/gabrielmachine/pico/pico-sdk/src/rp2_common/pico_unique_id/unique_id.c.o
                0x100046dc                pico_get_unique_board_id_string
 .text.flash_get_unique_id
                0x10004884       0x3c CMakeFiles/Pratica6.dir/home/gabrielmachine/pico/pico-sdk/src/rp2_common/hardware_flash/flash.c.o
                0x10004884                flash_get_unique_id
 .text.dcd_init
                0x100048c0       0x90 CMakeFiles/Pratica6.dir/home/gabrielmachine/pico/pico-sdk/lib/tinyusb/src/portable/raspberrypi/rp2040/dcd_rp2040.c.o
                0x100048c0                dcd_init
 .text.dcd_int_enable
                0x10004950        0xc CMakeFiles/Pratica6.dir/home/gabrielmachine/pico/pico-sdk/lib/tinyusb/src/portable/raspberrypi/rp2040/dcd_rp2040.c.o
                0x10004950                dcd_int_enable
 .text.dcd_set_address
                0x1000495c       0x14 CMakeFiles/Pratica6.dir/home/gabrielmachine/pico/pico-sdk/lib/tinyusb/src/portable/raspberrypi/rp2040/dcd_rp2040.c.o
                0x1000495c                dcd_set_address
 .text.dcd_sof_enable
                0x10004970       0x1c CMakeFiles/Pratica6.dir/home/gabrielmachine/pico/pico-sdk/lib/tinyusb/src/portable/raspberrypi/rp2040/dcd_rp2040.c.o
                0x10004970                dcd_sof_enable
 .text.dcd_edpt0_status_complete
                0x1000498c       0x1c CMakeFiles/Pratica6.dir/home/gabrielmachine/pico/pico-sdk/lib/tinyusb/src/portable/raspberrypi/rp2040/dcd_rp2040.c.o
                0x1000498c                dcd_edpt0_status_complete
 .text.dcd_edpt_open
                0x100049a8      0x114 CMakeFiles/Pratica6.dir/home/gabrielmachine/pico/pico-sdk/lib/tinyusb/src/portable/raspberrypi/rp2040/dcd_rp2040.c.o
                0x100049a8                dcd_edpt_open
 .text.dcd_edpt_close_all
                0x10004abc        0x8 CMakeFiles/Pratica6.dir/home/gabrielmachine/pico/pico-sdk/lib/tinyusb/src/portable/raspberrypi/rp2040/dcd_rp2040.c.o
                0x10004abc                dcd_edpt_close_all
 .text.dcd_edpt_xfer
                0x10004ac4       0x24 CMakeFiles/Pratica6.dir/home/gabrielmachine/pico/pico-sdk/lib/tinyusb/src/portable/raspberrypi/rp2040/dcd_rp2040.c.o
                0x10004ac4                dcd_edpt_xfer
 .text.dcd_edpt_stall
                0x10004ae8       0x34 CMakeFiles/Pratica6.dir/home/gabrielmachine/pico/pico-sdk/lib/tinyusb/src/portable/raspberrypi/rp2040/dcd_rp2040.c.o
                0x10004ae8                dcd_edpt_stall
 .text.dcd_edpt_clear_stall
                0x10004b1c       0x30 CMakeFiles/Pratica6.dir/home/gabrielmachine/pico/pico-sdk/lib/tinyusb/src/portable/raspberrypi/rp2040/dcd_rp2040.c.o
                0x10004b1c                dcd_edpt_clear_stall
 .text.rp2040_usb_init
                0x10004b4c       0x40 CMakeFiles/Pratica6.dir/home/gabrielmachine/pico/pico-sdk/lib/tinyusb/src/portable/raspberrypi/rp2040/rp2040_usb.c.o
                0x10004b4c                rp2040_usb_init
 .text.hw_endpoint_xfer_start
                0x10004b8c       0x40 CMakeFiles/Pratica6.dir/home/gabrielmachine/pico/pico-sdk/lib/tinyusb/src/portable/raspberrypi/rp2040/rp2040_usb.c.o
                0x10004b8c                hw_endpoint_xfer_start
 .text.tud_event_hook_cb
                0x10004bcc        0x4 CMakeFiles/Pratica6.dir/home/gabrielmachine/pico/pico-sdk/lib/tinyusb/src/device/usbd.c.o
                0x10004bcc                tud_event_hook_cb
 .text.tud_sof_cb
                0x10004bd0        0x4 CMakeFiles/Pratica6.dir/home/gabrielmachine/pico/pico-sdk/lib/tinyusb/src/device/usbd.c.o
                0x10004bd0                tud_sof_cb
 .text.tud_descriptor_device_qualifier_cb
                0x10004bd4        0x4 CMakeFiles/Pratica6.dir/home/gabrielmachine/pico/pico-sdk/lib/tinyusb/src/device/usbd.c.o
                0x10004bd4                tud_descriptor_device_qualifier_cb
 .text.tud_descriptor_other_speed_configuration_cb
                0x10004bd8        0x4 CMakeFiles/Pratica6.dir/home/gabrielmachine/pico/pico-sdk/lib/tinyusb/src/device/usbd.c.o
                0x10004bd8                tud_descriptor_other_speed_configuration_cb
 .text.tud_mount_cb
                0x10004bdc        0x4 CMakeFiles/Pratica6.dir/home/gabrielmachine/pico/pico-sdk/lib/tinyusb/src/device/usbd.c.o
                0x10004bdc                tud_mount_cb
 .text.tud_umount_cb
                0x10004be0        0x4 CMakeFiles/Pratica6.dir/home/gabrielmachine/pico/pico-sdk/lib/tinyusb/src/device/usbd.c.o
                0x10004be0                tud_umount_cb
 .text.tud_suspend_cb
                0x10004be4        0x4 CMakeFiles/Pratica6.dir/home/gabrielmachine/pico/pico-sdk/lib/tinyusb/src/device/usbd.c.o
                0x10004be4                tud_suspend_cb
 .text.tud_resume_cb
                0x10004be8        0x4 CMakeFiles/Pratica6.dir/home/gabrielmachine/pico/pico-sdk/lib/tinyusb/src/device/usbd.c.o
                0x10004be8                tud_resume_cb
 .text.tud_mounted
                0x10004bec       0x10 CMakeFiles/Pratica6.dir/home/gabrielmachine/pico/pico-sdk/lib/tinyusb/src/device/usbd.c.o
                0x10004bec                tud_mounted
 .text.tud_suspended
                0x10004bfc       0x10 CMakeFiles/Pratica6.dir/home/gabrielmachine/pico/pico-sdk/lib/tinyusb/src/device/usbd.c.o
                0x10004bfc                tud_suspended
 .text.tud_rhport_init
                0x10004c0c       0xfc CMakeFiles/Pratica6.dir/home/gabrielmachine/pico/pico-sdk/lib/tinyusb/src/device/usbd.c.o
                0x10004c0c                tud_rhport_init
 .text.tud_task_ext
                0x10004d08      0x800 CMakeFiles/Pratica6.dir/home/gabrielmachine/pico/pico-sdk/lib/tinyusb/src/device/usbd.c.o
                0x10004d08                tud_task_ext
 .text.usbd_open_edpt_pair
                0x10005508       0x9c CMakeFiles/Pratica6.dir/home/gabrielmachine/pico/pico-sdk/lib/tinyusb/src/device/usbd.c.o
                0x10005508                usbd_open_edpt_pair
 .text.usbd_edpt_open
                0x100055a4       0x34 CMakeFiles/Pratica6.dir/home/gabrielmachine/pico/pico-sdk/lib/tinyusb/src/device/usbd.c.o
                0x100055a4                usbd_edpt_open
 .text.usbd_edpt_claim
                0x100055d8       0x28 CMakeFiles/Pratica6.dir/home/gabrielmachine/pico/pico-sdk/lib/tinyusb/src/device/usbd.c.o
                0x100055d8                usbd_edpt_claim
 .text.usbd_edpt_release
                0x10005600       0x28 CMakeFiles/Pratica6.dir/home/gabrielmachine/pico/pico-sdk/lib/tinyusb/src/device/usbd.c.o
                0x10005600                usbd_edpt_release
 .text.usbd_edpt_xfer
                0x10005628       0x4c CMakeFiles/Pratica6.dir/home/gabrielmachine/pico/pico-sdk/lib/tinyusb/src/device/usbd.c.o
                0x10005628                usbd_edpt_xfer
 .text.tud_control_status
                0x10005674       0x2c CMakeFiles/Pratica6.dir/home/gabrielmachine/pico/pico-sdk/lib/tinyusb/src/device/usbd_control.c.o
                0x10005674                tud_control_status
 .text.tud_control_xfer
                0x100056a0       0xac CMakeFiles/Pratica6.dir/home/gabrielmachine/pico/pico-sdk/lib/tinyusb/src/device/usbd_control.c.o
                0x100056a0                tud_control_xfer
 .text.usbd_control_reset
                0x1000574c       0x14 CMakeFiles/Pratica6.dir/home/gabrielmachine/pico/pico-sdk/lib/tinyusb/src/device/usbd_control.c.o
                0x1000574c                usbd_control_reset
 .text.usbd_control_set_complete_callback
                0x10005760        0xc CMakeFiles/Pratica6.dir/home/gabrielmachine/pico/pico-sdk/lib/tinyusb/src/device/usbd_control.c.o
                0x10005760                usbd_control_set_complete_callback
 .text.usbd_control_set_request
                0x1000576c       0x1c CMakeFiles/Pratica6.dir/home/gabrielmachine/pico/pico-sdk/lib/tinyusb/src/device/usbd_control.c.o
                0x1000576c                usbd_control_set_request
 .text.usbd_control_xfer_cb
                0x10005788       0xec CMakeFiles/Pratica6.dir/home/gabrielmachine/pico/pico-sdk/lib/tinyusb/src/device/usbd_control.c.o
                0x10005788                usbd_control_xfer_cb
 .text._prep_out_transaction.isra.0
                0x10005874       0x6c CMakeFiles/Pratica6.dir/home/gabrielmachine/pico/pico-sdk/lib/tinyusb/src/class/cdc/cdc_device.c.o
 .text.tud_cdc_n_connected
                0x100058e0       0x2c CMakeFiles/Pratica6.dir/home/gabrielmachine/pico/pico-sdk/lib/tinyusb/src/class/cdc/cdc_device.c.o
                0x100058e0                tud_cdc_n_connected
 .text.tud_cdc_n_available
                0x1000590c       0x14 CMakeFiles/Pratica6.dir/home/gabrielmachine/pico/pico-sdk/lib/tinyusb/src/class/cdc/cdc_device.c.o
                0x1000590c                tud_cdc_n_available
 .text.tud_cdc_n_read
                0x10005920       0x94 CMakeFiles/Pratica6.dir/home/gabrielmachine/pico/pico-sdk/lib/tinyusb/src/class/cdc/cdc_device.c.o
                0x10005920                tud_cdc_n_read
 .text.tud_cdc_n_write_flush
                0x100059b4       0x74 CMakeFiles/Pratica6.dir/home/gabrielmachine/pico/pico-sdk/lib/tinyusb/src/class/cdc/cdc_device.c.o
                0x100059b4                tud_cdc_n_write_flush
 .text.tud_cdc_n_write
                0x10005a28       0x40 CMakeFiles/Pratica6.dir/home/gabrielmachine/pico/pico-sdk/lib/tinyusb/src/class/cdc/cdc_device.c.o
                0x10005a28                tud_cdc_n_write
 .text.tud_cdc_n_write_available
                0x10005a68       0x14 CMakeFiles/Pratica6.dir/home/gabrielmachine/pico/pico-sdk/lib/tinyusb/src/class/cdc/cdc_device.c.o
                0x10005a68                tud_cdc_n_write_available
 .text.cdcd_init
                0x10005a7c       0x70 CMakeFiles/Pratica6.dir/home/gabrielmachine/pico/pico-sdk/lib/tinyusb/src/class/cdc/cdc_device.c.o
                0x10005a7c                cdcd_init
 .text.cdcd_deinit
                0x10005aec       0x34 CMakeFiles/Pratica6.dir/home/gabrielmachine/pico/pico-sdk/lib/tinyusb/src/class/cdc/cdc_device.c.o
                0x10005aec                cdcd_deinit
 .text.cdcd_reset
                0x10005b20       0x4c CMakeFiles/Pratica6.dir/home/gabrielmachine/pico/pico-sdk/lib/tinyusb/src/class/cdc/cdc_device.c.o
                0x10005b20                cdcd_reset
 .text.cdcd_open
                0x10005b6c       0xa8 CMakeFiles/Pratica6.dir/home/gabrielmachine/pico/pico-sdk/lib/tinyusb/src/class/cdc/cdc_device.c.o
                0x10005b6c                cdcd_open
 .text.cdcd_control_xfer_cb
                0x10005c14       0xe8 CMakeFiles/Pratica6.dir/home/gabrielmachine/pico/pico-sdk/lib/tinyusb/src/class/cdc/cdc_device.c.o
                0x10005c14                cdcd_control_xfer_cb
 .text.cdcd_xfer_cb
                0x10005cfc      0x100 CMakeFiles/Pratica6.dir/home/gabrielmachine/pico/pico-sdk/lib/tinyusb/src/class/cdc/cdc_device.c.o
                0x10005cfc                cdcd_xfer_cb
 .text.vendord_init
                0x10005dfc       0x5c CMakeFiles/Pratica6.dir/home/gabrielmachine/pico/pico-sdk/lib/tinyusb/src/class/vendor/vendor_device.c.o
                0x10005dfc                vendord_init
 .text.vendord_deinit
                0x10005e58       0x1c CMakeFiles/Pratica6.dir/home/gabrielmachine/pico/pico-sdk/lib/tinyusb/src/class/vendor/vendor_device.c.o
                0x10005e58                vendord_deinit
 .text.vendord_reset
                0x10005e74       0x28 CMakeFiles/Pratica6.dir/home/gabrielmachine/pico/pico-sdk/lib/tinyusb/src/class/vendor/vendor_device.c.o
                0x10005e74                vendord_reset
 .text.vendord_open
                0x10005e9c      0x128 CMakeFiles/Pratica6.dir/home/gabrielmachine/pico/pico-sdk/lib/tinyusb/src/class/vendor/vendor_device.c.o
                0x10005e9c                vendord_open
 .text.vendord_xfer_cb
                0x10005fc4       0x9c CMakeFiles/Pratica6.dir/home/gabrielmachine/pico/pico-sdk/lib/tinyusb/src/class/vendor/vendor_device.c.o
                0x10005fc4                vendord_xfer_cb
 .text.tusb_rhport_init
                0x10006060       0x48 CMakeFiles/Pratica6.dir/home/gabrielmachine/pico/pico-sdk/lib/tinyusb/src/tusb.c.o
                0x10006060                tusb_rhport_init
 .text.tu_edpt_claim
                0x100060a8       0x50 CMakeFiles/Pratica6.dir/home/gabrielmachine/pico/pico-sdk/lib/tinyusb/src/tusb.c.o
                0x100060a8                tu_edpt_claim
 .text.tu_edpt_release
                0x100060f8       0x38 CMakeFiles/Pratica6.dir/home/gabrielmachine/pico/pico-sdk/lib/tinyusb/src/tusb.c.o
                0x100060f8                tu_edpt_release
 .text.tu_edpt_validate
                0x10006130       0x7c CMakeFiles/Pratica6.dir/home/gabrielmachine/pico/pico-sdk/lib/tinyusb/src/tusb.c.o
                0x10006130                tu_edpt_validate
 .text.tu_edpt_bind_driver
                0x100061ac       0x34 CMakeFiles/Pratica6.dir/home/gabrielmachine/pico/pico-sdk/lib/tinyusb/src/tusb.c.o
                0x100061ac                tu_edpt_bind_driver
 .text.tu_edpt_stream_init
                0x100061e0       0x6c CMakeFiles/Pratica6.dir/home/gabrielmachine/pico/pico-sdk/lib/tinyusb/src/tusb.c.o
                0x100061e0                tu_edpt_stream_init
 .text.tu_edpt_stream_deinit
                0x1000624c        0x4 CMakeFiles/Pratica6.dir/home/gabrielmachine/pico/pico-sdk/lib/tinyusb/src/tusb.c.o
                0x1000624c                tu_edpt_stream_deinit
 .text.tu_edpt_stream_write_zlp_if_needed
                0x10006250       0x68 CMakeFiles/Pratica6.dir/home/gabrielmachine/pico/pico-sdk/lib/tinyusb/src/tusb.c.o
                0x10006250                tu_edpt_stream_write_zlp_if_needed
 .text.tu_edpt_stream_write_xfer
                0x100062b8       0x64 CMakeFiles/Pratica6.dir/home/gabrielmachine/pico/pico-sdk/lib/tinyusb/src/tusb.c.o
                0x100062b8                tu_edpt_stream_write_xfer
 .text.tu_edpt_stream_read_xfer
                0x1000631c       0xdc CMakeFiles/Pratica6.dir/home/gabrielmachine/pico/pico-sdk/lib/tinyusb/src/tusb.c.o
                0x1000631c                tu_edpt_stream_read_xfer
 .text.tu_fifo_config
                0x100063f8       0x6c CMakeFiles/Pratica6.dir/home/gabrielmachine/pico/pico-sdk/lib/tinyusb/src/common/tusb_fifo.c.o
                0x100063f8                tu_fifo_config
 .text.tu_fifo_count
                0x10006464       0x2c CMakeFiles/Pratica6.dir/home/gabrielmachine/pico/pico-sdk/lib/tinyusb/src/common/tusb_fifo.c.o
                0x10006464                tu_fifo_count
 .text.tu_fifo_empty
                0x10006490       0x10 CMakeFiles/Pratica6.dir/home/gabrielmachine/pico/pico-sdk/lib/tinyusb/src/common/tusb_fifo.c.o
                0x10006490                tu_fifo_empty
 .text.tu_fifo_remaining
                0x100064a0       0x2c CMakeFiles/Pratica6.dir/home/gabrielmachine/pico/pico-sdk/lib/tinyusb/src/common/tusb_fifo.c.o
                0x100064a0                tu_fifo_remaining
 .text.tu_fifo_read
                0x100064cc       0x9c CMakeFiles/Pratica6.dir/home/gabrielmachine/pico/pico-sdk/lib/tinyusb/src/common/tusb_fifo.c.o
                0x100064cc                tu_fifo_read
 .text.tu_fifo_read_n
                0x10006568       0xe8 CMakeFiles/Pratica6.dir/home/gabrielmachine/pico/pico-sdk/lib/tinyusb/src/common/tusb_fifo.c.o
                0x10006568                tu_fifo_read_n
 .text.tu_fifo_write
                0x10006650       0xa8 CMakeFiles/Pratica6.dir/home/gabrielmachine/pico/pico-sdk/lib/tinyusb/src/common/tusb_fifo.c.o
                0x10006650                tu_fifo_write
 .text.tu_fifo_write_n
                0x100066f8      0x178 CMakeFiles/Pratica6.dir/home/gabrielmachine/pico/pico-sdk/lib/tinyusb/src/common/tusb_fifo.c.o
                0x100066f8                tu_fifo_write_n
 .text.tu_fifo_clear
                0x10006870       0x40 CMakeFiles/Pratica6.dir/home/gabrielmachine/pico/pico-sdk/lib/tinyusb/src/common/tusb_fifo.c.o
                0x10006870                tu_fifo_clear
 .text.tu_fifo_set_overwritable
                0x100068b0       0x48 CMakeFiles/Pratica6.dir/home/gabrielmachine/pico/pico-sdk/lib/tinyusb/src/common/tusb_fifo.c.o
                0x100068b0                tu_fifo_set_overwritable
 .text.adc_init
                0x100068f8       0x38 CMakeFiles/Pratica6.dir/home/gabrielmachine/pico/pico-sdk/src/rp2_common/hardware_adc/adc.c.o
                0x100068f8                adc_init
 .text.pvPortMalloc
                0x10006930      0x124 CMakeFiles/Pratica6.dir/home/gabrielmachine/FreeRTOS-Kernel/portable/MemMang/heap_4.c.o
                0x10006930                pvPortMalloc
 .text.vPortFree
                0x10006a54       0x98 CMakeFiles/Pratica6.dir/home/gabrielmachine/FreeRTOS-Kernel/portable/MemMang/heap_4.c.o
                0x10006a54                vPortFree
 *fill*         0x10006aec        0x4 
 .text.vPortStartFirstTask
                0x10006af0       0x38 CMakeFiles/Pratica6.dir/home/gabrielmachine/FreeRTOS-Kernel/portable/ThirdParty/GCC/RP2040/port.c.o
 .text.prvFIFOInterruptHandler
                0x10006b28       0x2c CMakeFiles/Pratica6.dir/home/gabrielmachine/FreeRTOS-Kernel/portable/ThirdParty/GCC/RP2040/port.c.o
 *fill*         0x10006b54        0xc 
 .text.xPortPendSVHandler
                0x10006b60       0x78 CMakeFiles/Pratica6.dir/home/gabrielmachine/FreeRTOS-Kernel/portable/ThirdParty/GCC/RP2040/port.c.o
                0x10006b60                xPortPendSVHandler
 .text.prvTaskExitError
                0x10006bd8        0x8 CMakeFiles/Pratica6.dir/home/gabrielmachine/FreeRTOS-Kernel/portable/ThirdParty/GCC/RP2040/port.c.o
 .text.xPortSysTickHandler
                0x10006be0       0x24 CMakeFiles/Pratica6.dir/home/gabrielmachine/FreeRTOS-Kernel/portable/ThirdParty/GCC/RP2040/port.c.o
                0x10006be0                xPortSysTickHandler
 .text.vPortSVCHandler
                0x10006c04        0x4 CMakeFiles/Pratica6.dir/home/gabrielmachine/FreeRTOS-Kernel/portable/ThirdParty/GCC/RP2040/port.c.o
                0x10006c04                vPortSVCHandler
 .text.pxPortInitialiseStack
                0x10006c08       0x20 CMakeFiles/Pratica6.dir/home/gabrielmachine/FreeRTOS-Kernel/portable/ThirdParty/GCC/RP2040/port.c.o
                0x10006c08                pxPortInitialiseStack
 .text.vPortYield
                0x10006c28       0x18 CMakeFiles/Pratica6.dir/home/gabrielmachine/FreeRTOS-Kernel/portable/ThirdParty/GCC/RP2040/port.c.o
                0x10006c28                vPortYield
 .text.ulSetInterruptMaskFromISR
                0x10006c40        0x8 CMakeFiles/Pratica6.dir/home/gabrielmachine/FreeRTOS-Kernel/portable/ThirdParty/GCC/RP2040/port.c.o
                0x10006c40                ulSetInterruptMaskFromISR
 .text.vClearInterruptMaskFromISR
                0x10006c48        0x8 CMakeFiles/Pratica6.dir/home/gabrielmachine/FreeRTOS-Kernel/portable/ThirdParty/GCC/RP2040/port.c.o
                0x10006c48                vClearInterruptMaskFromISR
 .text.vYieldCore
                0x10006c50        0xc CMakeFiles/Pratica6.dir/home/gabrielmachine/FreeRTOS-Kernel/portable/ThirdParty/GCC/RP2040/port.c.o
                0x10006c50                vYieldCore
 .text.vPortSetupTimerInterrupt
                0x10006c5c       0x34 CMakeFiles/Pratica6.dir/home/gabrielmachine/FreeRTOS-Kernel/portable/ThirdParty/GCC/RP2040/port.c.o
                0x10006c5c                vPortSetupTimerInterrupt
 .text.xPortStartSchedulerOnCore.isra.0
                0x10006c90       0xa4 CMakeFiles/Pratica6.dir/home/gabrielmachine/FreeRTOS-Kernel/portable/ThirdParty/GCC/RP2040/port.c.o
 .text.prvDisableInterruptsAndPortStartSchedulerOnCore
                0x10006d34        0x8 CMakeFiles/Pratica6.dir/home/gabrielmachine/FreeRTOS-Kernel/portable/ThirdParty/GCC/RP2040/port.c.o
 .text.xPortStartScheduler
                0x10006d3c       0x2c CMakeFiles/Pratica6.dir/home/gabrielmachine/FreeRTOS-Kernel/portable/ThirdParty/GCC/RP2040/port.c.o
                0x10006d3c                xPortStartScheduler
 .text.ulPortLockGetCurrentOwnerId
                0x10006d68       0x30 CMakeFiles/Pratica6.dir/home/gabrielmachine/FreeRTOS-Kernel/portable/ThirdParty/GCC/RP2040/port.c.o
                0x10006d68                ulPortLockGetCurrentOwnerId
 .text.vPortLockInternalSpinUnlockWithNotify
                0x10006d98       0x88 CMakeFiles/Pratica6.dir/home/gabrielmachine/FreeRTOS-Kernel/portable/ThirdParty/GCC/RP2040/port.c.o
                0x10006d98                vPortLockInternalSpinUnlockWithNotify
 .text.xPortLockInternalSpinUnlockWithBestEffortWaitOrTimeout
                0x10006e20       0xe4 CMakeFiles/Pratica6.dir/home/gabrielmachine/FreeRTOS-Kernel/portable/ThirdParty/GCC/RP2040/port.c.o
                0x10006e20                xPortLockInternalSpinUnlockWithBestEffortWaitOrTimeout
 .text.startup.prvRuntimeInitializer
                0x10006f04       0x10 CMakeFiles/Pratica6.dir/home/gabrielmachine/FreeRTOS-Kernel/portable/ThirdParty/GCC/RP2040/port.c.o
 .text.vEventGroupSetBitsCallback
                0x10006f14       0x90 CMakeFiles/Pratica6.dir/home/gabrielmachine/FreeRTOS-Kernel/event_groups.c.o
                0x10006f14                vEventGroupSetBitsCallback
 .text.xEventGroupCreate
                0x10006fa4       0x18 CMakeFiles/Pratica6.dir/home/gabrielmachine/FreeRTOS-Kernel/event_groups.c.o
                0x10006fa4                xEventGroupCreate
 .text.xEventGroupWaitBits
                0x10006fbc       0xb8 CMakeFiles/Pratica6.dir/home/gabrielmachine/FreeRTOS-Kernel/event_groups.c.o
                0x10006fbc                xEventGroupWaitBits
 .text.xEventGroupSetBits
                0x10007074       0x9c CMakeFiles/Pratica6.dir/home/gabrielmachine/FreeRTOS-Kernel/event_groups.c.o
                0x10007074                xEventGroupSetBits
 .text.xEventGroupSetBitsFromISR
                0x10007110       0x18 CMakeFiles/Pratica6.dir/home/gabrielmachine/FreeRTOS-Kernel/event_groups.c.o
                0x10007110                xEventGroupSetBitsFromISR
 .text.vListInitialise
                0x10007128       0x18 CMakeFiles/Pratica6.dir/home/gabrielmachine/FreeRTOS-Kernel/list.c.o
                0x10007128                vListInitialise
 .text.vListInitialiseItem
                0x10007140        0x8 CMakeFiles/Pratica6.dir/home/gabrielmachine/FreeRTOS-Kernel/list.c.o
                0x10007140                vListInitialiseItem
 .text.vListInsertEnd
                0x10007148       0x18 CMakeFiles/Pratica6.dir/home/gabrielmachine/FreeRTOS-Kernel/list.c.o
                0x10007148                vListInsertEnd
 .text.vListInsert
                0x10007160       0x30 CMakeFiles/Pratica6.dir/home/gabrielmachine/FreeRTOS-Kernel/list.c.o
                0x10007160                vListInsert
 .text.uxListRemove
                0x10007190       0x20 CMakeFiles/Pratica6.dir/home/gabrielmachine/FreeRTOS-Kernel/list.c.o
                0x10007190                uxListRemove
 .text.prvUnlockQueue
                0x100071b0      0x180 CMakeFiles/Pratica6.dir/home/gabrielmachine/FreeRTOS-Kernel/queue.c.o
 .text.prvNotifyQueueSetContainer
                0x10007330       0x90 CMakeFiles/Pratica6.dir/home/gabrielmachine/FreeRTOS-Kernel/queue.c.o
 .text.xQueueGenericCreate
                0x100073c0       0xa4 CMakeFiles/Pratica6.dir/home/gabrielmachine/FreeRTOS-Kernel/queue.c.o
                0x100073c0                xQueueGenericCreate
 .text.xQueueGenericSend
                0x10007464      0x1d8 CMakeFiles/Pratica6.dir/home/gabrielmachine/FreeRTOS-Kernel/queue.c.o
                0x10007464                xQueueGenericSend
 .text.xQueueCreateMutex
                0x1000763c       0x6c CMakeFiles/Pratica6.dir/home/gabrielmachine/FreeRTOS-Kernel/queue.c.o
                0x1000763c                xQueueCreateMutex
 .text.xQueueGenericSendFromISR
                0x100076a8      0x134 CMakeFiles/Pratica6.dir/home/gabrielmachine/FreeRTOS-Kernel/queue.c.o
                0x100076a8                xQueueGenericSendFromISR
 .text.xQueueReceive
                0x100077dc      0x11c CMakeFiles/Pratica6.dir/home/gabrielmachine/FreeRTOS-Kernel/queue.c.o
                0x100077dc                xQueueReceive
 .text.xQueueSemaphoreTake
                0x100078f8      0x14c CMakeFiles/Pratica6.dir/home/gabrielmachine/FreeRTOS-Kernel/queue.c.o
                0x100078f8                xQueueSemaphoreTake
 .text.vQueueAddToRegistry
                0x10007a44      0x118 CMakeFiles/Pratica6.dir/home/gabrielmachine/FreeRTOS-Kernel/queue.c.o
                0x10007a44                vQueueAddToRegistry
 .text.vQueueWaitForMessageRestricted
                0x10007b5c       0x48 CMakeFiles/Pratica6.dir/home/gabrielmachine/FreeRTOS-Kernel/queue.c.o
                0x10007b5c                vQueueWaitForMessageRestricted
 .text.prvPassiveIdleTask
                0x10007ba4       0x20 CMakeFiles/Pratica6.dir/home/gabrielmachine/FreeRTOS-Kernel/tasks.c.o
 .text.prvYieldForTask
                0x10007bc4       0xc0 CMakeFiles/Pratica6.dir/home/gabrielmachine/FreeRTOS-Kernel/tasks.c.o
 .text.prvAddCurrentTaskToDelayedList
                0x10007c84      0x144 CMakeFiles/Pratica6.dir/home/gabrielmachine/FreeRTOS-Kernel/tasks.c.o
 .text.prvCreateTask
                0x10007dc8      0x158 CMakeFiles/Pratica6.dir/home/gabrielmachine/FreeRTOS-Kernel/tasks.c.o
 .text.prvCheckForRunStateChange
                0x10007f20      0x15c CMakeFiles/Pratica6.dir/home/gabrielmachine/FreeRTOS-Kernel/tasks.c.o
 .text.xTaskIncrementTick.part.0
                0x1000807c      0x1f0 CMakeFiles/Pratica6.dir/home/gabrielmachine/FreeRTOS-Kernel/tasks.c.o
 .text.vTaskSuspendAll.part.0
                0x1000826c       0xb8 CMakeFiles/Pratica6.dir/home/gabrielmachine/FreeRTOS-Kernel/tasks.c.o
 .text.vTaskSuspendAll
                0x10008324       0xc4 CMakeFiles/Pratica6.dir/home/gabrielmachine/FreeRTOS-Kernel/tasks.c.o
                0x10008324                vTaskSuspendAll
 .text.xTaskGetTickCount
                0x100083e8        0xc CMakeFiles/Pratica6.dir/home/gabrielmachine/FreeRTOS-Kernel/tasks.c.o
                0x100083e8                xTaskGetTickCount
 .text.uxTaskGetNumberOfTasks
                0x100083f4        0xc CMakeFiles/Pratica6.dir/home/gabrielmachine/FreeRTOS-Kernel/tasks.c.o
                0x100083f4                uxTaskGetNumberOfTasks
 .text.xTaskIncrementTick
                0x10008400       0x24 CMakeFiles/Pratica6.dir/home/gabrielmachine/FreeRTOS-Kernel/tasks.c.o
                0x10008400                xTaskIncrementTick
 .text.vTaskSwitchContext
                0x10008424      0x300 CMakeFiles/Pratica6.dir/home/gabrielmachine/FreeRTOS-Kernel/tasks.c.o
                0x10008424                vTaskSwitchContext
 .text.vTaskPlaceOnEventList
                0x10008724      0x148 CMakeFiles/Pratica6.dir/home/gabrielmachine/FreeRTOS-Kernel/tasks.c.o
                0x10008724                vTaskPlaceOnEventList
 .text.vTaskPlaceOnUnorderedEventList
                0x1000886c       0x9c CMakeFiles/Pratica6.dir/home/gabrielmachine/FreeRTOS-Kernel/tasks.c.o
                0x1000886c                vTaskPlaceOnUnorderedEventList
 .text.vTaskPlaceOnEventListRestricted
                0x10008908       0x8c CMakeFiles/Pratica6.dir/home/gabrielmachine/FreeRTOS-Kernel/tasks.c.o
                0x10008908                vTaskPlaceOnEventListRestricted
 .text.xTaskRemoveFromEventList
                0x10008994       0xcc CMakeFiles/Pratica6.dir/home/gabrielmachine/FreeRTOS-Kernel/tasks.c.o
                0x10008994                xTaskRemoveFromEventList
 .text.vTaskInternalSetTimeOutState
                0x10008a60       0x18 CMakeFiles/Pratica6.dir/home/gabrielmachine/FreeRTOS-Kernel/tasks.c.o
                0x10008a60                vTaskInternalSetTimeOutState
 .text.xTaskCheckForTimeOut
                0x10008a78      0x204 CMakeFiles/Pratica6.dir/home/gabrielmachine/FreeRTOS-Kernel/tasks.c.o
                0x10008a78                xTaskCheckForTimeOut
 .text.vTaskMissedYield
                0x10008c7c       0x14 CMakeFiles/Pratica6.dir/home/gabrielmachine/FreeRTOS-Kernel/tasks.c.o
                0x10008c7c                vTaskMissedYield
 .text.xTaskGetCurrentTaskHandle
                0x10008c90       0x1c CMakeFiles/Pratica6.dir/home/gabrielmachine/FreeRTOS-Kernel/tasks.c.o
                0x10008c90                xTaskGetCurrentTaskHandle
 .text.xTaskPriorityInherit
                0x10008cac       0xfc CMakeFiles/Pratica6.dir/home/gabrielmachine/FreeRTOS-Kernel/tasks.c.o
                0x10008cac                xTaskPriorityInherit
 .text.xTaskPriorityDisinherit
                0x10008da8       0xb8 CMakeFiles/Pratica6.dir/home/gabrielmachine/FreeRTOS-Kernel/tasks.c.o
                0x10008da8                xTaskPriorityDisinherit
 .text.vTaskPriorityDisinheritAfterTimeout
                0x10008e60       0xcc CMakeFiles/Pratica6.dir/home/gabrielmachine/FreeRTOS-Kernel/tasks.c.o
                0x10008e60                vTaskPriorityDisinheritAfterTimeout
 .text.vTaskYieldWithinAPI
                0x10008f2c       0x34 CMakeFiles/Pratica6.dir/home/gabrielmachine/FreeRTOS-Kernel/tasks.c.o
                0x10008f2c                vTaskYieldWithinAPI
 .text.vTaskEnterCritical
                0x10008f60       0xbc CMakeFiles/Pratica6.dir/home/gabrielmachine/FreeRTOS-Kernel/tasks.c.o
                0x10008f60                vTaskEnterCritical
 .text.vTaskEnterCriticalFromISR
                0x1000901c       0x70 CMakeFiles/Pratica6.dir/home/gabrielmachine/FreeRTOS-Kernel/tasks.c.o
                0x1000901c                vTaskEnterCriticalFromISR
 .text.vTaskExitCritical
                0x1000908c       0x88 CMakeFiles/Pratica6.dir/home/gabrielmachine/FreeRTOS-Kernel/tasks.c.o
                0x1000908c                vTaskExitCritical
 .text.prvAddNewTaskToReadyList
                0x10009114       0xec CMakeFiles/Pratica6.dir/home/gabrielmachine/FreeRTOS-Kernel/tasks.c.o
 .text.xTaskCreate
                0x10009200       0x2c CMakeFiles/Pratica6.dir/home/gabrielmachine/FreeRTOS-Kernel/tasks.c.o
                0x10009200                xTaskCreate
 .text.xTaskCreateAffinitySet
                0x1000922c       0x28 CMakeFiles/Pratica6.dir/home/gabrielmachine/FreeRTOS-Kernel/tasks.c.o
                0x1000922c                xTaskCreateAffinitySet
 .text.vTaskStartScheduler
                0x10009254       0xb8 CMakeFiles/Pratica6.dir/home/gabrielmachine/FreeRTOS-Kernel/tasks.c.o
                0x10009254                vTaskStartScheduler
 .text.xTaskResumeAll.part.0
                0x1000930c      0x1ac CMakeFiles/Pratica6.dir/home/gabrielmachine/FreeRTOS-Kernel/tasks.c.o
 .text.xTaskResumeAll
                0x100094b8       0x18 CMakeFiles/Pratica6.dir/home/gabrielmachine/FreeRTOS-Kernel/tasks.c.o
                0x100094b8                xTaskResumeAll
 .text.vTaskDelay
                0x100094d0       0x70 CMakeFiles/Pratica6.dir/home/gabrielmachine/FreeRTOS-Kernel/tasks.c.o
                0x100094d0                vTaskDelay
 .text.vTaskRemoveFromUnorderedEventList
                0x10009540       0x8c CMakeFiles/Pratica6.dir/home/gabrielmachine/FreeRTOS-Kernel/tasks.c.o
                0x10009540                vTaskRemoveFromUnorderedEventList
 .text.prvIdleTask
                0x100095cc      0x208 CMakeFiles/Pratica6.dir/home/gabrielmachine/FreeRTOS-Kernel/tasks.c.o
 .text.vTaskExitCriticalFromISR
                0x100097d4       0x58 CMakeFiles/Pratica6.dir/home/gabrielmachine/FreeRTOS-Kernel/tasks.c.o
                0x100097d4                vTaskExitCriticalFromISR
 .text.uxTaskResetEventItemValue
                0x1000982c       0x48 CMakeFiles/Pratica6.dir/home/gabrielmachine/FreeRTOS-Kernel/tasks.c.o
                0x1000982c                uxTaskResetEventItemValue
 .text.pvTaskIncrementMutexHeldCount
                0x10009874       0x28 CMakeFiles/Pratica6.dir/home/gabrielmachine/FreeRTOS-Kernel/tasks.c.o
                0x10009874                pvTaskIncrementMutexHeldCount
 .text.prvTimerTask
                0x1000989c      0x3b4 CMakeFiles/Pratica6.dir/home/gabrielmachine/FreeRTOS-Kernel/timers.c.o
 .text.xTimerCreateTimerTask
                0x10009c50       0x90 CMakeFiles/Pratica6.dir/home/gabrielmachine/FreeRTOS-Kernel/timers.c.o
                0x10009c50                xTimerCreateTimerTask
 .text.xTimerPendFunctionCallFromISR
                0x10009ce0       0x28 CMakeFiles/Pratica6.dir/home/gabrielmachine/FreeRTOS-Kernel/timers.c.o
                0x10009ce0                xTimerPendFunctionCallFromISR
 .text.exception_set_exclusive_handler
                0x10009d08       0x48 CMakeFiles/Pratica6.dir/home/gabrielmachine/pico/pico-sdk/src/rp2_common/hardware_exception/exception.c.o
                0x10009d08                exception_set_exclusive_handler
 .text.core1_trampoline
                0x10009d50        0x4 CMakeFiles/Pratica6.dir/home/gabrielmachine/pico/pico-sdk/src/rp2_common/pico_multicore/multicore.c.o
 .text.core1_wrapper
                0x10009d54        0xc CMakeFiles/Pratica6.dir/home/gabrielmachine/pico/pico-sdk/src/rp2_common/pico_multicore/multicore.c.o
                0x10009d54                core1_wrapper
 .text.multicore_reset_core1
                0x10009d60       0x60 CMakeFiles/Pratica6.dir/home/gabrielmachine/pico/pico-sdk/src/rp2_common/pico_multicore/multicore.c.o
                0x10009d60                multicore_reset_core1
 .text.multicore_launch_core1_raw
                0x10009dc0       0x84 CMakeFiles/Pratica6.dir/home/gabrielmachine/pico/pico-sdk/src/rp2_common/pico_multicore/multicore.c.o
                0x10009dc0                multicore_launch_core1_raw
 .text.multicore_launch_core1
                0x10009e44       0x58 CMakeFiles/Pratica6.dir/home/gabrielmachine/pico/pico-sdk/src/rp2_common/pico_multicore/multicore.c.o
                0x10009e44                multicore_launch_core1
 .text          0x10009e9c       0x10 /usr/lib/gcc/arm-none-eabi/13.2.1/../../../arm-none-eabi/lib/thumb/v6-m/nofp/libg.a(libc_a-atexit.o)
                0x10009e9c                atexit
 .text          0x10009eac       0x5c /usr/lib/gcc/arm-none-eabi/13.2.1/../../../arm-none-eabi/lib/thumb/v6-m/nofp/libg.a(libc_a-strlen-stub.o)
                0x10009eac                strlen
 .text          0x10009f08       0x28 /usr/lib/gcc/arm-none-eabi/13.2.1/../../../arm-none-eabi/lib/thumb/v6-m/nofp/libg.a(libc_a-fini.o)
                0x10009f08                __libc_fini_array
 .text          0x10009f30       0x78 /usr/lib/gcc/arm-none-eabi/13.2.1/../../../arm-none-eabi/lib/thumb/v6-m/nofp/libg.a(libc_a-__atexit.o)
                0x10009f30                __register_exitproc
 .text.startup  0x10009fa8       0x18 /usr/lib/gcc/arm-none-eabi/13.2.1/../../../arm-none-eabi/lib/thumb/v6-m/nofp/libg.a(libc_a-__call_atexit.o)
 *(.fini)
 .fini          0x10009fc0        0x4 /usr/lib/gcc/arm-none-eabi/13.2.1/thumb/v6-m/nofp/crti.o
                0x10009fc0                _fini
 *fill*         0x10009fc4        0x4 
 .fini.__stub   0x10009fc8       0xc0 linker stubs
 *crtbegin.o(.ctors)
 *crtbegin?.o(.ctors)
 *(EXCLUDE_FILE(*crtend.o *crtend?.o) .ctors)
 *(SORT_BY_NAME(.ctors.*))
 *(.ctors)
 *crtbegin.o(.dtors)
 *crtbegin?.o(.dtors)
 *(EXCLUDE_FILE(*crtend.o *crtend?.o) .dtors)
 *(SORT_BY_NAME(.dtors.*))
 *(.dtors)
                0x1000a088                        . = ALIGN (0x4)
                0x1000a088                        PROVIDE (__preinit_array_start = .)
 *(SORT_BY_NAME(.preinit_array.*))
 .preinit_array.00100
                0x1000a088        0x4 CMakeFiles/Pratica6.dir/home/gabrielmachine/pico/pico-sdk/src/rp2_common/pico_runtime_init/runtime_init.c.o
                0x1000a088                __pre_init_runtime_init_early_resets
 .preinit_array.00101
                0x1000a08c        0x4 CMakeFiles/Pratica6.dir/home/gabrielmachine/pico/pico-sdk/src/rp2_common/pico_runtime_init/runtime_init.c.o
                0x1000a08c                __pre_init_runtime_init_usb_power_down
 .preinit_array.00275
                0x1000a090        0x4 CMakeFiles/Pratica6.dir/home/gabrielmachine/pico/pico-sdk/src/rp2_common/pico_bit_ops/bit_ops_aeabi.S.o
 .preinit_array.00300
                0x1000a094        0x4 CMakeFiles/Pratica6.dir/home/gabrielmachine/pico/pico-sdk/src/rp2_common/pico_mem_ops/mem_ops_aeabi.S.o
 .preinit_array.00350
                0x1000a098        0x4 CMakeFiles/Pratica6.dir/home/gabrielmachine/pico/pico-sdk/src/rp2_common/pico_double/double_aeabi_rp2040.S.o
 .preinit_array.00350
                0x1000a09c        0x4 CMakeFiles/Pratica6.dir/home/gabrielmachine/pico/pico-sdk/src/rp2_common/pico_float/float_aeabi_rp2040.S.o
 .preinit_array.00500
                0x1000a0a0        0x4 CMakeFiles/Pratica6.dir/home/gabrielmachine/pico/pico-sdk/src/rp2_common/pico_runtime_init/runtime_init.c.o
                0x1000a0a0                __pre_init_runtime_init_clocks
 .preinit_array.00600
                0x1000a0a4        0x4 CMakeFiles/Pratica6.dir/home/gabrielmachine/pico/pico-sdk/src/rp2_common/pico_runtime_init/runtime_init.c.o
                0x1000a0a4                __pre_init_runtime_init_post_clock_resets
 .preinit_array.00700
                0x1000a0a8        0x4 CMakeFiles/Pratica6.dir/home/gabrielmachine/pico/pico-sdk/src/rp2_common/pico_runtime_init/runtime_init.c.o
                0x1000a0a8                __pre_init_runtime_init_rp2040_gpio_ie_disable
 .preinit_array.01000
                0x1000a0ac        0x4 CMakeFiles/Pratica6.dir/home/gabrielmachine/pico/pico-sdk/src/rp2_common/pico_runtime_init/runtime_init.c.o
                0x1000a0ac                __pre_init_runtime_init_spin_locks_reset
 .preinit_array.01100
                0x1000a0b0        0x4 CMakeFiles/Pratica6.dir/home/gabrielmachine/pico/pico-sdk/src/common/pico_sync/mutex.c.o
                0x1000a0b0                __pre_init_runtime_init_mutex
 .preinit_array.10080
                0x1000a0b4        0x4 CMakeFiles/Pratica6.dir/home/gabrielmachine/pico/pico-sdk/src/rp2_common/pico_runtime_init/runtime_init.c.o
                0x1000a0b4                __pre_init_runtime_init_install_ram_vector_table
 .preinit_array.11000
                0x1000a0b8        0x4 CMakeFiles/Pratica6.dir/home/gabrielmachine/pico/pico-sdk/src/common/pico_time/time.c.o
                0x1000a0b8                __pre_init_runtime_init_default_alarm_pool
 .preinit_array.YYYYY
                0x1000a0bc        0x4 CMakeFiles/Pratica6.dir/home/gabrielmachine/pico/pico-sdk/src/rp2_common/pico_runtime/runtime.c.o
                0x1000a0bc                __pre_init_first_per_core_initializer
 .preinit_array.ZZZZZ.01200
                0x1000a0c0        0x4 CMakeFiles/Pratica6.dir/home/gabrielmachine/pico/pico-sdk/src/rp2_common/hardware_irq/irq.c.o
                0x1000a0c0                __pre_init_runtime_init_per_core_irq_priorities
 *(.preinit_array)
                0x1000a0c4                        PROVIDE (__preinit_array_end = .)
                0x1000a0c4                        . = ALIGN (0x4)
                0x1000a0c4                        PROVIDE (__init_array_start = .)
 *(SORT_BY_NAME(.init_array.*))
 .init_array.00000
                0x1000a0c4        0x4 /usr/lib/gcc/arm-none-eabi/13.2.1/../../../arm-none-eabi/lib/thumb/v6-m/nofp/libg.a(libc_a-__call_atexit.o)
 *(.init_array)
 .init_array    0x1000a0c8        0x4 /usr/lib/gcc/arm-none-eabi/13.2.1/thumb/v6-m/nofp/crtbegin.o
 .init_array    0x1000a0cc        0x4 CMakeFiles/Pratica6.dir/home/gabrielmachine/pico/pico-sdk/src/rp2_common/pico_unique_id/unique_id.c.o
 .init_array    0x1000a0d0        0x4 CMakeFiles/Pratica6.dir/home/gabrielmachine/FreeRTOS-Kernel/portable/ThirdParty/GCC/RP2040/port.c.o
                0x1000a0d4                        PROVIDE (__init_array_end = .)
                0x1000a0d4                        . = ALIGN (0x4)
                0x1000a0d4                        PROVIDE (__fini_array_start = .)
 *(SORT_BY_NAME(.fini_array.*))
 *(.fini_array)
                0x1000a0d4                        PROVIDE (__fini_array_end = .)
 *(.eh_frame*)
 .eh_frame      0x1000a0d4        0x0 /usr/lib/gcc/arm-none-eabi/13.2.1/thumb/v6-m/nofp/crtbegin.o
                0x1000a0d4                        . = ALIGN (0x4)

.glue_7         0x1000a0d4        0x0
 .glue_7        0x1000a0d4        0x0 linker stubs

.glue_7t        0x1000a0d4        0x0
 .glue_7t       0x1000a0d4        0x0 linker stubs

.vfp11_veneer   0x1000a0d4        0x0
 .vfp11_veneer  0x1000a0d4        0x0 linker stubs

.v4_bx          0x1000a0d4        0x0
 .v4_bx         0x1000a0d4        0x0 linker stubs

.iplt           0x1000a0d4        0x0
 .iplt          0x1000a0d4        0x0 /usr/lib/gcc/arm-none-eabi/13.2.1/thumb/v6-m/nofp/crtbegin.o

.rodata         0x1000a0d8      0x6b8
 *(EXCLUDE_FILE(*libm.a: *libc.a:*lib_a-mem*.o *libgcc.a:) .rodata*)
 .rodata.vTaskLerPotenciometro.str1.4
                0x1000a0d8      0x1e4 CMakeFiles/Pratica6.dir/main.c.o
                                  0x8 (size before relaxing)
 .rodata.vTaskMostrarConteudo.str1.4
                0x1000a2bc       0x13 CMakeFiles/Pratica6.dir/main.c.o
 .rodata.main.str1.4
                0x1000a2bc       0x16 CMakeFiles/Pratica6.dir/main.c.o
 .rodata.panic.str1.4
                0x1000a2bc       0x12 CMakeFiles/Pratica6.dir/home/gabrielmachine/pico/pico-sdk/src/rp2_common/pico_platform_panic/panic.c.o
 .rodata.panic_unsupported.str1.4
                0x1000a2bc        0xe CMakeFiles/Pratica6.dir/home/gabrielmachine/pico/pico-sdk/src/rp2_common/pico_platform_panic/panic.c.o
 .rodata.spin_lock_claim.str1.4
                0x1000a2bc       0x1f CMakeFiles/Pratica6.dir/home/gabrielmachine/pico/pico-sdk/src/rp2_common/hardware_sync/sync.c.o
 .rodata.spin_lock_claim_unused.str1.4
                0x1000a2bc       0x1b CMakeFiles/Pratica6.dir/home/gabrielmachine/pico/pico-sdk/src/rp2_common/hardware_sync/sync.c.o
 .rodata.user_irq_claim_unused.str1.4
                0x1000a2bc       0x1b CMakeFiles/Pratica6.dir/home/gabrielmachine/pico/pico-sdk/src/rp2_common/hardware_irq/irq.c.o
 .rodata.timer_hardware_alarm_claim.str1.4
                0x1000a2bc       0x22 CMakeFiles/Pratica6.dir/home/gabrielmachine/pico/pico-sdk/src/rp2_common/hardware_timer/timer.c.o
 .rodata.hard_assertion_failure.str1.4
                0x1000a2bc        0xc CMakeFiles/Pratica6.dir/home/gabrielmachine/pico/pico-sdk/src/rp2_common/pico_runtime/runtime.c.o
 .rodata.str1.4
                0x1000a2bc       0x40 CMakeFiles/Pratica6.dir/home/gabrielmachine/pico/pico-sdk/src/rp2_common/pico_standard_binary_info/standard_binary_info.c.o
 .rodata.__bi_84
                0x1000a2bc        0xc CMakeFiles/Pratica6.dir/home/gabrielmachine/pico/pico-sdk/src/rp2_common/pico_standard_binary_info/standard_binary_info.c.o
 .rodata.__bi_78
                0x1000a2c8        0xc CMakeFiles/Pratica6.dir/home/gabrielmachine/pico/pico-sdk/src/rp2_common/pico_standard_binary_info/standard_binary_info.c.o
 .rodata.__bi_54
                0x1000a2d4        0xc CMakeFiles/Pratica6.dir/home/gabrielmachine/pico/pico-sdk/src/rp2_common/pico_standard_binary_info/standard_binary_info.c.o
 .rodata.__bi_48
                0x1000a2e0        0xc CMakeFiles/Pratica6.dir/home/gabrielmachine/pico/pico-sdk/src/rp2_common/pico_standard_binary_info/standard_binary_info.c.o
 .rodata.__bi_42
                0x1000a2ec        0xc CMakeFiles/Pratica6.dir/home/gabrielmachine/pico/pico-sdk/src/rp2_common/pico_standard_binary_info/standard_binary_info.c.o
 .rodata.__bi_34
                0x1000a2f8        0xc CMakeFiles/Pratica6.dir/home/gabrielmachine/pico/pico-sdk/src/rp2_common/pico_standard_binary_info/standard_binary_info.c.o
 .rodata.__bi_26
                0x1000a304        0xc CMakeFiles/Pratica6.dir/home/gabrielmachine/pico/pico-sdk/src/rp2_common/pico_standard_binary_info/standard_binary_info.c.o
 .rodata._ftoa.str1.4
                0x1000a310       0x15 CMakeFiles/Pratica6.dir/home/gabrielmachine/pico/pico-sdk/src/rp2_common/pico_printf/printf.c.o
 .rodata._vsnprintf
                0x1000a310      0x19c CMakeFiles/Pratica6.dir/home/gabrielmachine/pico/pico-sdk/src/rp2_common/pico_printf/printf.c.o
 *fill*         0x1000a4ac        0x4 
 .rodata.pow10.0
                0x1000a4b0       0x50 CMakeFiles/Pratica6.dir/home/gabrielmachine/pico/pico-sdk/src/rp2_common/pico_printf/printf.c.o
 .rodata.crlf_str.0
                0x1000a500        0x2 CMakeFiles/Pratica6.dir/home/gabrielmachine/pico/pico-sdk/src/rp2_common/pico_stdio/stdio.c.o
 *fill*         0x1000a502        0x2 
 .rodata._resetd_driver
                0x1000a504       0x20 CMakeFiles/Pratica6.dir/home/gabrielmachine/pico/pico-sdk/src/rp2_common/pico_stdio_usb/reset_interface.c.o
 .rodata.desc_ms_os_20
                0x1000a524       0xa6 CMakeFiles/Pratica6.dir/home/gabrielmachine/pico/pico-sdk/src/rp2_common/pico_stdio_usb/reset_interface.c.o
 *fill*         0x1000a5ca        0x2 
 .rodata.desc_bos
                0x1000a5cc       0x21 CMakeFiles/Pratica6.dir/home/gabrielmachine/pico/pico-sdk/src/rp2_common/pico_stdio_usb/reset_interface.c.o
                0x1000a5cc                desc_bos
 .rodata.str1.4
                0x1000a5ed       0x13 CMakeFiles/Pratica6.dir/home/gabrielmachine/pico/pico-sdk/src/rp2_common/pico_stdio_usb/stdio_usb.c.o
 *fill*         0x1000a5ed        0x3 
 .rodata.__bi_197.0
                0x1000a5f0        0xc CMakeFiles/Pratica6.dir/home/gabrielmachine/pico/pico-sdk/src/rp2_common/pico_stdio_usb/stdio_usb.c.o
 .rodata.str1.4
                0x1000a5fc       0x2a CMakeFiles/Pratica6.dir/home/gabrielmachine/pico/pico-sdk/src/rp2_common/pico_stdio_usb/stdio_usb_descriptors.c.o
 .rodata.usbd_desc_str
                0x1000a5fc       0x18 CMakeFiles/Pratica6.dir/home/gabrielmachine/pico/pico-sdk/src/rp2_common/pico_stdio_usb/stdio_usb_descriptors.c.o
 .rodata.usbd_desc_cfg
                0x1000a614       0x54 CMakeFiles/Pratica6.dir/home/gabrielmachine/pico/pico-sdk/src/rp2_common/pico_stdio_usb/stdio_usb_descriptors.c.o
 .rodata.usbd_desc_device
                0x1000a668       0x12 CMakeFiles/Pratica6.dir/home/gabrielmachine/pico/pico-sdk/src/rp2_common/pico_stdio_usb/stdio_usb_descriptors.c.o
 .rodata.str1.4
                0x1000a67a       0x14 CMakeFiles/Pratica6.dir/home/gabrielmachine/pico/pico-sdk/lib/tinyusb/src/portable/raspberrypi/rp2040/dcd_rp2040.c.o
 .rodata.str1.4
                0x1000a67a       0x48 CMakeFiles/Pratica6.dir/home/gabrielmachine/pico/pico-sdk/lib/tinyusb/src/portable/raspberrypi/rp2040/rp2040_usb.c.o
 *fill*         0x1000a67a        0x2 
 .rodata.tud_task_ext
                0x1000a67c       0x8c CMakeFiles/Pratica6.dir/home/gabrielmachine/pico/pico-sdk/lib/tinyusb/src/device/usbd.c.o
 .rodata        0x1000a708       0x1c CMakeFiles/Pratica6.dir/home/gabrielmachine/pico/pico-sdk/lib/tinyusb/src/device/usbd.c.o
 .rodata._usbd_driver
                0x1000a724       0x40 CMakeFiles/Pratica6.dir/home/gabrielmachine/pico/pico-sdk/lib/tinyusb/src/device/usbd.c.o
 .rodata.uxTopUsedPriority
                0x1000a764        0x4 CMakeFiles/Pratica6.dir/home/gabrielmachine/FreeRTOS-Kernel/tasks.c.o
 .rodata.prvTimerTask
                0x1000a768       0x28 CMakeFiles/Pratica6.dir/home/gabrielmachine/FreeRTOS-Kernel/timers.c.o
 .rodata.xTimerCreateTimerTask.str1.4
                0x1000a790       0x10 CMakeFiles/Pratica6.dir/home/gabrielmachine/FreeRTOS-Kernel/timers.c.o
                0x1000a7a0                        . = ALIGN (0x4)
 *(SORT_BY_ALIGNMENT(SORT_BY_NAME(.flashdata*)))
                0x1000a7a0                        . = ALIGN (0x4)

.ARM.extab
 *(.ARM.extab* .gnu.linkonce.armextab.*)
                0x1000a790                        __exidx_start = .

.ARM.exidx
 *(.ARM.exidx* .gnu.linkonce.armexidx.*)
                0x1000a790                        __exidx_end = .
                0x1000a7a0                        . = ALIGN (0x4)
                0x1000a790                        __binary_info_start = .

.binary_info    0x1000a790       0x20
 *(.binary_info.keep.*)
 .binary_info.keep.__bi_ptr84
                0x1000a790        0x4 CMakeFiles/Pratica6.dir/home/gabrielmachine/pico/pico-sdk/src/rp2_common/pico_standard_binary_info/standard_binary_info.c.o
 .binary_info.keep.__bi_ptr78
                0x1000a794        0x4 CMakeFiles/Pratica6.dir/home/gabrielmachine/pico/pico-sdk/src/rp2_common/pico_standard_binary_info/standard_binary_info.c.o
 .binary_info.keep.__bi_ptr54
                0x1000a798        0x4 CMakeFiles/Pratica6.dir/home/gabrielmachine/pico/pico-sdk/src/rp2_common/pico_standard_binary_info/standard_binary_info.c.o
 .binary_info.keep.__bi_ptr48
                0x1000a79c        0x4 CMakeFiles/Pratica6.dir/home/gabrielmachine/pico/pico-sdk/src/rp2_common/pico_standard_binary_info/standard_binary_info.c.o
 .binary_info.keep.__bi_ptr42
                0x1000a7a0        0x4 CMakeFiles/Pratica6.dir/home/gabrielmachine/pico/pico-sdk/src/rp2_common/pico_standard_binary_info/standard_binary_info.c.o
 .binary_info.keep.__bi_ptr34
                0x1000a7a4        0x4 CMakeFiles/Pratica6.dir/home/gabrielmachine/pico/pico-sdk/src/rp2_common/pico_standard_binary_info/standard_binary_info.c.o
 .binary_info.keep.__bi_ptr26
                0x1000a7a8        0x4 CMakeFiles/Pratica6.dir/home/gabrielmachine/pico/pico-sdk/src/rp2_common/pico_standard_binary_info/standard_binary_info.c.o
 *(.binary_info.*)
 .binary_info.__bi_ptr197
                0x1000a7ac        0x4 CMakeFiles/Pratica6.dir/home/gabrielmachine/pico/pico-sdk/src/rp2_common/pico_stdio_usb/stdio_usb.c.o
                0x1000a7b0                        __binary_info_end = .

.rel.dyn        0x1000a7b0        0x0
 .rel.iplt      0x1000a7b0        0x0 /usr/lib/gcc/arm-none-eabi/13.2.1/thumb/v6-m/nofp/crtbegin.o
                0x1000a7b0                        . = ALIGN (0x4)

.ram_vector_table
                0x20000000       0xc0
 *(.ram_vector_table)
 .ram_vector_table
                0x20000000       0xc0 CMakeFiles/Pratica6.dir/home/gabrielmachine/pico/pico-sdk/src/rp2_common/pico_runtime_init/runtime_init.c.o
                0x20000000                ram_vector_table

.uninitialized_data
                0x200000c0        0x0
                0x200000c0                        . = ALIGN (0x4)
 *(.uninitialized_data*)

.data           0x200000c0      0xf68 load address 0x1000a7b0
                0x200000c0                        __data_start__ = .
 *(vtable)
 *(.time_critical*)
 .time_critical.mutex_try_enter
                0x200000c0       0x40 CMakeFiles/Pratica6.dir/home/gabrielmachine/pico/pico-sdk/src/common/pico_sync/mutex.c.o
                0x200000c0                mutex_try_enter
 .time_critical.mutex_try_enter_block_until
                0x20000100       0xa0 CMakeFiles/Pratica6.dir/home/gabrielmachine/pico/pico-sdk/src/common/pico_sync/mutex.c.o
                0x20000100                mutex_try_enter_block_until
 .time_critical.mutex_enter_timeout_ms
                0x200001a0       0x78 CMakeFiles/Pratica6.dir/home/gabrielmachine/pico/pico-sdk/src/common/pico_sync/mutex.c.o
                0x200001a0                mutex_enter_timeout_ms
 .time_critical.mutex_exit
                0x20000218       0x20 CMakeFiles/Pratica6.dir/home/gabrielmachine/pico/pico-sdk/src/common/pico_sync/mutex.c.o
                0x20000218                mutex_exit
 .time_critical.flash_init_boot2_copyout
                0x20000238       0x30 CMakeFiles/Pratica6.dir/home/gabrielmachine/pico/pico-sdk/src/rp2_common/hardware_flash/flash.c.o
 .time_critical.flash_enable_xip_via_boot2
                0x20000268        0xc CMakeFiles/Pratica6.dir/home/gabrielmachine/pico/pico-sdk/src/rp2_common/hardware_flash/flash.c.o
 .time_critical.flash_cs_force
                0x20000274       0x38 CMakeFiles/Pratica6.dir/home/gabrielmachine/pico/pico-sdk/src/rp2_common/hardware_flash/flash.c.o
 .time_critical.flash_do_cmd
                0x200002ac       0xc0 CMakeFiles/Pratica6.dir/home/gabrielmachine/pico/pico-sdk/src/rp2_common/hardware_flash/flash.c.o
                0x200002ac                flash_do_cmd
 .time_critical.reset_non_control_endpoints
                0x2000036c       0x68 CMakeFiles/Pratica6.dir/home/gabrielmachine/pico/pico-sdk/lib/tinyusb/src/portable/raspberrypi/rp2040/dcd_rp2040.c.o
 .time_critical.hw_handle_buff_status
                0x200003d4       0xa0 CMakeFiles/Pratica6.dir/home/gabrielmachine/pico/pico-sdk/lib/tinyusb/src/portable/raspberrypi/rp2040/dcd_rp2040.c.o
 .time_critical.dcd_rp2040_irq
                0x20000474      0x544 CMakeFiles/Pratica6.dir/home/gabrielmachine/pico/pico-sdk/lib/tinyusb/src/portable/raspberrypi/rp2040/dcd_rp2040.c.o
 .time_critical.prepare_ep_buffer
                0x200009b8       0xe0 CMakeFiles/Pratica6.dir/home/gabrielmachine/pico/pico-sdk/lib/tinyusb/src/portable/raspberrypi/rp2040/rp2040_usb.c.o
 .time_critical.sync_ep_buffer
                0x20000a98       0xa8 CMakeFiles/Pratica6.dir/home/gabrielmachine/pico/pico-sdk/lib/tinyusb/src/portable/raspberrypi/rp2040/rp2040_usb.c.o
 .time_critical._hw_endpoint_xfer_sync
                0x20000b40       0x28 CMakeFiles/Pratica6.dir/home/gabrielmachine/pico/pico-sdk/lib/tinyusb/src/portable/raspberrypi/rp2040/rp2040_usb.c.o
 .time_critical.e15_is_bulkin_ep
                0x20000b68       0x28 CMakeFiles/Pratica6.dir/home/gabrielmachine/pico/pico-sdk/lib/tinyusb/src/portable/raspberrypi/rp2040/rp2040_usb.c.o
 .time_critical.e15_is_critical_frame_period
                0x20000b90       0x34 CMakeFiles/Pratica6.dir/home/gabrielmachine/pico/pico-sdk/lib/tinyusb/src/portable/raspberrypi/rp2040/rp2040_usb.c.o
 .time_critical.hw_endpoint_reset_transfer
                0x20000bc4        0xc CMakeFiles/Pratica6.dir/home/gabrielmachine/pico/pico-sdk/lib/tinyusb/src/portable/raspberrypi/rp2040/rp2040_usb.c.o
                0x20000bc4                hw_endpoint_reset_transfer
 .time_critical._hw_endpoint_buffer_control_update32
                0x20000bd0       0x50 CMakeFiles/Pratica6.dir/home/gabrielmachine/pico/pico-sdk/lib/tinyusb/src/portable/raspberrypi/rp2040/rp2040_usb.c.o
                0x20000bd0                _hw_endpoint_buffer_control_update32
 .time_critical.hw_endpoint_start_next_buffer
                0x20000c20       0x6c CMakeFiles/Pratica6.dir/home/gabrielmachine/pico/pico-sdk/lib/tinyusb/src/portable/raspberrypi/rp2040/rp2040_usb.c.o
                0x20000c20                hw_endpoint_start_next_buffer
 .time_critical.hw_endpoint_xfer_continue
                0x20000c8c       0x40 CMakeFiles/Pratica6.dir/home/gabrielmachine/pico/pico-sdk/lib/tinyusb/src/portable/raspberrypi/rp2040/rp2040_usb.c.o
                0x20000c8c                hw_endpoint_xfer_continue
 .time_critical.tinyusb
                0x20000ccc      0x1e4 CMakeFiles/Pratica6.dir/home/gabrielmachine/pico/pico-sdk/lib/tinyusb/src/device/usbd.c.o
                0x20000ccc                dcd_event_handler
 *(.text*)
 .text          0x20000eb0        0x4 /usr/lib/gcc/arm-none-eabi/13.2.1/thumb/v6-m/nofp/libgcc.a(_dvmd_tls.o)
                0x20000eb0                __aeabi_ldiv0
                0x20000eb0                __aeabi_idiv0
 *fill*         0x20000eb4        0x4 
 .text.__stub   0x20000eb8       0xa0 linker stubs
                0x20000f58                        . = ALIGN (0x4)
 *(.rodata*)
                0x20000f58                        . = ALIGN (0x4)
 *(.data*)
 .data.striped_spin_lock_num
                0x20000f58        0x1 CMakeFiles/Pratica6.dir/home/gabrielmachine/pico/pico-sdk/src/rp2_common/hardware_sync/sync.c.o
 *fill*         0x20000f59        0x3 
 .data          0x20000f5c       0x48 CMakeFiles/Pratica6.dir/home/gabrielmachine/pico/pico-sdk/src/rp2_common/hardware_irq/irq_handler_chain.S.o
                0x20000f5c                irq_handler_chain_slots
                0x20000f8c                irq_handler_chain_first_slot
                0x20000f96                irq_handler_chain_remove_tail
 .data.default_alarm_pool
                0x20000fa4       0x18 CMakeFiles/Pratica6.dir/home/gabrielmachine/pico/pico-sdk/src/common/pico_time/time.c.o
 *fill*         0x20000fbc        0x4 
 .data.aeabi_bits_funcs
                0x20000fc0       0x10 CMakeFiles/Pratica6.dir/home/gabrielmachine/pico/pico-sdk/src/rp2_common/pico_bit_ops/bit_ops_aeabi.S.o
                0x20000fc0                aeabi_bits_funcs
                0x20000fd0                aeabi_bits_funcs_end
 .data.aeabi_mem_funcs
                0x20000fd0       0x10 CMakeFiles/Pratica6.dir/home/gabrielmachine/pico/pico-sdk/src/rp2_common/pico_mem_ops/mem_ops_aeabi.S.o
                0x20000fd0                aeabi_mem_funcs
                0x20000fe0                aeabi_mem_funcs_end
 .data.stdio_usb
                0x20000fe0       0x18 CMakeFiles/Pratica6.dir/home/gabrielmachine/pico/pico-sdk/src/rp2_common/pico_stdio_usb/stdio_usb.c.o
                0x20000fe0                stdio_usb
 .data._usbd_qdef
                0x20000ff8       0x1c CMakeFiles/Pratica6.dir/home/gabrielmachine/pico/pico-sdk/lib/tinyusb/src/device/usbd.c.o
                0x20000ff8                _usbd_qdef
 .data._usbd_rhport
                0x20001014        0x1 CMakeFiles/Pratica6.dir/home/gabrielmachine/pico/pico-sdk/lib/tinyusb/src/device/usbd.c.o
 .data.ucPrimaryCoreNum
                0x20001015        0x1 CMakeFiles/Pratica6.dir/home/gabrielmachine/FreeRTOS-Kernel/portable/ThirdParty/GCC/RP2040/port.c.o
                0x20001018                        . = ALIGN (0x4)
 *fill*         0x20001016        0x2 
 *(.after_data.*)
                0x20001018                        . = ALIGN (0x4)
                0x20001018                        PROVIDE (__mutex_array_start = .)
 *(SORT_BY_NAME(.mutex_array.*))
 *(.mutex_array)
 .mutex_array   0x20001018        0x8 CMakeFiles/Pratica6.dir/home/gabrielmachine/pico/pico-sdk/src/rp2_common/pico_malloc/malloc.c.o
 .mutex_array   0x20001020        0x8 CMakeFiles/Pratica6.dir/home/gabrielmachine/pico/pico-sdk/src/rp2_common/pico_stdio/stdio.c.o
                0x20001028                        PROVIDE (__mutex_array_end = .)
                0x20001028                        . = ALIGN (0x4)
 *(.jcr)
                0x20001028                        . = ALIGN (0x4)

.tm_clone_table
                0x20001028        0x0 load address 0x1000b718
 .tm_clone_table
                0x20001028        0x0 /usr/lib/gcc/arm-none-eabi/13.2.1/thumb/v6-m/nofp/crtbegin.o
 .tm_clone_table