Archive member included to satisfy reference by file (symbol)

/usr/lib/gcc/arm-none-eabi/13.2.1/thumb/v6-m/nofp/libgcc.a(_dvmd_tls.o)
                              CMakeFiles/Pratica05_2.dir/home/gabrielmachine/pico/pico-sdk/src/rp2_common/pico_divider/divider_hardware.S.o (__aeabi_idiv0)
/usr/lib/gcc/arm-none-eabi/13.2.1/../../../arm-none-eabi/lib/thumb/v6-m/nofp/libg.a(libc_a-calloc.o)
                              CMakeFiles/Pratica05_2.dir/home/gabrielmachine/pico/pico-sdk/src/rp2_common/pico_malloc/malloc.c.o (calloc)
/usr/lib/gcc/arm-none-eabi/13.2.1/../../../arm-none-eabi/lib/thumb/v6-m/nofp/libg.a(libc_a-impure.o)
                              /usr/lib/gcc/arm-none-eabi/13.2.1/../../../arm-none-eabi/lib/thumb/v6-m/nofp/libg.a(libc_a-calloc.o) (_impure_ptr)
/usr/lib/gcc/arm-none-eabi/13.2.1/../../../arm-none-eabi/lib/thumb/v6-m/nofp/libg.a(libc_a-callocr.o)
                              /usr/lib/gcc/arm-none-eabi/13.2.1/../../../arm-none-eabi/lib/thumb/v6-m/nofp/libg.a(libc_a-calloc.o) (_calloc_r)
/usr/lib/gcc/arm-none-eabi/13.2.1/../../../arm-none-eabi/lib/thumb/v6-m/nofp/libg.a(libc_a-realloc.o)
                              CMakeFiles/Pratica05_2.dir/home/gabrielmachine/pico/pico-sdk/src/rp2_common/pico_malloc/malloc.c.o (realloc)
/usr/lib/gcc/arm-none-eabi/13.2.1/../../../arm-none-eabi/lib/thumb/v6-m/nofp/libg.a(libc_a-mallocr.o)
                              /usr/lib/gcc/arm-none-eabi/13.2.1/../../../arm-none-eabi/lib/thumb/v6-m/nofp/libg.a(libc_a-callocr.o) (_malloc_r)
/usr/lib/gcc/arm-none-eabi/13.2.1/../../../arm-none-eabi/lib/thumb/v6-m/nofp/libg.a(libc_a-freer.o)
                              /usr/lib/gcc/arm-none-eabi/13.2.1/../../../arm-none-eabi/lib/thumb/v6-m/nofp/libg.a(libc_a-mallocr.o) (_free_r)
/usr/lib/gcc/arm-none-eabi/13.2.1/../../../arm-none-eabi/lib/thumb/v6-m/nofp/libg.a(libc_a-memcmp.o)
                              CMakeFiles/Pratica05_2.dir/home/gabrielmachine/pico/pico-sdk/src/rp2_common/pico_atomic/atomic.c.o (memcmp)
/usr/lib/gcc/arm-none-eabi/13.2.1/../../../arm-none-eabi/lib/thumb/v6-m/nofp/libg.a(libc_a-malloc.o)
                              CMakeFiles/Pratica05_2.dir/home/gabrielmachine/pico/pico-sdk/src/rp2_common/pico_malloc/malloc.c.o (malloc)
/usr/lib/gcc/arm-none-eabi/13.2.1/../../../arm-none-eabi/lib/thumb/v6-m/nofp/libg.a(libc_a-sysconf.o)
                              /usr/lib/gcc/arm-none-eabi/13.2.1/../../../arm-none-eabi/lib/thumb/v6-m/nofp/libg.a(libc_a-mallocr.o) (sysconf)
/usr/lib/gcc/arm-none-eabi/13.2.1/../../../arm-none-eabi/lib/thumb/v6-m/nofp/libg.a(libc_a-init.o)
                              /usr/lib/gcc/arm-none-eabi/13.2.1/../../../arm-none-eabi/lib/thumb/v6-m/nofp/crt0.o (__libc_init_array)
/usr/lib/gcc/arm-none-eabi/13.2.1/../../../arm-none-eabi/lib/thumb/v6-m/nofp/libg.a(libc_a-reallocr.o)
                              /usr/lib/gcc/arm-none-eabi/13.2.1/../../../arm-none-eabi/lib/thumb/v6-m/nofp/libg.a(libc_a-realloc.o) (_realloc_r)
/usr/lib/gcc/arm-none-eabi/13.2.1/../../../arm-none-eabi/lib/thumb/v6-m/nofp/libg.a(libc_a-mktime.o)
                              CMakeFiles/Pratica05_2.dir/home/gabrielmachine/pico/pico-sdk/src/common/pico_util/datetime.c.o (mktime)
/usr/lib/gcc/arm-none-eabi/13.2.1/../../../arm-none-eabi/lib/thumb/v6-m/nofp/libg.a(libc_a-mlock.o)
                              /usr/lib/gcc/arm-none-eabi/13.2.1/../../../arm-none-eabi/lib/thumb/v6-m/nofp/libg.a(libc_a-mallocr.o) (__malloc_lock)
/usr/lib/gcc/arm-none-eabi/13.2.1/../../../arm-none-eabi/lib/thumb/v6-m/nofp/libg.a(libc_a-findfp.o)
                              /usr/lib/gcc/arm-none-eabi/13.2.1/../../../arm-none-eabi/lib/thumb/v6-m/nofp/libg.a(libc_a-impure.o) (__sf)
/usr/lib/gcc/arm-none-eabi/13.2.1/../../../arm-none-eabi/lib/thumb/v6-m/nofp/libg.a(libc_a-tzlock.o)
                              /usr/lib/gcc/arm-none-eabi/13.2.1/../../../arm-none-eabi/lib/thumb/v6-m/nofp/libg.a(libc_a-mktime.o) (__tz_lock)
/usr/lib/gcc/arm-none-eabi/13.2.1/../../../arm-none-eabi/lib/thumb/v6-m/nofp/libg.a(libc_a-atexit.o)
                              /usr/lib/gcc/arm-none-eabi/13.2.1/../../../arm-none-eabi/lib/thumb/v6-m/nofp/crt0.o (atexit)
/usr/lib/gcc/arm-none-eabi/13.2.1/../../../arm-none-eabi/lib/thumb/v6-m/nofp/libg.a(libc_a-lcltime_r.o)
                              CMakeFiles/Pratica05_2.dir/home/gabrielmachine/pico/pico-sdk/src/common/pico_util/datetime.c.o (localtime_r)
/usr/lib/gcc/arm-none-eabi/13.2.1/../../../arm-none-eabi/lib/thumb/v6-m/nofp/libg.a(libc_a-strlen-stub.o)
                              CMakeFiles/Pratica05_2.dir/home/gabrielmachine/pico/pico-sdk/src/rp2_common/pico_stdio/stdio.c.o (strlen)
/usr/lib/gcc/arm-none-eabi/13.2.1/../../../arm-none-eabi/lib/thumb/v6-m/nofp/libg.a(libc_a-sbrkr.o)
                              /usr/lib/gcc/arm-none-eabi/13.2.1/../../../arm-none-eabi/lib/thumb/v6-m/nofp/libg.a(libc_a-mallocr.o) (_sbrk_r)
/usr/lib/gcc/arm-none-eabi/13.2.1/../../../arm-none-eabi/lib/thumb/v6-m/nofp/libg.a(libc_a-fini.o)
[...]
Memory Configuration

Name             Origin             Length             Attributes
FLASH            0x10000000         0x00200000         xr
RAM              0x20000000         0x00040000         xrw
SCRATCH_X        0x20040000         0x00001000         xrw
SCRATCH_Y        0x20041000         0x00001000         xrw
*default*        0x00000000         0xffffffff

Linker script and memory map

LOAD /usr/lib/gcc/arm-none-eabi/13.2.1/thumb/v6-m/nofp/crti.o
LOAD /usr/lib/gcc/arm-none-eabi/13.2.1/thumb/v6-m/nofp/crtbegin.o
LOAD /usr/lib/gcc/arm-none-eabi/13.2.1/../../../arm-none-eabi/lib/thumb/v6-m/nofp/crt0.o

.flash_begin    0x10000000        0x0
                0x10000000                        __flash_binary_start = .

.boot2          0x10000000      0x100
                0x10000000                        __boot2_start__ = .
 *(.boot2)
 .boot2         0x10000000      0x100 pico-sdk/src/rp2040/boot_stage2/CMakeFiles/bs2_default_library.dir/bs2_default_padded_checksummed.S.o
                0x10000100                        __boot2_end__ = .
                0x00000001                        ASSERT (((__boot2_end__ - __boot2_start__) == 0x100), ERROR: Pico second stage bootloader must be 256 bytes in size)

.text           0x10000100     0x866c
                0x10000100                        __logical_binary_start = .
 *(.vectors)
 .vectors       0x10000100       0xd4 CMakeFiles/Pratica05_2.dir/home/gabrielmachine/pico/pico-sdk/src/rp2_common/pico_crt0/crt0.S.o
                0x10000100                __vectors
                0x10000100                __VECTOR_TABLE
                0x100001c0                isr_invalid
                0x100001c0                __default_isrs_start
                0x100001c2                isr_nmi
                0x100001c4                isr_hardfault
                0x100001c6                isr_svcall
                0x100001c8                isr_pendsv
                0x100001ca                isr_systick
                0x100001cc                isr_irq30
                0x100001cc                __unhandled_user_irq
                0x100001cc                isr_irq13
                0x100001cc                isr_irq27
                0x100001cc                isr_irq31
                0x100001cc                isr_irq5
                0x100001cc                isr_irq11
                0x100001cc                isr_irq23
                0x100001cc                isr_irq18
                0x100001cc                isr_irq28
                0x100001cc                isr_irq19
                0x100001cc                isr_irq0
                0x100001cc                isr_irq6
                0x100001cc                isr_irq22
                0x100001cc                isr_irq17
                0x100001cc                isr_irq14
                0x100001cc                isr_irq2
                0x100001cc                isr_irq10
                0x100001cc                isr_irq8
                0x100001cc                isr_irq24
                0x100001cc                isr_irq1
                0x100001cc                isr_irq7
                0x100001cc                isr_irq21
                0x100001cc                isr_irq20
                0x100001cc                isr_irq15
                0x100001cc                isr_irq25
                0x100001cc                isr_irq4
                0x100001cc                isr_irq16
                0x100001cc                isr_irq29
                0x100001cc                isr_irq26
                0x100001cc                __default_isrs_end
                0x100001cc                isr_irq3
                0x100001cc                isr_irq12
                0x100001cc                isr_irq9
                0x100001d2                unhandled_user_irq_num_in_r0
 *(.binary_info_header)
 .binary_info_header
                0x100001d4       0x14 CMakeFiles/Pratica05_2.dir/home/gabrielmachine/pico/pico-sdk/src/rp2_common/pico_crt0/crt0.S.o
                0x100001e8                        __binary_info_header_end = .
 *(.embedded_block)
                0x100001e8                        __embedded_block_end = .
 *(.reset)
 .reset         0x100001e8       0x9c CMakeFiles/Pratica05_2.dir/home/gabrielmachine/pico/pico-sdk/src/rp2_common/pico_crt0/crt0.S.o
                0x100001e8                _entry_point
 *(.init)
 .init          0x10000284        0x4 /usr/lib/gcc/arm-none-eabi/13.2.1/thumb/v6-m/nofp/crti.o
                0x10000284                _init
 *(EXCLUDE_FILE(*libm.a: *libc.a:*lib_a-mem*.o *libgcc.a:) .text*)
 .text          0x10000288       0x98 /usr/lib/gcc/arm-none-eabi/13.2.1/thumb/v6-m/nofp/crtbegin.o
 .text.button_task
                0x10000320       0x84 CMakeFiles/Pratica05_2.dir/main.c.o
                0x10000320                button_task
 .text.semaphore_test_task
                0x100003a4       0x5c CMakeFiles/Pratica05_2.dir/main.c.o
                0x100003a4                semaphore_test_task
 .text.led_task
                0x10000400       0x48 CMakeFiles/Pratica05_2.dir/main.c.o
                0x10000400                led_task
 .text.button_isr
                0x10000448       0x3c CMakeFiles/Pratica05_2.dir/main.c.o
                0x10000448                button_isr
 .text.startup.main
                0x10000484       0xe0 CMakeFiles/Pratica05_2.dir/main.c.o
                0x10000484                main
 .text.gpio_default_irq_handler
                0x10000564      0x274 CMakeFiles/Pratica05_2.dir/home/gabrielmachine/pico/pico-sdk/src/rp2_common/hardware_gpio/gpio.c.o
 .text.gpio_set_pulls
                0x100007d8       0x28 CMakeFiles/Pratica05_2.dir/home/gabrielmachine/pico/pico-sdk/src/rp2_common/hardware_gpio/gpio.c.o
                0x100007d8                gpio_set_pulls
 .text.gpio_set_irq_enabled_with_callback
                0x10000800       0xd0 CMakeFiles/Pratica05_2.dir/home/gabrielmachine/pico/pico-sdk/src/rp2_common/hardware_gpio/gpio.c.o
                0x10000800                gpio_set_irq_enabled_with_callback
 .text.gpio_init
                0x100008d0       0x40 CMakeFiles/Pratica05_2.dir/home/gabrielmachine/pico/pico-sdk/src/rp2_common/hardware_gpio/gpio.c.o
                0x100008d0                gpio_init
 .text.rp2040_chip_version
                0x10000910        0xc CMakeFiles/Pratica05_2.dir/home/gabrielmachine/pico/pico-sdk/src/rp2040/pico_platform/platform.c.o
                0x10000910                rp2040_chip_version
 .text.panic    0x1000091c       0x30 CMakeFiles/Pratica05_2.dir/home/gabrielmachine/pico/pico-sdk/src/rp2_common/pico_platform_panic/panic.c.o
                0x1000091c                panic
 .text.panic_unsupported
                0x1000094c        0xc CMakeFiles/Pratica05_2.dir/home/gabrielmachine/pico/pico-sdk/src/rp2_common/pico_platform_panic/panic.c.o
                0x1000094c                panic_unsupported
 .text.hw_claim_or_assert
                0x10000958       0x44 CMakeFiles/Pratica05_2.dir/home/gabrielmachine/pico/pico-sdk/src/common/hardware_claim/claim.c.o
                0x10000958                hw_claim_or_assert
 .text.hw_claim_unused_from_range
                0x1000099c       0x9c CMakeFiles/Pratica05_2.dir/home/gabrielmachine/pico/pico-sdk/src/common/hardware_claim/claim.c.o
                0x1000099c                hw_claim_unused_from_range
 .text.next_striped_spin_lock_num
                0x10000a38       0x18 CMakeFiles/Pratica05_2.dir/home/gabrielmachine/pico/pico-sdk/src/rp2_common/hardware_sync/sync.c.o
                0x10000a38                next_striped_spin_lock_num
 .text.spin_lock_claim
                0x10000a50       0x18 CMakeFiles/Pratica05_2.dir/home/gabrielmachine/pico/pico-sdk/src/rp2_common/hardware_sync/sync.c.o
                0x10000a50                spin_lock_claim
 .text.spin_lock_claim_unused
                0x10000a68       0x24 CMakeFiles/Pratica05_2.dir/home/gabrielmachine/pico/pico-sdk/src/rp2_common/hardware_sync/sync.c.o
                0x10000a68                spin_lock_claim_unused
 .text.spin_locks_reset
                0x10000a8c       0x1c CMakeFiles/Pratica05_2.dir/home/gabrielmachine/pico/pico-sdk/src/rp2_common/hardware_sync_spin_lock/sync_spin_lock.c.o
                0x10000a8c                spin_locks_reset
 .text.runtime_init_per_core_irq_priorities
                0x10000aa8       0x24 CMakeFiles/Pratica05_2.dir/home/gabrielmachine/pico/pico-sdk/src/rp2_common/hardware_irq/irq.c.o
                0x10000aa8                runtime_init_per_core_irq_priorities
 .text.irq_set_enabled
                0x10000acc       0x24 CMakeFiles/Pratica05_2.dir/home/gabrielmachine/pico/pico-sdk/src/rp2_common/hardware_irq/irq.c.o
                0x10000acc                irq_set_enabled
 .text.irq_is_enabled
                0x10000af0       0x18 CMakeFiles/Pratica05_2.dir/home/gabrielmachine/pico/pico-sdk/src/rp2_common/hardware_irq/irq.c.o
                0x10000af0                irq_is_enabled
 .text.irq_set_pending
                0x10000b08       0x10 CMakeFiles/Pratica05_2.dir/home/gabrielmachine/pico/pico-sdk/src/rp2_common/hardware_irq/irq.c.o
                0x10000b08                irq_set_pending
 .text.irq_has_shared_handler
                0x10000b18       0x24 CMakeFiles/Pratica05_2.dir/home/gabrielmachine/pico/pico-sdk/src/rp2_common/hardware_irq/irq.c.o
                0x10000b18                irq_has_shared_handler
 .text.irq_set_exclusive_handler
                0x10000b3c       0x54 CMakeFiles/Pratica05_2.dir/home/gabrielmachine/pico/pico-sdk/src/rp2_common/hardware_irq/irq.c.o
                0x10000b3c                irq_set_exclusive_handler
 .text.irq_add_shared_handler
                0x10000b90      0x1f4 CMakeFiles/Pratica05_2.dir/home/gabrielmachine/pico/pico-sdk/src/rp2_common/hardware_irq/irq.c.o
                0x10000b90                irq_add_shared_handler
 .text.irq_remove_handler
                0x10000d84      0x1d4 CMakeFiles/Pratica05_2.dir/home/gabrielmachine/pico/pico-sdk/src/rp2_common/hardware_irq/irq.c.o
                0x10000d84                irq_remove_handler
 .text.irq_set_priority
                0x10000f58       0x28 CMakeFiles/Pratica05_2.dir/home/gabrielmachine/pico/pico-sdk/src/rp2_common/hardware_irq/irq.c.o
                0x10000f58                irq_set_priority
 .text.irq_add_tail_to_free_list
                0x10000f80       0xb4 CMakeFiles/Pratica05_2.dir/home/gabrielmachine/pico/pico-sdk/src/rp2_common/hardware_irq/irq.c.o
                0x10000f80                irq_add_tail_to_free_list
 .text.user_irq_claim_unused
                0x10001034       0x2c CMakeFiles/Pratica05_2.dir/home/gabrielmachine/pico/pico-sdk/src/rp2_common/hardware_irq/irq.c.o
                0x10001034                user_irq_claim_unused
 .text.lock_init
                0x10001060       0x10 CMakeFiles/Pratica05_2.dir/home/gabrielmachine/pico/pico-sdk/src/common/pico_sync/lock_core.c.o
                0x10001060                lock_init
 .text.runtime_init_mutex
                0x10001070       0x54 CMakeFiles/Pratica05_2.dir/home/gabrielmachine/pico/pico-sdk/src/common/pico_sync/mutex.c.o
                0x10001070                runtime_init_mutex
 .text.mutex_init
                0x100010c4       0x1c CMakeFiles/Pratica05_2.dir/home/gabrielmachine/pico/pico-sdk/src/common/pico_sync/mutex.c.o
                0x100010c4                mutex_init
 .text.critical_section_init
                0x100010e0       0x1c CMakeFiles/Pratica05_2.dir/home/gabrielmachine/pico/pico-sdk/src/common/pico_sync/critical_section.c.o
                0x100010e0                critical_section_init
 .text.critical_section_init_with_lock_num
                0x100010fc       0x14 CMakeFiles/Pratica05_2.dir/home/gabrielmachine/pico/pico-sdk/src/common/pico_sync/critical_section.c.o
                0x100010fc                critical_section_init_with_lock_num
 .text.alarm_pool_irq_handler
                0x10001110      0x2fc CMakeFiles/Pratica05_2.dir/home/gabrielmachine/pico/pico-sdk/src/common/pico_time/time.c.o
 .text.sleep_until_callback
                0x1000140c       0x24 CMakeFiles/Pratica05_2.dir/home/gabrielmachine/pico/pico-sdk/src/common/pico_time/time.c.o
 .text.runtime_init_default_alarm_pool
                0x10001430       0xdc CMakeFiles/Pratica05_2.dir/home/gabrielmachine/pico/pico-sdk/src/common/pico_time/time.c.o
                0x10001430                runtime_init_default_alarm_pool
 .text.alarm_pool_get_default
                0x1000150c        0x8 CMakeFiles/Pratica05_2.dir/home/gabrielmachine/pico/pico-sdk/src/common/pico_time/time.c.o
                0x1000150c                alarm_pool_get_default
 .text.alarm_pool_add_alarm_at
                0x10001514       0xd4 CMakeFiles/Pratica05_2.dir/home/gabrielmachine/pico/pico-sdk/src/common/pico_time/time.c.o
                0x10001514                alarm_pool_add_alarm_at
 .text.alarm_pool_add_alarm_at_force_in_context
                0x100015e8       0xb0 CMakeFiles/Pratica05_2.dir/home/gabrielmachine/pico/pico-sdk/src/common/pico_time/time.c.o
                0x100015e8                alarm_pool_add_alarm_at_force_in_context
 .text.alarm_pool_cancel_alarm
                0x10001698       0x74 CMakeFiles/Pratica05_2.dir/home/gabrielmachine/pico/pico-sdk/src/common/pico_time/time.c.o
                0x10001698                alarm_pool_cancel_alarm
 .text.alarm_pool_core_num
                0x1000170c        0x4 CMakeFiles/Pratica05_2.dir/home/gabrielmachine/pico/pico-sdk/src/common/pico_time/time.c.o
                0x1000170c                alarm_pool_core_num
 .text.best_effort_wfe_or_timeout
                0x10001710       0xf8 CMakeFiles/Pratica05_2.dir/home/gabrielmachine/pico/pico-sdk/src/common/pico_time/time.c.o
                0x10001710                best_effort_wfe_or_timeout
 .text.timer_hardware_alarm_claim
                0x10001808       0x14 CMakeFiles/Pratica05_2.dir/home/gabrielmachine/pico/pico-sdk/src/rp2_common/hardware_timer/timer.c.o
                0x10001808                timer_hardware_alarm_claim
 .text.timer_time_us_64
                0x1000181c       0x10 CMakeFiles/Pratica05_2.dir/home/gabrielmachine/pico/pico-sdk/src/rp2_common/hardware_timer/timer.c.o
                0x1000181c                timer_time_us_64
 .text.time_us_64
                0x1000182c       0x14 CMakeFiles/Pratica05_2.dir/home/gabrielmachine/pico/pico-sdk/src/rp2_common/hardware_timer/timer.c.o
                0x1000182c                time_us_64
 .text.clock_configure_int_divider
                0x10001840       0xf4 CMakeFiles/Pratica05_2.dir/home/gabrielmachine/pico/pico-sdk/src/rp2_common/hardware_clocks/clocks.c.o
                0x10001840                clock_configure_int_divider
 .text.clock_configure_undivided
                0x10001934       0xe8 CMakeFiles/Pratica05_2.dir/home/gabrielmachine/pico/pico-sdk/src/rp2_common/hardware_clocks/clocks.c.o
                0x10001934                clock_configure_undivided
 .text.clock_get_hz
                0x10001a1c        0xc CMakeFiles/Pratica05_2.dir/home/gabrielmachine/pico/pico-sdk/src/rp2_common/hardware_clocks/clocks.c.o
                0x10001a1c                clock_get_hz
 .text.pll_init
                0x10001a28       0xa4 CMakeFiles/Pratica05_2.dir/home/gabrielmachine/pico/pico-sdk/src/rp2_common/hardware_pll/pll.c.o
                0x10001a28                pll_init
 .text.watchdog_reboot
                0x10001acc       0x9c CMakeFiles/Pratica05_2.dir/home/gabrielmachine/pico/pico-sdk/src/rp2_common/hardware_watchdog/watchdog.c.o
                0x10001acc                watchdog_reboot
 .text.tick_start
                0x10001b68       0x10 CMakeFiles/Pratica05_2.dir/home/gabrielmachine/pico/pico-sdk/src/rp2_common/hardware_ticks/ticks.c.o
                0x10001b68                tick_start
 .text.rom_func_lookup
                0x10001b78       0x10 CMakeFiles/Pratica05_2.dir/home/gabrielmachine/pico/pico-sdk/src/rp2_common/pico_bootrom/bootrom.c.o
                0x10001b78                rom_func_lookup
 .text.rom_data_lookup
                0x10001b88       0x10 CMakeFiles/Pratica05_2.dir/home/gabrielmachine/pico/pico-sdk/src/rp2_common/pico_bootrom/bootrom.c.o
                0x10001b88                rom_data_lookup
 .text.rom_funcs_lookup
                0x10001b98       0x44 CMakeFiles/Pratica05_2.dir/home/gabrielmachine/pico/pico-sdk/src/rp2_common/pico_bootrom/bootrom.c.o
                0x10001b98                rom_funcs_lookup
 .text.rom_reset_usb_boot_extra
                0x10001bdc       0x28 CMakeFiles/Pratica05_2.dir/home/gabrielmachine/pico/pico-sdk/src/rp2_common/pico_bootrom/bootrom.c.o
                0x10001bdc                rom_reset_usb_boot_extra
 .text.xosc_init
                0x10001c04       0x28 CMakeFiles/Pratica05_2.dir/home/gabrielmachine/pico/pico-sdk/src/rp2_common/hardware_xosc/xosc.c.o
                0x10001c04                xosc_init
 .text.first_per_core_initializer
                0x10001c2c        0x4 CMakeFiles/Pratica05_2.dir/home/gabrielmachine/pico/pico-sdk/src/rp2_common/pico_runtime/runtime.c.o
 .text.hard_assertion_failure
                0x10001c30        0xc CMakeFiles/Pratica05_2.dir/home/gabrielmachine/pico/pico-sdk/src/rp2_common/pico_runtime/runtime.c.o
                0x10001c30                hard_assertion_failure
 .text.runtime_run_initializers
                0x10001c3c       0x28 CMakeFiles/Pratica05_2.dir/home/gabrielmachine/pico/pico-sdk/src/rp2_common/pico_runtime/runtime.c.o
                0x10001c3c                runtime_run_initializers
 .text.runtime_run_per_core_initializers
                0x10001c64       0x28 CMakeFiles/Pratica05_2.dir/home/gabrielmachine/pico/pico-sdk/src/rp2_common/pico_runtime/runtime.c.o
                0x10001c64                runtime_run_per_core_initializers
 .text.runtime_init_early_resets
                0x10001c8c       0x2c CMakeFiles/Pratica05_2.dir/home/gabrielmachine/pico/pico-sdk/src/rp2_common/pico_runtime_init/runtime_init.c.o
                0x10001c8c                runtime_init_early_resets
 .text.runtime_init_usb_power_down
                0x10001cb8       0x1c CMakeFiles/Pratica05_2.dir/home/gabrielmachine/pico/pico-sdk/src/rp2_common/pico_runtime_init/runtime_init.c.o
                0x10001cb8                runtime_init_usb_power_down
 .text.runtime_init_post_clock_resets
                0x10001cd4       0x20 CMakeFiles/Pratica05_2.dir/home/gabrielmachine/pico/pico-sdk/src/rp2_common/pico_runtime_init/runtime_init.c.o
                0x10001cd4                runtime_init_post_clock_resets
 .text.runtime_init_rp2040_gpio_ie_disable
                0x10001cf4       0x14 CMakeFiles/Pratica05_2.dir/home/gabrielmachine/pico/pico-sdk/src/rp2_common/pico_runtime_init/runtime_init.c.o
                0x10001cf4                runtime_init_rp2040_gpio_ie_disable
 .text.runtime_init_spin_locks_reset
                0x10001d08        0x8 CMakeFiles/Pratica05_2.dir/home/gabrielmachine/pico/pico-sdk/src/rp2_common/pico_runtime_init/runtime_init.c.o
                0x10001d08                runtime_init_spin_locks_reset
 .text.runtime_init_install_ram_vector_table
                0x10001d10       0x1c CMakeFiles/Pratica05_2.dir/home/gabrielmachine/pico/pico-sdk/src/rp2_common/pico_runtime_init/runtime_init.c.o
                0x10001d10                runtime_init_install_ram_vector_table
 .text.runtime_init_clocks
                0x10001d2c       0xd8 CMakeFiles/Pratica05_2.dir/home/gabrielmachine/pico/pico-sdk/src/rp2_common/pico_runtime_init/runtime_init_clocks.c.o
                0x10001d2c                runtime_init_clocks
 .text          0x10001e04       0x10 CMakeFiles/Pratica05_2.dir/home/gabrielmachine/pico/pico-sdk/src/rp2_common/pico_bit_ops/bit_ops_aeabi.S.o
 .text.__wrap___aeabi_uidiv
                0x10001e14       0x4c CMakeFiles/Pratica05_2.dir/home/gabrielmachine/pico/pico-sdk/src/rp2_common/pico_divider/divider_hardware.S.o
                0x10001e14                __wrap___aeabi_uidiv
                0x10001e14                __wrap___aeabi_uidivmod
                0x10001e14                div_u32u32
                0x10001e14                divmod_u32u32
                0x10001e1c                divmod_u32u32_unsafe
                0x10001e44                divmod_u32u32_savestate
 .text.__wrap___aeabi_ldiv
                0x10001e60      0x424 CMakeFiles/Pratica05_2.dir/home/gabrielmachine/pico/pico-sdk/src/rp2_common/pico_divider/divider_hardware.S.o
                0x10001e60                div_s64s64
                0x10001e60                divmod_s64s64
                0x10001e60                __wrap___aeabi_ldivmod
                0x10001e90                div_u64u64
                0x10001e90                divmod_u64u64
                0x10001e90                __wrap___aeabi_uldivmod
                0x10001ea0                divmod_u64u64_savestate
                0x10001ec0                divmod_s64s64_unsafe
                0x10001f48                divmod_u64u64_unsafe
 .text.__aeabi_double_init
                0x10002284       0xa4 CMakeFiles/Pratica05_2.dir/home/gabrielmachine/pico/pico-sdk/src/rp2_common/pico_double/double_init_rom_rp2040.c.o
                0x10002284                __aeabi_double_init
 .text.double_table_shim_on_use_helper
                0x10002328       0x2c CMakeFiles/Pratica05_2.dir/home/gabrielmachine/pico/pico-sdk/src/rp2_common/pico_double/double_v1_rom_shim_rp2040.S.o
                0x10002328                double_table_shim_on_use_helper
 .text.__aeabi_lmul
                0x10002354       0x32 CMakeFiles/Pratica05_2.dir/home/gabrielmachine/pico/pico-sdk/src/rp2_common/pico_int64_ops/pico_int64_ops_aeabi.S.o
                0x10002354                __wrap___aeabi_lmul
 *fill*         0x10002386        0x2 
 .text.__aeabi_float_init
                0x10002388       0x64 CMakeFiles/Pratica05_2.dir/home/gabrielmachine/pico/pico-sdk/src/rp2_common/pico_float/float_init_rom_rp2040.c.o
                0x10002388                __aeabi_float_init
 .text.float_table_shim_on_use_helper
                0x100023ec       0x2c CMakeFiles/Pratica05_2.dir/home/gabrielmachine/pico/pico-sdk/src/rp2_common/pico_float/float_v1_rom_shim_rp2040.S.o
                0x100023ec                float_table_shim_on_use_helper
 .text          0x10002418       0x10 CMakeFiles/Pratica05_2.dir/home/gabrielmachine/pico/pico-sdk/src/rp2_common/pico_mem_ops/mem_ops_aeabi.S.o
                0x10002418                __aeabi_mem_init
 .text.memset   0x10002428        0xc CMakeFiles/Pratica05_2.dir/home/gabrielmachine/pico/pico-sdk/src/rp2_common/pico_mem_ops/mem_ops_aeabi.S.o
                0x10002428                __wrap_memset
 .text.memcpy   0x10002434        0xc CMakeFiles/Pratica05_2.dir/home/gabrielmachine/pico/pico-sdk/src/rp2_common/pico_mem_ops/mem_ops_aeabi.S.o
                0x10002434                __wrap___aeabi_memcpy
                0x10002434                __wrap_memcpy
 .text._out_char
                0x10002440       0x10 CMakeFiles/Pratica05_2.dir/home/gabrielmachine/pico/pico-sdk/src/rp2_common/pico_printf/printf.c.o
 .text.weak_raw_vprintf
                0x10002450       0x30 CMakeFiles/Pratica05_2.dir/home/gabrielmachine/pico/pico-sdk/src/rp2_common/pico_printf/printf.c.o
                0x10002450                weak_raw_vprintf
 .text._exit    0x10002480        0x4 CMakeFiles/Pratica05_2.dir/home/gabrielmachine/pico/pico-sdk/src/rp2_common/pico_clib_interface/newlib_interface.c.o
                0x10002480                _exit
 .text.exit     0x10002484        0x8 CMakeFiles/Pratica05_2.dir/home/gabrielmachine/pico/pico-sdk/src/rp2_common/pico_clib_interface/newlib_interface.c.o
                0x10002484                exit
 .text.runtime_init
                0x1000248c       0x2c CMakeFiles/Pratica05_2.dir/home/gabrielmachine/pico/pico-sdk/src/rp2_common/pico_clib_interface/newlib_interface.c.o
                0x1000248c                runtime_init
 .text.stdio_out_chars_no_crlf
                0x100024b8       0x10 CMakeFiles/Pratica05_2.dir/home/gabrielmachine/pico/pico-sdk/src/rp2_common/pico_stdio/stdio.c.o
 .text.stdio_out_chars_crlf
                0x100024c8       0x94 CMakeFiles/Pratica05_2.dir/home/gabrielmachine/pico/pico-sdk/src/rp2_common/pico_stdio/stdio.c.o
 .text.stdio_put_string
                0x1000255c      0x100 CMakeFiles/Pratica05_2.dir/home/gabrielmachine/pico/pico-sdk/src/rp2_common/pico_stdio/stdio.c.o
                0x1000255c                stdio_put_string
 .text.stdio_set_driver_enabled
                0x1000265c       0x30 CMakeFiles/Pratica05_2.dir/home/gabrielmachine/pico/pico-sdk/src/rp2_common/pico_stdio/stdio.c.o
                0x1000265c                stdio_set_driver_enabled
 .text.stdio_init_all
                0x1000268c        0x8 CMakeFiles/Pratica05_2.dir/home/gabrielmachine/pico/pico-sdk/src/rp2_common/pico_stdio/stdio.c.o
                0x1000268c                stdio_init_all
 .text.__wrap_putchar
                0x10002694       0x98 CMakeFiles/Pratica05_2.dir/home/gabrielmachine/pico/pico-sdk/src/rp2_common/pico_stdio/stdio.c.o
                0x10002694                stdio_putchar
                0x10002694                __wrap_putchar
 .text.__wrap_puts
                0x1000272c       0x3c CMakeFiles/Pratica05_2.dir/home/gabrielmachine/pico/pico-sdk/src/rp2_common/pico_stdio/stdio.c.o
                0x1000272c                __wrap_puts
                0x1000272c                stdio_puts
 .text.resetd_init
                0x10002768        0x4 CMakeFiles/Pratica05_2.dir/home/gabrielmachine/pico/pico-sdk/src/rp2_common/pico_stdio_usb/reset_interface.c.o
 .text.resetd_reset
                0x1000276c        0xc CMakeFiles/Pratica05_2.dir/home/gabrielmachine/pico/pico-sdk/src/rp2_common/pico_stdio_usb/reset_interface.c.o
 .text.resetd_open
                0x10002778       0x28 CMakeFiles/Pratica05_2.dir/home/gabrielmachine/pico/pico-sdk/src/rp2_common/pico_stdio_usb/reset_interface.c.o
 .text.resetd_xfer_cb
                0x100027a0        0x4 CMakeFiles/Pratica05_2.dir/home/gabrielmachine/pico/pico-sdk/src/rp2_common/pico_stdio_usb/reset_interface.c.o
 .text.resetd_control_xfer_cb
                0x100027a4       0x5c CMakeFiles/Pratica05_2.dir/home/gabrielmachine/pico/pico-sdk/src/rp2_common/pico_stdio_usb/reset_interface.c.o
 .text.tud_descriptor_bos_cb
                0x10002800        0x8 CMakeFiles/Pratica05_2.dir/home/gabrielmachine/pico/pico-sdk/src/rp2_common/pico_stdio_usb/reset_interface.c.o
                0x10002800                tud_descriptor_bos_cb
 .text.tud_vendor_control_xfer_cb
                0x10002808       0x34 CMakeFiles/Pratica05_2.dir/home/gabrielmachine/pico/pico-sdk/src/rp2_common/pico_stdio_usb/reset_interface.c.o
                0x10002808                tud_vendor_control_xfer_cb
 .text.usbd_app_driver_get_cb
                0x1000283c        0xc CMakeFiles/Pratica05_2.dir/home/gabrielmachine/pico/pico-sdk/src/rp2_common/pico_stdio_usb/reset_interface.c.o
                0x1000283c                usbd_app_driver_get_cb
 .text.tud_cdc_line_coding_cb
                0x10002848       0x2c CMakeFiles/Pratica05_2.dir/home/gabrielmachine/pico/pico-sdk/src/rp2_common/pico_stdio_usb/reset_interface.c.o
                0x10002848                tud_cdc_line_coding_cb
 .text.stdio_usb_set_chars_available_callback
                0x10002874       0x14 CMakeFiles/Pratica05_2.dir/home/gabrielmachine/pico/pico-sdk/src/rp2_common/pico_stdio_usb/stdio_usb.c.o
                0x10002874                stdio_usb_set_chars_available_callback
 .text.usb_irq  0x10002888       0x10 CMakeFiles/Pratica05_2.dir/home/gabrielmachine/pico/pico-sdk/src/rp2_common/pico_stdio_usb/stdio_usb.c.o
 .text.timer_task
                0x10002898       0x64 CMakeFiles/Pratica05_2.dir/home/gabrielmachine/pico/pico-sdk/src/rp2_common/pico_stdio_usb/stdio_usb.c.o
 .text.stdio_usb_in_chars
                0x100028fc       0x90 CMakeFiles/Pratica05_2.dir/home/gabrielmachine/pico/pico-sdk/src/rp2_common/pico_stdio_usb/stdio_usb.c.o
                0x100028fc                stdio_usb_in_chars
 .text.stdio_usb_out_flush
                0x1000298c       0x50 CMakeFiles/Pratica05_2.dir/home/gabrielmachine/pico/pico-sdk/src/rp2_common/pico_stdio_usb/stdio_usb.c.o
 .text.stdio_usb_out_chars
                0x100029dc      0x104 CMakeFiles/Pratica05_2.dir/home/gabrielmachine/pico/pico-sdk/src/rp2_common/pico_stdio_usb/stdio_usb.c.o
 .text.low_priority_worker_irq
                0x10002ae0       0xcc CMakeFiles/Pratica05_2.dir/home/gabrielmachine/pico/pico-sdk/src/rp2_common/pico_stdio_usb/stdio_usb.c.o
 .text.stdio_usb_init
                0x10002bac       0xec CMakeFiles/Pratica05_2.dir/home/gabrielmachine/pico/pico-sdk/src/rp2_common/pico_stdio_usb/stdio_usb.c.o
                0x10002bac                stdio_usb_init
 .text.tud_descriptor_device_cb
                0x10002c98        0x8 CMakeFiles/Pratica05_2.dir/home/gabrielmachine/pico/pico-sdk/src/rp2_common/pico_stdio_usb/stdio_usb_descriptors.c.o
                0x10002c98                tud_descriptor_device_cb
 .text.tud_descriptor_configuration_cb
                0x10002ca0        0x8 CMakeFiles/Pratica05_2.dir/home/gabrielmachine/pico/pico-sdk/src/rp2_common/pico_stdio_usb/stdio_usb_descriptors.c.o
                0x10002ca0                tud_descriptor_configuration_cb
 .text.tud_descriptor_string_cb
                0x10002ca8       0x78 CMakeFiles/Pratica05_2.dir/home/gabrielmachine/pico/pico-sdk/src/rp2_common/pico_stdio_usb/stdio_usb_descriptors.c.o
                0x10002ca8                tud_descriptor_string_cb
 .text.startup._retrieve_unique_id_on_boot
                0x10002d20       0x10 CMakeFiles/Pratica05_2.dir/home/gabrielmachine/pico/pico-sdk/src/rp2_common/pico_unique_id/unique_id.c.o
 .text.pico_get_unique_board_id_string
                0x10002d30      0x1a8 CMakeFiles/Pratica05_2.dir/home/gabrielmachine/pico/pico-sdk/src/rp2_common/pico_unique_id/unique_id.c.o
                0x10002d30                pico_get_unique_board_id_string
 .text.flash_get_unique_id
                0x10002ed8       0x3c CMakeFiles/Pratica05_2.dir/home/gabrielmachine/pico/pico-sdk/src/rp2_common/hardware_flash/flash.c.o
                0x10002ed8                flash_get_unique_id
 .text.dcd_init
                0x10002f14       0x90 CMakeFiles/Pratica05_2.dir/home/gabrielmachine/pico/pico-sdk/lib/tinyusb/src/portable/raspberrypi/rp2040/dcd_rp2040.c.o
                0x10002f14                dcd_init
 .text.dcd_int_enable
                0x10002fa4        0xc CMakeFiles/Pratica05_2.dir/home/gabrielmachine/pico/pico-sdk/lib/tinyusb/src/portable/raspberrypi/rp2040/dcd_rp2040.c.o
                0x10002fa4                dcd_int_enable
 .text.dcd_set_address
                0x10002fb0       0x14 CMakeFiles/Pratica05_2.dir/home/gabrielmachine/pico/pico-sdk/lib/tinyusb/src/portable/raspberrypi/rp2040/dcd_rp2040.c.o
                0x10002fb0                dcd_set_address
 .text.dcd_sof_enable
                0x10002fc4       0x1c CMakeFiles/Pratica05_2.dir/home/gabrielmachine/pico/pico-sdk/lib/tinyusb/src/portable/raspberrypi/rp2040/dcd_rp2040.c.o
                0x10002fc4                dcd_sof_enable
 .text.dcd_edpt0_status_complete
                0x10002fe0       0x1c CMakeFiles/Pratica05_2.dir/home/gabrielmachine/pico/pico-sdk/lib/tinyusb/src/portable/raspberrypi/rp2040/dcd_rp2040.c.o
                0x10002fe0                dcd_edpt0_status_complete
 .text.dcd_edpt_open
                0x10002ffc      0x114 CMakeFiles/Pratica05_2.dir/home/gabrielmachine/pico/pico-sdk/lib/tinyusb/src/portable/raspberrypi/rp2040/dcd_rp2040.c.o
                0x10002ffc                dcd_edpt_open
 .text.dcd_edpt_close_all
                0x10003110        0x8 CMakeFiles/Pratica05_2.dir/home/gabrielmachine/pico/pico-sdk/lib/tinyusb/src/portable/raspberrypi/rp2040/dcd_rp2040.c.o
                0x10003110                dcd_edpt_close_all
 .text.dcd_edpt_xfer
                0x10003118       0x24 CMakeFiles/Pratica05_2.dir/home/gabrielmachine/pico/pico-sdk/lib/tinyusb/src/portable/raspberrypi/rp2040/dcd_rp2040.c.o
                0x10003118                dcd_edpt_xfer
 .text.dcd_edpt_stall
                0x1000313c       0x34 CMakeFiles/Pratica05_2.dir/home/gabrielmachine/pico/pico-sdk/lib/tinyusb/src/portable/raspberrypi/rp2040/dcd_rp2040.c.o
                0x1000313c                dcd_edpt_stall
 .text.dcd_edpt_clear_stall
                0x10003170       0x30 CMakeFiles/Pratica05_2.dir/home/gabrielmachine/pico/pico-sdk/lib/tinyusb/src/portable/raspberrypi/rp2040/dcd_rp2040.c.o
                0x10003170                dcd_edpt_clear_stall
 .text.rp2040_usb_init
                0x100031a0       0x40 CMakeFiles/Pratica05_2.dir/home/gabrielmachine/pico/pico-sdk/lib/tinyusb/src/portable/raspberrypi/rp2040/rp2040_usb.c.o
                0x100031a0                rp2040_usb_init
 .text.hw_endpoint_xfer_start
                0x100031e0       0x40 CMakeFiles/Pratica05_2.dir/home/gabrielmachine/pico/pico-sdk/lib/tinyusb/src/portable/raspberrypi/rp2040/rp2040_usb.c.o
                0x100031e0                hw_endpoint_xfer_start
 .text.tud_event_hook_cb
                0x10003220        0x4 CMakeFiles/Pratica05_2.dir/home/gabrielmachine/pico/pico-sdk/lib/tinyusb/src/device/usbd.c.o
                0x10003220                tud_event_hook_cb
 .text.tud_sof_cb
                0x10003224        0x4 CMakeFiles/Pratica05_2.dir/home/gabrielmachine/pico/pico-sdk/lib/tinyusb/src/device/usbd.c.o
                0x10003224                tud_sof_cb
 .text.tud_descriptor_device_qualifier_cb
                0x10003228        0x4 CMakeFiles/Pratica05_2.dir/home/gabrielmachine/pico/pico-sdk/lib/tinyusb/src/device/usbd.c.o
                0x10003228                tud_descriptor_device_qualifier_cb
 .text.tud_descriptor_other_speed_configuration_cb
                0x1000322c        0x4 CMakeFiles/Pratica05_2.dir/home/gabrielmachine/pico/pico-sdk/lib/tinyusb/src/device/usbd.c.o
                0x1000322c                tud_descriptor_other_speed_configuration_cb
 .text.tud_mount_cb
                0x10003230        0x4 CMakeFiles/Pratica05_2.dir/home/gabrielmachine/pico/pico-sdk/lib/tinyusb/src/device/usbd.c.o
                0x10003230                tud_mount_cb
 .text.tud_umount_cb
                0x10003234        0x4 CMakeFiles/Pratica05_2.dir/home/gabrielmachine/pico/pico-sdk/lib/tinyusb/src/device/usbd.c.o
                0x10003234                tud_umount_cb
 .text.tud_suspend_cb
                0x10003238        0x4 CMakeFiles/Pratica05_2.dir/home/gabrielmachine/pico/pico-sdk/lib/tinyusb/src/device/usbd.c.o
                0x10003238                tud_suspend_cb
 .text.tud_resume_cb
                0x1000323c        0x4 CMakeFiles/Pratica05_2.dir/home/gabrielmachine/pico/pico-sdk/lib/tinyusb/src/device/usbd.c.o
                0x1000323c                tud_resume_cb
 .text.tud_mounted
                0x10003240       0x10 CMakeFiles/Pratica05_2.dir/home/gabrielmachine/pico/pico-sdk/lib/tinyusb/src/device/usbd.c.o
                0x10003240                tud_mounted
 .text.tud_suspended
                0x10003250       0x10 CMakeFiles/Pratica05_2.dir/home/gabrielmachine/pico/pico-sdk/lib/tinyusb/src/device/usbd.c.o
                0x10003250                tud_suspended
 .text.tud_rhport_init
                0x10003260       0xfc CMakeFiles/Pratica05_2.dir/home/gabrielmachine/pico/pico-sdk/lib/tinyusb/src/device/usbd.c.o
                0x10003260                tud_rhport_init
 .text.tud_task_ext
                0x1000335c      0x800 CMakeFiles/Pratica05_2.dir/home/gabrielmachine/pico/pico-sdk/lib/tinyusb/src/device/usbd.c.o
                0x1000335c                tud_task_ext
 .text.usbd_open_edpt_pair
                0x10003b5c       0x9c CMakeFiles/Pratica05_2.dir/home/gabrielmachine/pico/pico-sdk/lib/tinyusb/src/device/usbd.c.o
                0x10003b5c                usbd_open_edpt_pair
 .text.usbd_edpt_open
                0x10003bf8       0x34 CMakeFiles/Pratica05_2.dir/home/gabrielmachine/pico/pico-sdk/lib/tinyusb/src/device/usbd.c.o
                0x10003bf8                usbd_edpt_open
 .text.usbd_edpt_claim
                0x10003c2c       0x28 CMakeFiles/Pratica05_2.dir/home/gabrielmachine/pico/pico-sdk/lib/tinyusb/src/device/usbd.c.o
                0x10003c2c                usbd_edpt_claim
 .text.usbd_edpt_release
                0x10003c54       0x28 CMakeFiles/Pratica05_2.dir/home/gabrielmachine/pico/pico-sdk/lib/tinyusb/src/device/usbd.c.o
                0x10003c54                usbd_edpt_release
 .text.usbd_edpt_xfer
                0x10003c7c       0x4c CMakeFiles/Pratica05_2.dir/home/gabrielmachine/pico/pico-sdk/lib/tinyusb/src/device/usbd.c.o
                0x10003c7c                usbd_edpt_xfer
 .text.tud_control_status
                0x10003cc8       0x2c CMakeFiles/Pratica05_2.dir/home/gabrielmachine/pico/pico-sdk/lib/tinyusb/src/device/usbd_control.c.o
                0x10003cc8                tud_control_status
 .text.tud_control_xfer
                0x10003cf4       0xac CMakeFiles/Pratica05_2.dir/home/gabrielmachine/pico/pico-sdk/lib/tinyusb/src/device/usbd_control.c.o
                0x10003cf4                tud_control_xfer
 .text.usbd_control_reset
                0x10003da0       0x14 CMakeFiles/Pratica05_2.dir/home/gabrielmachine/pico/pico-sdk/lib/tinyusb/src/device/usbd_control.c.o
                0x10003da0                usbd_control_reset
 .text.usbd_control_set_complete_callback
                0x10003db4        0xc CMakeFiles/Pratica05_2.dir/home/gabrielmachine/pico/pico-sdk/lib/tinyusb/src/device/usbd_control.c.o
                0x10003db4                usbd_control_set_complete_callback
 .text.usbd_control_set_request
                0x10003dc0       0x1c CMakeFiles/Pratica05_2.dir/home/gabrielmachine/pico/pico-sdk/lib/tinyusb/src/device/usbd_control.c.o
                0x10003dc0                usbd_control_set_request
 .text.usbd_control_xfer_cb
                0x10003ddc       0xec CMakeFiles/Pratica05_2.dir/home/gabrielmachine/pico/pico-sdk/lib/tinyusb/src/device/usbd_control.c.o
                0x10003ddc                usbd_control_xfer_cb
 .text._prep_out_transaction.isra.0
                0x10003ec8       0x6c CMakeFiles/Pratica05_2.dir/home/gabrielmachine/pico/pico-sdk/lib/tinyusb/src/class/cdc/cdc_device.c.o
 .text.tud_cdc_n_connected
                0x10003f34       0x2c CMakeFiles/Pratica05_2.dir/home/gabrielmachine/pico/pico-sdk/lib/tinyusb/src/class/cdc/cdc_device.c.o
                0x10003f34                tud_cdc_n_connected
 .text.tud_cdc_n_available
                0x10003f60       0x14 CMakeFiles/Pratica05_2.dir/home/gabrielmachine/pico/pico-sdk/lib/tinyusb/src/class/cdc/cdc_device.c.o
                0x10003f60                tud_cdc_n_available
 .text.tud_cdc_n_read
                0x10003f74       0x94 CMakeFiles/Pratica05_2.dir/home/gabrielmachine/pico/pico-sdk/lib/tinyusb/src/class/cdc/cdc_device.c.o
                0x10003f74                tud_cdc_n_read
 .text.tud_cdc_n_write_flush
                0x10004008       0x74 CMakeFiles/Pratica05_2.dir/home/gabrielmachine/pico/pico-sdk/lib/tinyusb/src/class/cdc/cdc_device.c.o
                0x10004008                tud_cdc_n_write_flush
 .text.tud_cdc_n_write
                0x1000407c       0x40 CMakeFiles/Pratica05_2.dir/home/gabrielmachine/pico/pico-sdk/lib/tinyusb/src/class/cdc/cdc_device.c.o
                0x1000407c                tud_cdc_n_write
 .text.tud_cdc_n_write_available
                0x100040bc       0x14 CMakeFiles/Pratica05_2.dir/home/gabrielmachine/pico/pico-sdk/lib/tinyusb/src/class/cdc/cdc_device.c.o
                0x100040bc                tud_cdc_n_write_available
 .text.cdcd_init
                0x100040d0       0x70 CMakeFiles/Pratica05_2.dir/home/gabrielmachine/pico/pico-sdk/lib/tinyusb/src/class/cdc/cdc_device.c.o
                0x100040d0                cdcd_init
 .text.cdcd_deinit
                0x10004140       0x34 CMakeFiles/Pratica05_2.dir/home/gabrielmachine/pico/pico-sdk/lib/tinyusb/src/class/cdc/cdc_device.c.o
                0x10004140                cdcd_deinit
 .text.cdcd_reset
                0x10004174       0x4c CMakeFiles/Pratica05_2.dir/home/gabrielmachine/pico/pico-sdk/lib/tinyusb/src/class/cdc/cdc_device.c.o
                0x10004174                cdcd_reset
 .text.cdcd_open
                0x100041c0       0xa8 CMakeFiles/Pratica05_2.dir/home/gabrielmachine/pico/pico-sdk/lib/tinyusb/src/class/cdc/cdc_device.c.o
                0x100041c0                cdcd_open
 .text.cdcd_control_xfer_cb
                0x10004268       0xe8 CMakeFiles/Pratica05_2.dir/home/gabrielmachine/pico/pico-sdk/lib/tinyusb/src/class/cdc/cdc_device.c.o
                0x10004268                cdcd_control_xfer_cb
 .text.cdcd_xfer_cb
                0x10004350      0x100 CMakeFiles/Pratica05_2.dir/home/gabrielmachine/pico/pico-sdk/lib/tinyusb/src/class/cdc/cdc_device.c.o
                0x10004350                cdcd_xfer_cb
 .text.vendord_init
                0x10004450       0x5c CMakeFiles/Pratica05_2.dir/home/gabrielmachine/pico/pico-sdk/lib/tinyusb/src/class/vendor/vendor_device.c.o
                0x10004450                vendord_init
 .text.vendord_deinit
                0x100044ac       0x1c CMakeFiles/Pratica05_2.dir/home/gabrielmachine/pico/pico-sdk/lib/tinyusb/src/class/vendor/vendor_device.c.o
                0x100044ac                vendord_deinit
 .text.vendord_reset
                0x100044c8       0x28 CMakeFiles/Pratica05_2.dir/home/gabrielmachine/pico/pico-sdk/lib/tinyusb/src/class/vendor/vendor_device.c.o
                0x100044c8                vendord_reset
 .text.vendord_open
                0x100044f0      0x128 CMakeFiles/Pratica05_2.dir/home/gabrielmachine/pico/pico-sdk/lib/tinyusb/src/class/vendor/vendor_device.c.o
                0x100044f0                vendord_open
 .text.vendord_xfer_cb
                0x10004618       0x9c CMakeFiles/Pratica05_2.dir/home/gabrielmachine/pico/pico-sdk/lib/tinyusb/src/class/vendor/vendor_device.c.o
                0x10004618                vendord_xfer_cb
 .text.tusb_rhport_init
                0x100046b4       0x48 CMakeFiles/Pratica05_2.dir/home/gabrielmachine/pico/pico-sdk/lib/tinyusb/src/tusb.c.o
                0x100046b4                tusb_rhport_init
 .text.tu_edpt_claim
                0x100046fc       0x50 CMakeFiles/Pratica05_2.dir/home/gabrielmachine/pico/pico-sdk/lib/tinyusb/src/tusb.c.o
                0x100046fc                tu_edpt_claim
 .text.tu_edpt_release
                0x1000474c       0x38 CMakeFiles/Pratica05_2.dir/home/gabrielmachine/pico/pico-sdk/lib/tinyusb/src/tusb.c.o
                0x1000474c                tu_edpt_release
 .text.tu_edpt_validate
                0x10004784       0x7c CMakeFiles/Pratica05_2.dir/home/gabrielmachine/pico/pico-sdk/lib/tinyusb/src/tusb.c.o
                0x10004784                tu_edpt_validate
 .text.tu_edpt_bind_driver
                0x10004800       0x34 CMakeFiles/Pratica05_2.dir/home/gabrielmachine/pico/pico-sdk/lib/tinyusb/src/tusb.c.o
                0x10004800                tu_edpt_bind_driver
 .text.tu_edpt_stream_init
                0x10004834       0x6c CMakeFiles/Pratica05_2.dir/home/gabrielmachine/pico/pico-sdk/lib/tinyusb/src/tusb.c.o
                0x10004834                tu_edpt_stream_init
 .text.tu_edpt_stream_deinit
                0x100048a0        0x4 CMakeFiles/Pratica05_2.dir/home/gabrielmachine/pico/pico-sdk/lib/tinyusb/src/tusb.c.o
                0x100048a0                tu_edpt_stream_deinit
 .text.tu_edpt_stream_write_zlp_if_needed
                0x100048a4       0x68 CMakeFiles/Pratica05_2.dir/home/gabrielmachine/pico/pico-sdk/lib/tinyusb/src/tusb.c.o
                0x100048a4                tu_edpt_stream_write_zlp_if_needed
 .text.tu_edpt_stream_write_xfer
                0x1000490c       0x64 CMakeFiles/Pratica05_2.dir/home/gabrielmachine/pico/pico-sdk/lib/tinyusb/src/tusb.c.o
                0x1000490c                tu_edpt_stream_write_xfer
 .text.tu_edpt_stream_read_xfer
                0x10004970       0xdc CMakeFiles/Pratica05_2.dir/home/gabrielmachine/pico/pico-sdk/lib/tinyusb/src/tusb.c.o
                0x10004970                tu_edpt_stream_read_xfer
 .text.tu_fifo_config
                0x10004a4c       0x6c CMakeFiles/Pratica05_2.dir/home/gabrielmachine/pico/pico-sdk/lib/tinyusb/src/common/tusb_fifo.c.o
                0x10004a4c                tu_fifo_config
 .text.tu_fifo_count
                0x10004ab8       0x2c CMakeFiles/Pratica05_2.dir/home/gabrielmachine/pico/pico-sdk/lib/tinyusb/src/common/tusb_fifo.c.o
                0x10004ab8                tu_fifo_count
 .text.tu_fifo_empty
                0x10004ae4       0x10 CMakeFiles/Pratica05_2.dir/home/gabrielmachine/pico/pico-sdk/lib/tinyusb/src/common/tusb_fifo.c.o
                0x10004ae4                tu_fifo_empty
 .text.tu_fifo_remaining
                0x10004af4       0x2c CMakeFiles/Pratica05_2.dir/home/gabrielmachine/pico/pico-sdk/lib/tinyusb/src/common/tusb_fifo.c.o
                0x10004af4                tu_fifo_remaining
 .text.tu_fifo_read
                0x10004b20       0x9c CMakeFiles/Pratica05_2.dir/home/gabrielmachine/pico/pico-sdk/lib/tinyusb/src/common/tusb_fifo.c.o
                0x10004b20                tu_fifo_read
 .text.tu_fifo_read_n
                0x10004bbc       0xe8 CMakeFiles/Pratica05_2.dir/home/gabrielmachine/pico/pico-sdk/lib/tinyusb/src/common/tusb_fifo.c.o
                0x10004bbc                tu_fifo_read_n
 .text.tu_fifo_write
                0x10004ca4       0xa8 CMakeFiles/Pratica05_2.dir/home/gabrielmachine/pico/pico-sdk/lib/tinyusb/src/common/tusb_fifo.c.o
                0x10004ca4                tu_fifo_write
 .text.tu_fifo_write_n
                0x10004d4c      0x178 CMakeFiles/Pratica05_2.dir/home/gabrielmachine/pico/pico-sdk/lib/tinyusb/src/common/tusb_fifo.c.o
                0x10004d4c                tu_fifo_write_n
 .text.tu_fifo_clear
                0x10004ec4       0x40 CMakeFiles/Pratica05_2.dir/home/gabrielmachine/pico/pico-sdk/lib/tinyusb/src/common/tusb_fifo.c.o
                0x10004ec4                tu_fifo_clear
 .text.tu_fifo_set_overwritable
                0x10004f04       0x48 CMakeFiles/Pratica05_2.dir/home/gabrielmachine/pico/pico-sdk/lib/tinyusb/src/common/tusb_fifo.c.o
                0x10004f04                tu_fifo_set_overwritable
 .text.pvPortMalloc
                0x10004f4c      0x124 CMakeFiles/Pratica05_2.dir/home/gabrielmachine/FreeRTOS-Kernel/portable/MemMang/heap_4.c.o
                0x10004f4c                pvPortMalloc
 .text.vPortFree
                0x10005070       0x98 CMakeFiles/Pratica05_2.dir/home/gabrielmachine/FreeRTOS-Kernel/portable/MemMang/heap_4.c.o
                0x10005070                vPortFree
 *fill*         0x10005108        0x8 
 .text.vPortStartFirstTask
                0x10005110       0x38 CMakeFiles/Pratica05_2.dir/home/gabrielmachine/FreeRTOS-Kernel/portable/ThirdParty/GCC/RP2040/port.c.o
 .text.prvFIFOInterruptHandler
                0x10005148       0x2c CMakeFiles/Pratica05_2.dir/home/gabrielmachine/FreeRTOS-Kernel/portable/ThirdParty/GCC/RP2040/port.c.o
 *fill*         0x10005174        0xc 
 .text.xPortPendSVHandler
                0x10005180       0x78 CMakeFiles/Pratica05_2.dir/home/gabrielmachine/FreeRTOS-Kernel/portable/ThirdParty/GCC/RP2040/port.c.o
                0x10005180                xPortPendSVHandler
 .text.prvTaskExitError
                0x100051f8        0x8 CMakeFiles/Pratica05_2.dir/home/gabrielmachine/FreeRTOS-Kernel/portable/ThirdParty/GCC/RP2040/port.c.o
 .text.xPortSysTickHandler
                0x10005200       0x24 CMakeFiles/Pratica05_2.dir/home/gabrielmachine/FreeRTOS-Kernel/portable/ThirdParty/GCC/RP2040/port.c.o
                0x10005200                xPortSysTickHandler
 .text.vPortSVCHandler
                0x10005224        0x4 CMakeFiles/Pratica05_2.dir/home/gabrielmachine/FreeRTOS-Kernel/portable/ThirdParty/GCC/RP2040/port.c.o
                0x10005224                vPortSVCHandler
 .text.pxPortInitialiseStack
                0x10005228       0x20 CMakeFiles/Pratica05_2.dir/home/gabrielmachine/FreeRTOS-Kernel/portable/ThirdParty/GCC/RP2040/port.c.o
                0x10005228                pxPortInitialiseStack
 .text.vPortYield
                0x10005248       0x18 CMakeFiles/Pratica05_2.dir/home/gabrielmachine/FreeRTOS-Kernel/portable/ThirdParty/GCC/RP2040/port.c.o
                0x10005248                vPortYield
 .text.ulSetInterruptMaskFromISR
                0x10005260        0x8 CMakeFiles/Pratica05_2.dir/home/gabrielmachine/FreeRTOS-Kernel/portable/ThirdParty/GCC/RP2040/port.c.o
                0x10005260                ulSetInterruptMaskFromISR
 .text.vClearInterruptMaskFromISR
                0x10005268        0x8 CMakeFiles/Pratica05_2.dir/home/gabrielmachine/FreeRTOS-Kernel/portable/ThirdParty/GCC/RP2040/port.c.o
                0x10005268                vClearInterruptMaskFromISR
 .text.vYieldCore
                0x10005270        0xc CMakeFiles/Pratica05_2.dir/home/gabrielmachine/FreeRTOS-Kernel/portable/ThirdParty/GCC/RP2040/port.c.o
                0x10005270                vYieldCore
 .text.vPortSetupTimerInterrupt
                0x1000527c       0x34 CMakeFiles/Pratica05_2.dir/home/gabrielmachine/FreeRTOS-Kernel/portable/ThirdParty/GCC/RP2040/port.c.o
                0x1000527c                vPortSetupTimerInterrupt
 .text.xPortStartSchedulerOnCore.isra.0
                0x100052b0       0xa4 CMakeFiles/Pratica05_2.dir/home/gabrielmachine/FreeRTOS-Kernel/portable/ThirdParty/GCC/RP2040/port.c.o
 .text.prvDisableInterruptsAndPortStartSchedulerOnCore
                0x10005354        0x8 CMakeFiles/Pratica05_2.dir/home/gabrielmachine/FreeRTOS-Kernel/portable/ThirdParty/GCC/RP2040/port.c.o
 .text.xPortStartScheduler
                0x1000535c       0x2c CMakeFiles/Pratica05_2.dir/home/gabrielmachine/FreeRTOS-Kernel/portable/ThirdParty/GCC/RP2040/port.c.o
                0x1000535c                xPortStartScheduler
 .text.ulPortLockGetCurrentOwnerId
                0x10005388       0x30 CMakeFiles/Pratica05_2.dir/home/gabrielmachine/FreeRTOS-Kernel/portable/ThirdParty/GCC/RP2040/port.c.o
                0x10005388                ulPortLockGetCurrentOwnerId
 .text.vPortLockInternalSpinUnlockWithNotify
                0x100053b8       0x88 CMakeFiles/Pratica05_2.dir/home/gabrielmachine/FreeRTOS-Kernel/portable/ThirdParty/GCC/RP2040/port.c.o
                0x100053b8                vPortLockInternalSpinUnlockWithNotify
 .text.xPortLockInternalSpinUnlockWithBestEffortWaitOrTimeout
                0x10005440       0xe4 CMakeFiles/Pratica05_2.dir/home/gabrielmachine/FreeRTOS-Kernel/portable/ThirdParty/GCC/RP2040/port.c.o
                0x10005440                xPortLockInternalSpinUnlockWithBestEffortWaitOrTimeout
 .text.startup.prvRuntimeInitializer
                0x10005524       0x10 CMakeFiles/Pratica05_2.dir/home/gabrielmachine/FreeRTOS-Kernel/portable/ThirdParty/GCC/RP2040/port.c.o
 .text.vEventGroupSetBitsCallback
                0x10005534       0x90 CMakeFiles/Pratica05_2.dir/home/gabrielmachine/FreeRTOS-Kernel/event_groups.c.o
                0x10005534                vEventGroupSetBitsCallback
 .text.xEventGroupCreate
                0x100055c4       0x18 CMakeFiles/Pratica05_2.dir/home/gabrielmachine/FreeRTOS-Kernel/event_groups.c.o
                0x100055c4                xEventGroupCreate
 .text.xEventGroupWaitBits
                0x100055dc       0xb8 CMakeFiles/Pratica05_2.dir/home/gabrielmachine/FreeRTOS-Kernel/event_groups.c.o
                0x100055dc                xEventGroupWaitBits
 .text.xEventGroupSetBits
                0x10005694       0x9c CMakeFiles/Pratica05_2.dir/home/gabrielmachine/FreeRTOS-Kernel/event_groups.c.o
                0x10005694                xEventGroupSetBits
 .text.xEventGroupSetBitsFromISR
                0x10005730       0x18 CMakeFiles/Pratica05_2.dir/home/gabrielmachine/FreeRTOS-Kernel/event_groups.c.o
                0x10005730                xEventGroupSetBitsFromISR
 .text.vListInitialise
                0x10005748       0x18 CMakeFiles/Pratica05_2.dir/home/gabrielmachine/FreeRTOS-Kernel/list.c.o
                0x10005748                vListInitialise
 .text.vListInitialiseItem
                0x10005760        0x8 CMakeFiles/Pratica05_2.dir/home/gabrielmachine/FreeRTOS-Kernel/list.c.o
                0x10005760                vListInitialiseItem
 .text.vListInsertEnd
                0x10005768       0x18 CMakeFiles/Pratica05_2.dir/home/gabrielmachine/FreeRTOS-Kernel/list.c.o
                0x10005768                vListInsertEnd
 .text.vListInsert
                0x10005780       0x30 CMakeFiles/Pratica05_2.dir/home/gabrielmachine/FreeRTOS-Kernel/list.c.o
                0x10005780                vListInsert
 .text.uxListRemove
                0x100057b0       0x20 CMakeFiles/Pratica05_2.dir/home/gabrielmachine/FreeRTOS-Kernel/list.c.o
                0x100057b0                uxListRemove
 .text.prvUnlockQueue
                0x100057d0      0x180 CMakeFiles/Pratica05_2.dir/home/gabrielmachine/FreeRTOS-Kernel/queue.c.o
 .text.prvNotifyQueueSetContainer
                0x10005950       0x90 CMakeFiles/Pratica05_2.dir/home/gabrielmachine/FreeRTOS-Kernel/queue.c.o
 .text.xQueueGenericCreate
                0x100059e0       0xa4 CMakeFiles/Pratica05_2.dir/home/gabrielmachine/FreeRTOS-Kernel/queue.c.o
                0x100059e0                xQueueGenericCreate
 .text.xQueueCreateCountingSemaphore
                0x10005a84       0x68 CMakeFiles/Pratica05_2.dir/home/gabrielmachine/FreeRTOS-Kernel/queue.c.o
                0x10005a84                xQueueCreateCountingSemaphore
 .text.xQueueGenericSend
                0x10005aec      0x1d8 CMakeFiles/Pratica05_2.dir/home/gabrielmachine/FreeRTOS-Kernel/queue.c.o
                0x10005aec                xQueueGenericSend
 .text.xQueueGenericSendFromISR
                0x10005cc4      0x134 CMakeFiles/Pratica05_2.dir/home/gabrielmachine/FreeRTOS-Kernel/queue.c.o
                0x10005cc4                xQueueGenericSendFromISR
 .text.xQueueGiveFromISR
                0x10005df8       0x7c CMakeFiles/Pratica05_2.dir/home/gabrielmachine/FreeRTOS-Kernel/queue.c.o
                0x10005df8                xQueueGiveFromISR
 .text.xQueueReceive
                0x10005e74      0x11c CMakeFiles/Pratica05_2.dir/home/gabrielmachine/FreeRTOS-Kernel/queue.c.o
                0x10005e74                xQueueReceive
 .text.xQueueSemaphoreTake
                0x10005f90      0x14c CMakeFiles/Pratica05_2.dir/home/gabrielmachine/FreeRTOS-Kernel/queue.c.o
                0x10005f90                xQueueSemaphoreTake
 .text.vQueueAddToRegistry
                0x100060dc      0x118 CMakeFiles/Pratica05_2.dir/home/gabrielmachine/FreeRTOS-Kernel/queue.c.o
                0x100060dc                vQueueAddToRegistry
 .text.vQueueWaitForMessageRestricted
                0x100061f4       0x48 CMakeFiles/Pratica05_2.dir/home/gabrielmachine/FreeRTOS-Kernel/queue.c.o
                0x100061f4                vQueueWaitForMessageRestricted
 .text.prvPassiveIdleTask
                0x1000623c       0x20 CMakeFiles/Pratica05_2.dir/home/gabrielmachine/FreeRTOS-Kernel/tasks.c.o
 .text.prvYieldForTask
                0x1000625c       0xc0 CMakeFiles/Pratica05_2.dir/home/gabrielmachine/FreeRTOS-Kernel/tasks.c.o
 .text.prvAddCurrentTaskToDelayedList
                0x1000631c      0x144 CMakeFiles/Pratica05_2.dir/home/gabrielmachine/FreeRTOS-Kernel/tasks.c.o
 .text.prvCreateTask
                0x10006460      0x158 CMakeFiles/Pratica05_2.dir/home/gabrielmachine/FreeRTOS-Kernel/tasks.c.o
 .text.prvCheckForRunStateChange
                0x100065b8      0x15c CMakeFiles/Pratica05_2.dir/home/gabrielmachine/FreeRTOS-Kernel/tasks.c.o
 .text.xTaskIncrementTick.part.0
                0x10006714      0x1f0 CMakeFiles/Pratica05_2.dir/home/gabrielmachine/FreeRTOS-Kernel/tasks.c.o
 .text.vTaskSuspendAll.part.0
                0x10006904       0xb8 CMakeFiles/Pratica05_2.dir/home/gabrielmachine/FreeRTOS-Kernel/tasks.c.o
 .text.vTaskSuspendAll
                0x100069bc       0xc4 CMakeFiles/Pratica05_2.dir/home/gabrielmachine/FreeRTOS-Kernel/tasks.c.o
                0x100069bc                vTaskSuspendAll
 .text.xTaskGetTickCount
                0x10006a80        0xc CMakeFiles/Pratica05_2.dir/home/gabrielmachine/FreeRTOS-Kernel/tasks.c.o
                0x10006a80                xTaskGetTickCount
 .text.uxTaskGetNumberOfTasks
                0x10006a8c        0xc CMakeFiles/Pratica05_2.dir/home/gabrielmachine/FreeRTOS-Kernel/tasks.c.o
                0x10006a8c                uxTaskGetNumberOfTasks
 .text.xTaskIncrementTick
                0x10006a98       0x24 CMakeFiles/Pratica05_2.dir/home/gabrielmachine/FreeRTOS-Kernel/tasks.c.o
                0x10006a98                xTaskIncrementTick
 .text.vTaskSwitchContext
                0x10006abc      0x300 CMakeFiles/Pratica05_2.dir/home/gabrielmachine/FreeRTOS-Kernel/tasks.c.o
                0x10006abc                vTaskSwitchContext
 .text.vTaskPlaceOnEventList
                0x10006dbc      0x148 CMakeFiles/Pratica05_2.dir/home/gabrielmachine/FreeRTOS-Kernel/tasks.c.o
                0x10006dbc                vTaskPlaceOnEventList
 .text.vTaskPlaceOnUnorderedEventList
                0x10006f04       0x9c CMakeFiles/Pratica05_2.dir/home/gabrielmachine/FreeRTOS-Kernel/tasks.c.o
                0x10006f04                vTaskPlaceOnUnorderedEventList
 .text.vTaskPlaceOnEventListRestricted
                0x10006fa0       0x8c CMakeFiles/Pratica05_2.dir/home/gabrielmachine/FreeRTOS-Kernel/tasks.c.o
                0x10006fa0                vTaskPlaceOnEventListRestricted
 .text.xTaskRemoveFromEventList
                0x1000702c       0xcc CMakeFiles/Pratica05_2.dir/home/gabrielmachine/FreeRTOS-Kernel/tasks.c.o
                0x1000702c                xTaskRemoveFromEventList
 .text.vTaskInternalSetTimeOutState
                0x100070f8       0x18 CMakeFiles/Pratica05_2.dir/home/gabrielmachine/FreeRTOS-Kernel/tasks.c.o
                0x100070f8                vTaskInternalSetTimeOutState
 .text.xTaskCheckForTimeOut
                0x10007110      0x204 CMakeFiles/Pratica05_2.dir/home/gabrielmachine/FreeRTOS-Kernel/tasks.c.o
                0x10007110                xTaskCheckForTimeOut
 .text.vTaskMissedYield
                0x10007314       0x14 CMakeFiles/Pratica05_2.dir/home/gabrielmachine/FreeRTOS-Kernel/tasks.c.o
                0x10007314                vTaskMissedYield
 .text.xTaskGetCurrentTaskHandle
                0x10007328       0x1c CMakeFiles/Pratica05_2.dir/home/gabrielmachine/FreeRTOS-Kernel/tasks.c.o
                0x10007328                xTaskGetCurrentTaskHandle
 .text.xTaskPriorityInherit
                0x10007344       0xfc CMakeFiles/Pratica05_2.dir/home/gabrielmachine/FreeRTOS-Kernel/tasks.c.o
                0x10007344                xTaskPriorityInherit
 .text.xTaskPriorityDisinherit
                0x10007440       0xb8 CMakeFiles/Pratica05_2.dir/home/gabrielmachine/FreeRTOS-Kernel/tasks.c.o
                0x10007440                xTaskPriorityDisinherit
 .text.vTaskPriorityDisinheritAfterTimeout
                0x100074f8       0xcc CMakeFiles/Pratica05_2.dir/home/gabrielmachine/FreeRTOS-Kernel/tasks.c.o
                0x100074f8                vTaskPriorityDisinheritAfterTimeout
 .text.vTaskYieldWithinAPI
                0x100075c4       0x34 CMakeFiles/Pratica05_2.dir/home/gabrielmachine/FreeRTOS-Kernel/tasks.c.o
                0x100075c4                vTaskYieldWithinAPI
 .text.vTaskEnterCritical
                0x100075f8       0xbc CMakeFiles/Pratica05_2.dir/home/gabrielmachine/FreeRTOS-Kernel/tasks.c.o
                0x100075f8                vTaskEnterCritical
 .text.vTaskEnterCriticalFromISR
                0x100076b4       0x70 CMakeFiles/Pratica05_2.dir/home/gabrielmachine/FreeRTOS-Kernel/tasks.c.o
                0x100076b4                vTaskEnterCriticalFromISR
 .text.vTaskExitCritical
                0x10007724       0x88 CMakeFiles/Pratica05_2.dir/home/gabrielmachine/FreeRTOS-Kernel/tasks.c.o
                0x10007724                vTaskExitCritical
 .text.prvAddNewTaskToReadyList
                0x100077ac       0xec CMakeFiles/Pratica05_2.dir/home/gabrielmachine/FreeRTOS-Kernel/tasks.c.o
 .text.xTaskCreate
                0x10007898       0x2c CMakeFiles/Pratica05_2.dir/home/gabrielmachine/FreeRTOS-Kernel/tasks.c.o
                0x10007898                xTaskCreate
 .text.xTaskCreateAffinitySet
                0x100078c4       0x28 CMakeFiles/Pratica05_2.dir/home/gabrielmachine/FreeRTOS-Kernel/tasks.c.o
                0x100078c4                xTaskCreateAffinitySet
 .text.vTaskStartScheduler
                0x100078ec       0xb8 CMakeFiles/Pratica05_2.dir/home/gabrielmachine/FreeRTOS-Kernel/tasks.c.o
                0x100078ec                vTaskStartScheduler
 .text.xTaskResumeAll.part.0
                0x100079a4      0x1ac CMakeFiles/Pratica05_2.dir/home/gabrielmachine/FreeRTOS-Kernel/tasks.c.o
 .text.xTaskResumeAll
                0x10007b50       0x18 CMakeFiles/Pratica05_2.dir/home/gabrielmachine/FreeRTOS-Kernel/tasks.c.o
                0x10007b50                xTaskResumeAll
 .text.vTaskDelay
                0x10007b68       0x70 CMakeFiles/Pratica05_2.dir/home/gabrielmachine/FreeRTOS-Kernel/tasks.c.o
                0x10007b68                vTaskDelay
 .text.vTaskRemoveFromUnorderedEventList
                0x10007bd8       0x8c CMakeFiles/Pratica05_2.dir/home/gabrielmachine/FreeRTOS-Kernel/tasks.c.o
                0x10007bd8                vTaskRemoveFromUnorderedEventList
 .text.prvIdleTask
                0x10007c64      0x208 CMakeFiles/Pratica05_2.dir/home/gabrielmachine/FreeRTOS-Kernel/tasks.c.o
 .text.vTaskExitCriticalFromISR
                0x10007e6c       0x58 CMakeFiles/Pratica05_2.dir/home/gabrielmachine/FreeRTOS-Kernel/tasks.c.o
                0x10007e6c                vTaskExitCriticalFromISR
 .text.uxTaskResetEventItemValue
                0x10007ec4       0x48 CMakeFiles/Pratica05_2.dir/home/gabrielmachine/FreeRTOS-Kernel/tasks.c.o
                0x10007ec4                uxTaskResetEventItemValue
 .text.pvTaskIncrementMutexHeldCount
                0x10007f0c       0x28 CMakeFiles/Pratica05_2.dir/home/gabrielmachine/FreeRTOS-Kernel/tasks.c.o
                0x10007f0c                pvTaskIncrementMutexHeldCount
 .text.prvTimerTask
                0x10007f34      0x3b4 CMakeFiles/Pratica05_2.dir/home/gabrielmachine/FreeRTOS-Kernel/timers.c.o
 .text.xTimerCreateTimerTask
                0x100082e8       0x90 CMakeFiles/Pratica05_2.dir/home/gabrielmachine/FreeRTOS-Kernel/timers.c.o
                0x100082e8                xTimerCreateTimerTask
 .text.xTimerPendFunctionCallFromISR
                0x10008378       0x28 CMakeFiles/Pratica05_2.dir/home/gabrielmachine/FreeRTOS-Kernel/timers.c.o
                0x10008378                xTimerPendFunctionCallFromISR
 .text.exception_set_exclusive_handler
                0x100083a0       0x48 CMakeFiles/Pratica05_2.dir/home/gabrielmachine/pico/pico-sdk/src/rp2_common/hardware_exception/exception.c.o
                0x100083a0                exception_set_exclusive_handler
 .text.core1_trampoline
                0x100083e8        0x4 CMakeFiles/Pratica05_2.dir/home/gabrielmachine/pico/pico-sdk/src/rp2_common/pico_multicore/multicore.c.o
 .text.core1_wrapper
                0x100083ec        0xc CMakeFiles/Pratica05_2.dir/home/gabrielmachine/pico/pico-sdk/src/rp2_common/pico_multicore/multicore.c.o
                0x100083ec                core1_wrapper
 .text.multicore_reset_core1
                0x100083f8       0x60 CMakeFiles/Pratica05_2.dir/home/gabrielmachine/pico/pico-sdk/src/rp2_common/pico_multicore/multicore.c.o
                0x100083f8                multicore_reset_core1
 .text.multicore_launch_core1_raw
                0x10008458       0x84 CMakeFiles/Pratica05_2.dir/home/gabrielmachine/pico/pico-sdk/src/rp2_common/pico_multicore/multicore.c.o
                0x10008458                multicore_launch_core1_raw
 .text.multicore_launch_core1
                0x100084dc       0x58 CMakeFiles/Pratica05_2.dir/home/gabrielmachine/pico/pico-sdk/src/rp2_common/pico_multicore/multicore.c.o
                0x100084dc                multicore_launch_core1
 .text          0x10008534       0x10 /usr/lib/gcc/arm-none-eabi/13.2.1/../../../arm-none-eabi/lib/thumb/v6-m/nofp/libg.a(libc_a-atexit.o)
                0x10008534                atexit
 .text          0x10008544       0x5c /usr/lib/gcc/arm-none-eabi/13.2.1/../../../arm-none-eabi/lib/thumb/v6-m/nofp/libg.a(libc_a-strlen-stub.o)
                0x10008544                strlen
 .text          0x100085a0       0x28 /usr/lib/gcc/arm-none-eabi/13.2.1/../../../arm-none-eabi/lib/thumb/v6-m/nofp/libg.a(libc_a-fini.o)
                0x100085a0                __libc_fini_array
 .text          0x100085c8       0x78 /usr/lib/gcc/arm-none-eabi/13.2.1/../../../arm-none-eabi/lib/thumb/v6-m/nofp/libg.a(libc_a-__atexit.o)
                0x100085c8                __register_exitproc
 .text.startup  0x10008640       0x18 /usr/lib/gcc/arm-none-eabi/13.2.1/../../../arm-none-eabi/lib/thumb/v6-m/nofp/libg.a(libc_a-__call_atexit.o)
 *(.fini)
 .fini          0x10008658        0x4 /usr/lib/gcc/arm-none-eabi/13.2.1/thumb/v6-m/nofp/crti.o
                0x10008658                _fini
 *fill*         0x1000865c        0x4 
 .fini.__stub   0x10008660       0xc0 linker stubs
 *crtbegin.o(.ctors)
 *crtbegin?.o(.ctors)
 *(EXCLUDE_FILE(*crtend.o *crtend?.o) .ctors)
 *(SORT_BY_NAME(.ctors.*))
 *(.ctors)
 *crtbegin.o(.dtors)
 *crtbegin?.o(.dtors)
 *(EXCLUDE_FILE(*crtend.o *crtend?.o) .dtors)
 *(SORT_BY_NAME(.dtors.*))
 *(.dtors)
                0x10008720                        . = ALIGN (0x4)
                0x10008720                        PROVIDE (__preinit_array_start = .)
 *(SORT_BY_NAME(.preinit_array.*))
 .preinit_array.00100
                0x10008720        0x4 CMakeFiles/Pratica05_2.dir/home/gabrielmachine/pico/pico-sdk/src/rp2_common/pico_runtime_init/runtime_init.c.o
                0x10008720                __pre_init_runtime_init_early_resets
 .preinit_array.00101
                0x10008724        0x4 CMakeFiles/Pratica05_2.dir/home/gabrielmachine/pico/pico-sdk/src/rp2_common/pico_runtime_init/runtime_init.c.o
                0x10008724                __pre_init_runtime_init_usb_power_down
 .preinit_array.00275
                0x10008728        0x4 CMakeFiles/Pratica05_2.dir/home/gabrielmachine/pico/pico-sdk/src/rp2_common/pico_bit_ops/bit_ops_aeabi.S.o
 .preinit_array.00300
                0x1000872c        0x4 CMakeFiles/Pratica05_2.dir/home/gabrielmachine/pico/pico-sdk/src/rp2_common/pico_mem_ops/mem_ops_aeabi.S.o
 .preinit_array.00350
                0x10008730        0x4 CMakeFiles/Pratica05_2.dir/home/gabrielmachine/pico/pico-sdk/src/rp2_common/pico_double/double_aeabi_rp2040.S.o
 .preinit_array.00350
                0x10008734        0x4 CMakeFiles/Pratica05_2.dir/home/gabrielmachine/pico/pico-sdk/src/rp2_common/pico_float/float_aeabi_rp2040.S.o
 .preinit_array.00500
                0x10008738        0x4 CMakeFiles/Pratica05_2.dir/home/gabrielmachine/pico/pico-sdk/src/rp2_common/pico_runtime_init/runtime_init.c.o
                0x10008738                __pre_init_runtime_init_clocks
 .preinit_array.00600
                0x1000873c        0x4 CMakeFiles/Pratica05_2.dir/home/gabrielmachine/pico/pico-sdk/src/rp2_common/pico_runtime_init/runtime_init.c.o
                0x1000873c                __pre_init_runtime_init_post_clock_resets
 .preinit_array.00700
                0x10008740        0x4 CMakeFiles/Pratica05_2.dir/home/gabrielmachine/pico/pico-sdk/src/rp2_common/pico_runtime_init/runtime_init.c.o
                0x10008740                __pre_init_runtime_init_rp2040_gpio_ie_disable
 .preinit_array.01000
                0x10008744        0x4 CMakeFiles/Pratica05_2.dir/home/gabrielmachine/pico/pico-sdk/src/rp2_common/pico_runtime_init/runtime_init.c.o
                0x10008744                __pre_init_runtime_init_spin_locks_reset
 .preinit_array.01100
                0x10008748        0x4 CMakeFiles/Pratica05_2.dir/home/gabrielmachine/pico/pico-sdk/src/common/pico_sync/mutex.c.o
                0x10008748                __pre_init_runtime_init_mutex
 .preinit_array.10080
                0x1000874c        0x4 CMakeFiles/Pratica05_2.dir/home/gabrielmachine/pico/pico-sdk/src/rp2_common/pico_runtime_init/runtime_init.c.o
                0x1000874c                __pre_init_runtime_init_install_ram_vector_table
 .preinit_array.11000
                0x10008750        0x4 CMakeFiles/Pratica05_2.dir/home/gabrielmachine/pico/pico-sdk/src/common/pico_time/time.c.o
                0x10008750                __pre_init_runtime_init_default_alarm_pool
 .preinit_array.YYYYY
                0x10008754        0x4 CMakeFiles/Pratica05_2.dir/home/gabrielmachine/pico/pico-sdk/src/rp2_common/pico_runtime/runtime.c.o
                0x10008754                __pre_init_first_per_core_initializer
 .preinit_array.ZZZZZ.01200
                0x10008758        0x4 CMakeFiles/Pratica05_2.dir/home/gabrielmachine/pico/pico-sdk/src/rp2_common/hardware_irq/irq.c.o
                0x10008758                __pre_init_runtime_init_per_core_irq_priorities
 *(.preinit_array)
                0x1000875c                        PROVIDE (__preinit_array_end = .)
                0x1000875c                        . = ALIGN (0x4)
                0x1000875c                        PROVIDE (__init_array_start = .)
 *(SORT_BY_NAME(.init_array.*))
 .init_array.00000
                0x1000875c        0x4 /usr/lib/gcc/arm-none-eabi/13.2.1/../../../arm-none-eabi/lib/thumb/v6-m/nofp/libg.a(libc_a-__call_atexit.o)
 *(.init_array)
 .init_array    0x10008760        0x4 /usr/lib/gcc/arm-none-eabi/13.2.1/thumb/v6-m/nofp/crtbegin.o
 .init_array    0x10008764        0x4 CMakeFiles/Pratica05_2.dir/home/gabrielmachine/pico/pico-sdk/src/rp2_common/pico_unique_id/unique_id.c.o
 .init_array    0x10008768        0x4 CMakeFiles/Pratica05_2.dir/home/gabrielmachine/FreeRTOS-Kernel/portable/ThirdParty/GCC/RP2040/port.c.o
                0x1000876c                        PROVIDE (__init_array_end = .)
                0x1000876c                        . = ALIGN (0x4)
                0x1000876c                        PROVIDE (__fini_array_start = .)
 *(SORT_BY_NAME(.fini_array.*))
 *(.fini_array)
                0x1000876c                        PROVIDE (__fini_array_end = .)
 *(.eh_frame*)
 .eh_frame      0x1000876c        0x0 /usr/lib/gcc/arm-none-eabi/13.2.1/thumb/v6-m/nofp/crtbegin.o
                0x1000876c                        . = ALIGN (0x4)

.glue_7         0x1000876c        0x0
 .glue_7        0x1000876c        0x0 linker stubs

.glue_7t        0x1000876c        0x0
 .glue_7t       0x1000876c        0x0 linker stubs

.vfp11_veneer   0x1000876c        0x0
 .vfp11_veneer  0x1000876c        0x0 linker stubs

.v4_bx          0x1000876c        0x0
 .v4_bx         0x1000876c        0x0 linker stubs

.iplt           0x1000876c        0x0
 .iplt          0x1000876c        0x0 /usr/lib/gcc/arm-none-eabi/13.2.1/thumb/v6-m/nofp/crtbegin.o

.rodata         0x1000876c      0x564
 *(EXCLUDE_FILE(*libm.a: *libc.a:*lib_a-mem*.o *libgcc.a:) .rodata*)
 .rodata.button_task.str1.4
                0x1000876c      0x280 CMakeFiles/Pratica05_2.dir/main.c.o
                                 0x3f (size before relaxing)
 .rodata.semaphore_test_task.str1.4
                0x100089ec       0x2b CMakeFiles/Pratica05_2.dir/main.c.o
 .rodata.led_task.str1.4
                0x100089ec        0xe CMakeFiles/Pratica05_2.dir/main.c.o
 .rodata.main.str1.4
                0x100089ec       0x66 CMakeFiles/Pratica05_2.dir/main.c.o
 .rodata.panic.str1.4
                0x100089ec       0x12 CMakeFiles/Pratica05_2.dir/home/gabrielmachine/pico/pico-sdk/src/rp2_common/pico_platform_panic/panic.c.o
 .rodata.panic_unsupported.str1.4
                0x100089ec        0xe CMakeFiles/Pratica05_2.dir/home/gabrielmachine/pico/pico-sdk/src/rp2_common/pico_platform_panic/panic.c.o
 .rodata.spin_lock_claim.str1.4
                0x100089ec       0x1f CMakeFiles/Pratica05_2.dir/home/gabrielmachine/pico/pico-sdk/src/rp2_common/hardware_sync/sync.c.o
 .rodata.spin_lock_claim_unused.str1.4
                0x100089ec       0x1b CMakeFiles/Pratica05_2.dir/home/gabrielmachine/pico/pico-sdk/src/rp2_common/hardware_sync/sync.c.o
 .rodata.user_irq_claim_unused.str1.4
                0x100089ec       0x1b CMakeFiles/Pratica05_2.dir/home/gabrielmachine/pico/pico-sdk/src/rp2_common/hardware_irq/irq.c.o
 .rodata.timer_hardware_alarm_claim.str1.4
                0x100089ec       0x22 CMakeFiles/Pratica05_2.dir/home/gabrielmachine/pico/pico-sdk/src/rp2_common/hardware_timer/timer.c.o
 .rodata.hard_assertion_failure.str1.4
                0x100089ec        0xc CMakeFiles/Pratica05_2.dir/home/gabrielmachine/pico/pico-sdk/src/rp2_common/pico_runtime/runtime.c.o
 .rodata.str1.4
                0x100089ec       0x40 CMakeFiles/Pratica05_2.dir/home/gabrielmachine/pico/pico-sdk/src/rp2_common/pico_standard_binary_info/standard_binary_info.c.o
 .rodata.__bi_84
                0x100089ec        0xc CMakeFiles/Pratica05_2.dir/home/gabrielmachine/pico/pico-sdk/src/rp2_common/pico_standard_binary_info/standard_binary_info.c.o
 .rodata.__bi_78
                0x100089f8        0xc CMakeFiles/Pratica05_2.dir/home/gabrielmachine/pico/pico-sdk/src/rp2_common/pico_standard_binary_info/standard_binary_info.c.o
 .rodata.__bi_54
                0x10008a04        0xc CMakeFiles/Pratica05_2.dir/home/gabrielmachine/pico/pico-sdk/src/rp2_common/pico_standard_binary_info/standard_binary_info.c.o
 .rodata.__bi_48
                0x10008a10        0xc CMakeFiles/Pratica05_2.dir/home/gabrielmachine/pico/pico-sdk/src/rp2_common/pico_standard_binary_info/standard_binary_info.c.o
 .rodata.__bi_42
                0x10008a1c        0xc CMakeFiles/Pratica05_2.dir/home/gabrielmachine/pico/pico-sdk/src/rp2_common/pico_standard_binary_info/standard_binary_info.c.o
 .rodata.__bi_34
                0x10008a28        0xc CMakeFiles/Pratica05_2.dir/home/gabrielmachine/pico/pico-sdk/src/rp2_common/pico_standard_binary_info/standard_binary_info.c.o
 .rodata.__bi_26
                0x10008a34        0xc CMakeFiles/Pratica05_2.dir/home/gabrielmachine/pico/pico-sdk/src/rp2_common/pico_standard_binary_info/standard_binary_info.c.o
 .rodata.crlf_str.0
                0x10008a40        0x2 CMakeFiles/Pratica05_2.dir/home/gabrielmachine/pico/pico-sdk/src/rp2_common/pico_stdio/stdio.c.o
 *fill*         0x10008a42        0x2 
 .rodata._resetd_driver
                0x10008a44       0x20 CMakeFiles/Pratica05_2.dir/home/gabrielmachine/pico/pico-sdk/src/rp2_common/pico_stdio_usb/reset_interface.c.o
 .rodata.desc_ms_os_20
                0x10008a64       0xa6 CMakeFiles/Pratica05_2.dir/home/gabrielmachine/pico/pico-sdk/src/rp2_common/pico_stdio_usb/reset_interface.c.o
 *fill*         0x10008b0a        0x2 
 .rodata.desc_bos
                0x10008b0c       0x21 CMakeFiles/Pratica05_2.dir/home/gabrielmachine/pico/pico-sdk/src/rp2_common/pico_stdio_usb/reset_interface.c.o
                0x10008b0c                desc_bos
 .rodata.str1.4
                0x10008b2d       0x13 CMakeFiles/Pratica05_2.dir/home/gabrielmachine/pico/pico-sdk/src/rp2_common/pico_stdio_usb/stdio_usb.c.o
 *fill*         0x10008b2d        0x3 
 .rodata.__bi_197.0
                0x10008b30        0xc CMakeFiles/Pratica05_2.dir/home/gabrielmachine/pico/pico-sdk/src/rp2_common/pico_stdio_usb/stdio_usb.c.o
 .rodata.str1.4
                0x10008b3c       0x2a CMakeFiles/Pratica05_2.dir/home/gabrielmachine/pico/pico-sdk/src/rp2_common/pico_stdio_usb/stdio_usb_descriptors.c.o
 .rodata.usbd_desc_str
                0x10008b3c       0x18 CMakeFiles/Pratica05_2.dir/home/gabrielmachine/pico/pico-sdk/src/rp2_common/pico_stdio_usb/stdio_usb_descriptors.c.o
 .rodata.usbd_desc_cfg
                0x10008b54       0x54 CMakeFiles/Pratica05_2.dir/home/gabrielmachine/pico/pico-sdk/src/rp2_common/pico_stdio_usb/stdio_usb_descriptors.c.o
 .rodata.usbd_desc_device
                0x10008ba8       0x12 CMakeFiles/Pratica05_2.dir/home/gabrielmachine/pico/pico-sdk/src/rp2_common/pico_stdio_usb/stdio_usb_descriptors.c.o
 .rodata.str1.4
                0x10008bba       0x14 CMakeFiles/Pratica05_2.dir/home/gabrielmachine/pico/pico-sdk/lib/tinyusb/src/portable/raspberrypi/rp2040/dcd_rp2040.c.o
 .rodata.str1.4
                0x10008bba       0x48 CMakeFiles/Pratica05_2.dir/home/gabrielmachine/pico/pico-sdk/lib/tinyusb/src/portable/raspberrypi/rp2040/rp2040_usb.c.o
 *fill*         0x10008bba        0x2 
 .rodata.tud_task_ext
                0x10008bbc       0x8c CMakeFiles/Pratica05_2.dir/home/gabrielmachine/pico/pico-sdk/lib/tinyusb/src/device/usbd.c.o
 .rodata        0x10008c48       0x1c CMakeFiles/Pratica05_2.dir/home/gabrielmachine/pico/pico-sdk/lib/tinyusb/src/device/usbd.c.o
 .rodata._usbd_driver
                0x10008c64       0x40 CMakeFiles/Pratica05_2.dir/home/gabrielmachine/pico/pico-sdk/lib/tinyusb/src/device/usbd.c.o
 .rodata.uxTopUsedPriority
                0x10008ca4        0x4 CMakeFiles/Pratica05_2.dir/home/gabrielmachine/FreeRTOS-Kernel/tasks.c.o
 .rodata.prvTimerTask
                0x10008ca8       0x28 CMakeFiles/Pratica05_2.dir/home/gabrielmachine/FreeRTOS-Kernel/timers.c.o
 .rodata.xTimerCreateTimerTask.str1.4
                0x10008cd0       0x10 CMakeFiles/Pratica05_2.dir/home/gabrielmachine/FreeRTOS-Kernel/timers.c.o
                0x10008ce0                        . = ALIGN (0x4)
 *(SORT_BY_ALIGNMENT(SORT_BY_NAME(.flashdata*)))
                0x10008ce0                        . = ALIGN (0x4)

.ARM.extab
 *(.ARM.extab* .gnu.linkonce.armextab.*)
                0x10008cd0                        __exidx_start = .

.ARM.exidx
 *(.ARM.exidx* .gnu.linkonce.armexidx.*)
                0x10008cd0                        __exidx_end = .
                0x10008ce0                        . = ALIGN (0x4)
                0x10008cd0                        __binary_info_start = .

.binary_info    0x10008cd0       0x20
 *(.binary_info.keep.*)
 .binary_info.keep.__bi_ptr84
                0x10008cd0        0x4 CMakeFiles/Pratica05_2.dir/home/gabrielmachine/pico/pico-sdk/src/rp2_common/pico_standard_binary_info/standard_binary_info.c.o
 .binary_info.keep.__bi_ptr78
                0x10008cd4        0x4 CMakeFiles/Pratica05_2.dir/home/gabrielmachine/pico/pico-sdk/src/rp2_common/pico_standard_binary_info/standard_binary_info.c.o
 .binary_info.keep.__bi_ptr54
                0x10008cd8        0x4 CMakeFiles/Pratica05_2.dir/home/gabrielmachine/pico/pico-sdk/src/rp2_common/pico_standard_binary_info/standard_binary_info.c.o
 .binary_info.keep.__bi_ptr48
                0x10008cdc        0x4 CMakeFiles/Pratica05_2.dir/home/gabrielmachine/pico/pico-sdk/src/rp2_common/pico_standard_binary_info/standard_binary_info.c.o
 .binary_info.keep.__bi_ptr42
                0x10008ce0        0x4 CMakeFiles/Pratica05_2.dir/home/gabrielmachine/pico/pico-sdk/src/rp2_common/pico_standard_binary_info/standard_binary_info.c.o
 .binary_info.keep.__bi_ptr34
                0x10008ce4        0x4 CMakeFiles/Pratica05_2.dir/home/gabrielmachine/pico/pico-sdk/src/rp2_common/pico_standard_binary_info/standard_binary_info.c.o
 .binary_info.keep.__bi_ptr26
                0x10008ce8        0x4 CMakeFiles/Pratica05_2.dir/home/gabrielmachine/pico/pico-sdk/src/rp2_common/pico_standard_binary_info/standard_binary_info.c.o
 *(.binary_info.*)
 .binary_info.__bi_ptr197
                0x10008cec        0x4 CMakeFiles/Pratica05_2.dir/home/gabrielmachine/pico/pico-sdk/src/rp2_common/pico_stdio_usb/stdio_usb.c.o
                0x10008cf0                        __binary_info_end = .

.rel.dyn        0x10008cf0        0x0
 .rel.iplt      0x10008cf0        0x0 /usr/lib/gcc/arm-none-eabi/13.2.1/thumb/v6-m/nofp/crtbegin.o
                0x10008cf0                        . = ALIGN (0x4)

.ram_vector_table
                0x20000000       0xc0
 *(.ram_vector_table)
 .ram_vector_table
                0x20000000       0xc0 CMakeFiles/Pratica05_2.dir/home/gabrielmachine/pico/pico-sdk/src/rp2_common/pico_runtime_init/runtime_init.c.o
                0x20000000                ram_vector_table

.uninitialized_data
                0x200000c0        0x0
                0x200000c0                        . = ALIGN (0x4)
 *(.uninitialized_data*)

.data           0x200000c0      0xf68 load address 0x10008cf0
                0x200000c0                        __data_start__ = .
 *(vtable)
 *(.time_critical*)
 .time_critical.mutex_try_enter
                0x200000c0       0x40 CMakeFiles/Pratica05_2.dir/home/gabrielmachine/pico/pico-sdk/src/common/pico_sync/mutex.c.o
                0x200000c0                mutex_try_enter
 .time_critical.mutex_try_enter_block_until
                0x20000100       0xa0 CMakeFiles/Pratica05_2.dir/home/gabrielmachine/pico/pico-sdk/src/common/pico_sync/mutex.c.o
                0x20000100                mutex_try_enter_block_until
 .time_critical.mutex_enter_timeout_ms
                0x200001a0       0x78 CMakeFiles/Pratica05_2.dir/home/gabrielmachine/pico/pico-sdk/src/common/pico_sync/mutex.c.o
                0x200001a0                mutex_enter_timeout_ms
 .time_critical.mutex_exit
                0x20000218       0x20 CMakeFiles/Pratica05_2.dir/home/gabrielmachine/pico/pico-sdk/src/common/pico_sync/mutex.c.o
                0x20000218                mutex_exit
 .time_critical.flash_init_boot2_copyout
                0x20000238       0x30 CMakeFiles/Pratica05_2.dir/home/gabrielmachine/pico/pico-sdk/src/rp2_common/hardware_flash/flash.c.o
 .time_critical.flash_enable_xip_via_boot2
                0x20000268        0xc CMakeFiles/Pratica05_2.dir/home/gabrielmachine/pico/pico-sdk/src/rp2_common/hardware_flash/flash.c.o
 .time_critical.flash_cs_force
                0x20000274       0x38 CMakeFiles/Pratica05_2.dir/home/gabrielmachine/pico/pico-sdk/src/rp2_common/hardware_flash/flash.c.o
 .time_critical.flash_do_cmd
                0x200002ac       0xc0 CMakeFiles/Pratica05_2.dir/home/gabrielmachine/pico/pico-sdk/src/rp2_common/hardware_flash/flash.c.o
                0x200002ac                flash_do_cmd
 .time_critical.reset_non_control_endpoints
                0x2000036c       0x68 CMakeFiles/Pratica05_2.dir/home/gabrielmachine/pico/pico-sdk/lib/tinyusb/src/portable/raspberrypi/rp2040/dcd_rp2040.c.o
 .time_critical.hw_handle_buff_status
                0x200003d4       0xa0 CMakeFiles/Pratica05_2.dir/home/gabrielmachine/pico/pico-sdk/lib/tinyusb/src/portable/raspberrypi/rp2040/dcd_rp2040.c.o
 .time_critical.dcd_rp2040_irq
                0x20000474      0x544 CMakeFiles/Pratica05_2.dir/home/gabrielmachine/pico/pico-sdk/lib/tinyusb/src/portable/raspberrypi/rp2040/dcd_rp2040.c.o
 .time_critical.prepare_ep_buffer
                0x200009b8       0xe0 CMakeFiles/Pratica05_2.dir/home/gabrielmachine/pico/pico-sdk/lib/tinyusb/src/portable/raspberrypi/rp2040/rp2040_usb.c.o
 .time_critical.sync_ep_buffer
                0x20000a98       0xa8 CMakeFiles/Pratica05_2.dir/home/gabrielmachine/pico/pico-sdk/lib/tinyusb/src/portable/raspberrypi/rp2040/rp2040_usb.c.o
 .time_critical._hw_endpoint_xfer_sync
                0x20000b40       0x28 CMakeFiles/Pratica05_2.dir/home/gabrielmachine/pico/pico-sdk/lib/tinyusb/src/portable/raspberrypi/rp2040/rp2040_usb.c.o
 .time_critical.e15_is_bulkin_ep
                0x20000b68       0x28 CMakeFiles/Pratica05_2.dir/home/gabrielmachine/pico/pico-sdk/lib/tinyusb/src/portable/raspberrypi/rp2040/rp2040_usb.c.o
 .time_critical.e15_is_critical_frame_period
                0x20000b90       0x34 CMakeFiles/Pratica05_2.dir/home/gabrielmachine/pico/pico-sdk/lib/tinyusb/src/portable/raspberrypi/rp2040/rp2040_usb.c.o
 .time_critical.hw_endpoint_reset_transfer
                0x20000bc4        0xc CMakeFiles/Pratica05_2.dir/home/gabrielmachine/pico/pico-sdk/lib/tinyusb/src/portable/raspberrypi/rp2040/rp2040_usb.c.o
                0x20000bc4                hw_endpoint_reset_transfer
 .time_critical._hw_endpoint_buffer_control_update32
                0x20000bd0       0x50 CMakeFiles/Pratica05_2.dir/home/gabrielmachine/pico/pico-sdk/lib/tinyusb/src/portable/raspberrypi/rp2040/rp2040_usb.c.o
                0x20000bd0                _hw_endpoint_buffer_control_update32
 .time_critical.hw_endpoint_start_next_buffer
                0x20000c20       0x6c CMakeFiles/Pratica05_2.dir/home/gabrielmachine/pico/pico-sdk/lib/tinyusb/src/portable/raspberrypi/rp2040/rp2040_usb.c.o
                0x20000c20                hw_endpoint_start_next_buffer
 .time_critical.hw_endpoint_xfer_continue
                0x20000c8c       0x40 CMakeFiles/Pratica05_2.dir/home/gabrielmachine/pico/pico-sdk/lib/tinyusb/src/portable/raspberrypi/rp2040/rp2040_usb.c.o
                0x20000c8c                hw_endpoint_xfer_continue
 .time_critical.tinyusb
                0x20000ccc      0x1e4 CMakeFiles/Pratica05_2.dir/home/gabrielmachine/pico/pico-sdk/lib/tinyusb/src/device/usbd.c.o
                0x20000ccc                dcd_event_handler
 *(.text*)
 .text          0x20000eb0        0x4 /usr/lib/gcc/arm-none-eabi/13.2.1/thumb/v6-m/nofp/libgcc.a(_dvmd_tls.o)
                0x20000eb0                __aeabi_ldiv0
                0x20000eb0                __aeabi_idiv0
 *fill*         0x20000eb4        0x4 
 .text.__stub   0x20000eb8       0xa0 linker stubs
                0x20000f58                        . = ALIGN (0x4)
 *(.rodata*)
                0x20000f58                        . = ALIGN (0x4)
 *(.data*)
 .data.striped_spin_lock_num
                0x20000f58        0x1 CMakeFiles/Pratica05_2.dir/home/gabrielmachine/pico/pico-sdk/src/rp2_common/hardware_sync/sync.c.o
 *fill*         0x20000f59        0x3 
 .data          0x20000f5c       0x48 CMakeFiles/Pratica05_2.dir/home/gabrielmachine/pico/pico-sdk/src/rp2_common/hardware_irq/irq_handler_chain.S.o
                0x20000f5c                irq_handler_chain_slots
                0x20000f8c                irq_handler_chain_first_slot
                0x20000f96                irq_handler_chain_remove_tail
 .data.default_alarm_pool
                0x20000fa4       0x18 CMakeFiles/Pratica05_2.dir/home/gabrielmachine/pico/pico-sdk/src/common/pico_time/time.c.o
 *fill*         0x20000fbc        0x4 
 .data.aeabi_bits_funcs
                0x20000fc0       0x10 CMakeFiles/Pratica05_2.dir/home/gabrielmachine/pico/pico-sdk/src/rp2_common/pico_bit_ops/bit_ops_aeabi.S.o
                0x20000fc0                aeabi_bits_funcs
                0x20000fd0                aeabi_bits_funcs_end
 .data.aeabi_mem_funcs
                0x20000fd0       0x10 CMakeFiles/Pratica05_2.dir/home/gabrielmachine/pico/pico-sdk/src/rp2_common/pico_mem_ops/mem_ops_aeabi.S.o
                0x20000fd0                aeabi_mem_funcs
                0x20000fe0                aeabi_mem_funcs_end
 .data.stdio_usb
                0x20000fe0       0x18 CMakeFiles/Pratica05_2.dir/home/gabrielmachine/pico/pico-sdk/src/rp2_common/pico_stdio_usb/stdio_usb.c.o
                0x20000fe0                stdio_usb
 .data._usbd_qdef
                0x20000ff8       0x1c CMakeFiles/Pratica05_2.dir/home/gabrielmachine/pico/pico-sdk/lib/tinyusb/src/device/usbd.c.o
                0x20000ff8                _usbd_qdef
 .data._usbd_rhport
                0x20001014        0x1 CMakeFiles/Pratica05_2.dir/home/gabrielmachine/pico/pico-sdk/lib/tinyusb/src/device/usbd.c.o
 .data.ucPrimaryCoreNum
                0x20001015        0x1 CMakeFiles/Pratica05_2.dir/home/gabrielmachine/FreeRTOS-Kernel/portable/ThirdParty/GCC/RP2040/port.c.o
                0x20001018                        . = ALIGN (0x4)
 *fill*         0x20001016        0x2 
 *(.after_data.*)
                0x20001018                        . = ALIGN (0x4)
                0x20001018                        PROVIDE (__mutex_array_start = .)
 *(SORT_BY_NAME(.mutex_array.*))
 *(.mutex_array)
 .mutex_array   0x20001018        0x8 CMakeFiles/Pratica05_2.dir/home/gabrielmachine/pico/pico-sdk/src/rp2_common/pico_malloc/malloc.c.o
 .mutex_array   0x20001020        0x8 CMakeFiles/Pratica05_2.dir/home/gabrielmachine/pico/pico-sdk/src/rp2_common/pico_stdio/stdio.c.o
                0x20001028                        PROVIDE (__mutex_array_end = .)
                0x20001028                        . = ALIGN (0x4)
 *(.jcr)
                0x20001028                        . = ALIGN (0x4)

.tm_clone_table
                0x20001028        0x0 load address 0x10009c58
 .tm_clone_table
                0x20001028        0x0 /usr/lib/gcc/arm-none-eabi/13.2.1/thumb/v6-m/nofp/crtbegin.o
 .tm_clone_table
                0x20001028        0x0 /usr/lib/gcc/arm-none-eabi/13.2.1/thumb/v6-m/nofp/crtend.o

.igot.plt       0x20001028        0x0 load address 0x10009c58
 .igot.plt      0x20001028        0x0 /usr/lib/gcc/arm-none-eabi/13.2.1/thumb/v6-m/nofp/crtbegin.o

.tdata          0x20001028        0x0 load address 0x10009c58
                0x20001028                        . = ALIGN (0x4)
 *(.tdata .tdata.* .gnu.linkonce.td.*)
                0x20001028                        __tdata_end = .
                0x20001028                        PROVIDE (__data_end__ = .)
                0x10008cf0                        __etext = LOADADDR (.data)

.tbss           0x20001028        0x0 load address 0x10009c58
                0x20001028                        . = ALIGN (0x4)
                0x20001028                        __bss_start__ = .
                0x20001028                        __tls_base = .
 *(.tbss .tbss.* .gnu.linkonce.tb.*)
 *(.tcommon)
                0x20001028                        __tls_end = .

.bss            0x20001028    0x21490 load address 0x10009c58
                0x20001028                        . = ALIGN (0x4)
                0x20001028                        __tbss_end = .
 *(SORT_BY_ALIGNMENT(SORT_BY_NAME(.bss*)))
 .bss.default_alarm_pool_entries
                0x20001028      0x180 CMakeFiles/Pratica05_2.dir/home/gabrielmachine/pico/pico-sdk/src/common/pico_time/time.c.o
 .bss.last_avail_time.1
                0x200011a8        0x8 CMakeFiles/Pratica05_2.dir/home/gabrielmachine/pico/pico-sdk/src/rp2_common/pico_stdio_usb/stdio_usb.c.o
 .bss.sd_table  0x200011b0      0x100 CMakeFiles/Pratica05_2.dir/home/gabrielmachine/pico/pico-sdk/src/rp2_common/pico_double/double_init_rom_rp2040.c.o
                0x200011b0                sd_table
 .bss.sf_table  0x200012b0      0x100 CMakeFiles/Pratica05_2.dir/home/gabrielmachine/pico/pico-sdk/src/rp2_common/pico_float/float_init_rom_rp2040.c.o
                0x200012b0                sf_table
 .bss.xQueueRegistry
                0x200013b0       0x40 CMakeFiles/Pratica05_2.dir/home/gabrielmachine/FreeRTOS-Kernel/queue.c.o
                0x200013b0                xQueueRegistry
 .bss           0x200013f0       0x1c /usr/lib/gcc/arm-none-eabi/13.2.1/thumb/v6-m/nofp/crtbegin.o
 .bss           0x2000140c      0x190 /usr/lib/gcc/arm-none-eabi/13.2.1/../../../arm-none-eabi/lib/thumb/v6-m/nofp/libg.a(libc_a-__atexit.o)
                0x2000140c                __atexit0
 .bss           0x2000159c        0x4 /usr/lib/gcc/arm-none-eabi/13.2.1/../../../arm-none-eabi/lib/thumb/v6-m/nofp/libg.a(libc_a-__call_atexit.o)
                0x2000159c                __atexit
 .bss._app_driver
                0x200015a0        0x4 CMakeFiles/Pratica05_2.dir/home/gabrielmachine/pico/pico-sdk/lib/tinyusb/src/device/usbd.c.o
 .bss._cdcd_epbuf
                0x200015a4       0x80 CMakeFiles/Pratica05_2.dir/home/gabrielmachine/pico/pico-sdk/lib/tinyusb/src/class/cdc/cdc_device.c.o
 .bss._cdcd_fifo_cfg
                0x20001624        0x1 CMakeFiles/Pratica05_2.dir/home/gabrielmachine/pico/pico-sdk/lib/tinyusb/src/class/cdc/cdc_device.c.o
 *fill*         0x20001625        0x3 
 .bss._cdcd_itf
                0x20001628       0xc8 CMakeFiles/Pratica05_2.dir/home/gabrielmachine/pico/pico-sdk/lib/tinyusb/src/class/cdc/cdc_device.c.o
 .bss._ctrl_epbuf
                0x200016f0       0x40 CMakeFiles/Pratica05_2.dir/home/gabrielmachine/pico/pico-sdk/lib/tinyusb/src/device/usbd_control.c.o
 .bss._ctrl_xfer
                0x20001730       0x14 CMakeFiles/Pratica05_2.dir/home/gabrielmachine/pico/pico-sdk/lib/tinyusb/src/device/usbd_control.c.o
 .bss._tusb_rhport_role
                0x20001744        0x2 CMakeFiles/Pratica05_2.dir/home/gabrielmachine/pico/pico-sdk/lib/tinyusb/src/tusb.c.o
                0x20001744                _tusb_rhport_role
 *fill*         0x20001746        0x2 
 .bss._ubsd_mutexdef
                0x20001748        0x8 CMakeFiles/Pratica05_2.dir/home/gabrielmachine/pico/pico-sdk/lib/tinyusb/src/device/usbd.c.o
 .bss._usbd_dev
                0x20001750       0x54 CMakeFiles/Pratica05_2.dir/home/gabrielmachine/pico/pico-sdk/lib/tinyusb/src/device/usbd.c.o
 .bss._usbd_mutex
                0x200017a4        0x4 CMakeFiles/Pratica05_2.dir/home/gabrielmachine/pico/pico-sdk/lib/tinyusb/src/device/usbd.c.o
 .bss._usbd_q   0x200017a8        0x4 CMakeFiles/Pratica05_2.dir/home/gabrielmachine/pico/pico-sdk/lib/tinyusb/src/device/usbd.c.o
 .bss._usbd_qdef_buf
                0x200017ac       0xc0 CMakeFiles/Pratica05_2.dir/home/gabrielmachine/pico/pico-sdk/lib/tinyusb/src/device/usbd.c.o
                0x200017ac                _usbd_qdef_buf
 .bss._vendord_epbuf
                0x2000186c       0x80 CMakeFiles/Pratica05_2.dir/home/gabrielmachine/pico/pico-sdk/lib/tinyusb/src/class/vendor/vendor_device.c.o
 .bss._vendord_itf
                0x200018ec      0x24c CMakeFiles/Pratica05_2.dir/home/gabrielmachine/pico/pico-sdk/lib/tinyusb/src/class/vendor/vendor_device.c.o
 .bss.boot2_copyout
                0x20001b38      0x100 CMakeFiles/Pratica05_2.dir/home/gabrielmachine/pico/pico-sdk/src/rp2_common/hardware_flash/flash.c.o
 .bss.botao     0x20001c38        0x4 CMakeFiles/Pratica05_2.dir/main.c.o
                0x20001c38                botao
 .bss.callbacks
                0x20001c3c        0x8 CMakeFiles/Pratica05_2.dir/home/gabrielmachine/pico/pico-sdk/src/rp2_common/hardware_gpio/gpio.c.o
 .bss.chars_available_callback
                0x20001c44        0x4 CMakeFiles/Pratica05_2.dir/home/gabrielmachine/pico/pico-sdk/src/rp2_common/pico_stdio_usb/stdio_usb.c.o
 .bss.chars_available_param
                0x20001c48        0x4 CMakeFiles/Pratica05_2.dir/home/gabrielmachine/pico/pico-sdk/src/rp2_common/pico_stdio_usb/stdio_usb.c.o