Archive member included to satisfy reference by file (symbol)

/usr/lib/gcc/arm-none-eabi/13.2.1/thumb/v6-m/nofp/libgcc.a(_dvmd_tls.o)
                              CMakeFiles/lab_01.dir/home/gabrielmachine/pico/pico-sdk/src/rp2_common/pico_divider/divider_hardware.S.o (__aeabi_idiv0)
/usr/lib/gcc/arm-none-eabi/13.2.1/../../../arm-none-eabi/lib/thumb/v6-m/nofp/libg.a(libc_a-calloc.o)
                              CMakeFiles/lab_01.dir/home/gabrielmachine/pico/pico-sdk/src/rp2_common/pico_malloc/malloc.c.o (calloc)
/usr/lib/gcc/arm-none-eabi/13.2.1/../../../arm-none-eabi/lib/thumb/v6-m/nofp/libg.a(libc_a-impure.o)
                              /usr/lib/gcc/arm-none-eabi/13.2.1/../../../arm-none-eabi/lib/thumb/v6-m/nofp/libg.a(libc_a-calloc.o) (_impure_ptr)
/usr/lib/gcc/arm-none-eabi/13.2.1/../../../arm-none-eabi/lib/thumb/v6-m/nofp/libg.a(libc_a-callocr.o)
                              /usr/lib/gcc/arm-none-eabi/13.2.1/../../../arm-none-eabi/lib/thumb/v6-m/nofp/libg.a(libc_a-calloc.o) (_calloc_r)
/usr/lib/gcc/arm-none-eabi/13.2.1/../../../arm-none-eabi/lib/thumb/v6-m/nofp/libg.a(libc_a-realloc.o)
                              CMakeFiles/lab_01.dir/home/gabrielmachine/pico/pico-sdk/src/rp2_common/pico_malloc/malloc.c.o (realloc)
/usr/lib/gcc/arm-none-eabi/13.2.1/../../../arm-none-eabi/lib/thumb/v6-m/nofp/libg.a(libc_a-mallocr.o)
                              /usr/lib/gcc/arm-none-eabi/13.2.1/../../../arm-none-eabi/lib/thumb/v6-m/nofp/libg.a(libc_a-callocr.o) (_malloc_r)
/usr/lib/gcc/arm-none-eabi/13.2.1/../../../arm-none-eabi/lib/thumb/v6-m/nofp/libg.a(libc_a-freer.o)
                              /usr/lib/gcc/arm-none-eabi/13.2.1/../../../arm-none-eabi/lib/thumb/v6-m/nofp/libg.a(libc_a-mallocr.o) (_free_r)
/usr/lib/gcc/arm-none-eabi/13.2.1/../../../arm-none-eabi/lib/thumb/v6-m/nofp/libg.a(libc_a-memcmp.o)
                              CMakeFiles/lab_01.dir/home/gabrielmachine/pico/pico-sdk/src/rp2_common/pico_atomic/atomic.c.o (memcmp)
/usr/lib/gcc/arm-none-eabi/13.2.1/../../../arm-none-eabi/lib/thumb/v6-m/nofp/libg.a(libc_a-malloc.o)
                              CMakeFiles/lab_01.dir/home/gabrielmachine/pico/pico-sdk/src/rp2_common/pico_malloc/malloc.c.o (malloc)
/usr/lib/gcc/arm-none-eabi/13.2.1/../../../arm-none-eabi/lib/thumb/v6-m/nofp/libg.a(libc_a-sysconf.o)
                              /usr/lib/gcc/arm-none-eabi/13.2.1/../../../arm-none-eabi/lib/thumb/v6-m/nofp/libg.a(libc_a-mallocr.o) (sysconf)
/usr/lib/gcc/arm-none-eabi/13.2.1/../../../arm-none-eabi/lib/thumb/v6-m/nofp/libg.a(libc_a-init.o)
                              /usr/lib/gcc/arm-none-eabi/13.2.1/../../../arm-none-eabi/lib/thumb/v6-m/nofp/crt0.o (__libc_init_array)
/usr/lib/gcc/arm-none-eabi/13.2.1/../../../arm-none-eabi/lib/thumb/v6-m/nofp/libg.a(libc_a-reallocr.o)
                              /usr/lib/gcc/arm-none-eabi/13.2.1/../../../arm-none-eabi/lib/thumb/v6-m/nofp/libg.a(libc_a-realloc.o) (_realloc_r)
/usr/lib/gcc/arm-none-eabi/13.2.1/../../../arm-none-eabi/lib/thumb/v6-m/nofp/libg.a(libc_a-mktime.o)
                              CMakeFiles/lab_01.dir/home/gabrielmachine/pico/pico-sdk/src/common/pico_util/datetime.c.o (mktime)
/usr/lib/gcc/arm-none-eabi/13.2.1/../../../arm-none-eabi/lib/thumb/v6-m/nofp/libg.a(libc_a-mlock.o)
                              /usr/lib/gcc/arm-none-eabi/13.2.1/../../../arm-none-eabi/lib/thumb/v6-m/nofp/libg.a(libc_a-mallocr.o) (__malloc_lock)
/usr/lib/gcc/arm-none-eabi/13.2.1/../../../arm-none-eabi/lib/thumb/v6-m/nofp/libg.a(libc_a-findfp.o)
                              /usr/lib/gcc/arm-none-eabi/13.2.1/../../../arm-none-eabi/lib/thumb/v6-m/nofp/libg.a(libc_a-impure.o) (__sf)
/usr/lib/gcc/arm-none-eabi/13.2.1/../../../arm-none-eabi/lib/thumb/v6-m/nofp/libg.a(libc_a-tzlock.o)
                              /usr/lib/gcc/arm-none-eabi/13.2.1/../../../arm-none-eabi/lib/thumb/v6-m/nofp/libg.a(libc_a-mktime.o) (__tz_lock)
/usr/lib/gcc/arm-none-eabi/13.2.1/../../../arm-none-eabi/lib/thumb/v6-m/nofp/libg.a(libc_a-atexit.o)
                              /usr/lib/gcc/arm-none-eabi/13.2.1/../../../arm-none-eabi/lib/thumb/v6-m/nofp/crt0.o (atexit)
/usr/lib/gcc/arm-none-eabi/13.2.1/../../../arm-none-eabi/lib/thumb/v6-m/nofp/libg.a(libc_a-lcltime_r.o)
                              CMakeFiles/lab_01.dir/home/gabrielmachine/pico/pico-sdk/src/common/pico_util/datetime.c.o (localtime_r)
/usr/lib/gcc/arm-none-eabi/13.2.1/../../../arm-none-eabi/lib/thumb/v6-m/nofp/libg.a(libc_a-strlen-stub.o)
                              CMakeFiles/lab_01.dir/home/gabrielmachine/pico/pico-sdk/src/rp2_common/pico_stdio/stdio.c.o (strlen)
/usr/lib/gcc/arm-none-eabi/13.2.1/../../../arm-none-eabi/lib/thumb/v6-m/nofp/libg.a(libc_a-sbrkr.o)
                              /usr/lib/gcc/arm-none-eabi/13.2.1/../../../arm-none-eabi/lib/thumb/v6-m/nofp/libg.a(libc_a-mallocr.o) (_sbrk_r)
/usr/lib/gcc/arm-none-eabi/13.2.1/../../../arm-none-eabi/lib/thumb/v6-m/nofp/libg.a(libc_a-fini.o)
[...]
Memory Configuration

Name             Origin             Length             Attributes
FLASH            0x10000000         0x00200000         xr
RAM              0x20000000         0x00040000         xrw
SCRATCH_X        0x20040000         0x00001000         xrw
SCRATCH_Y        0x20041000         0x00001000         xrw
*default*        0x00000000         0xffffffff

Linker script and memory map

LOAD /usr/lib/gcc/arm-none-eabi/13.2.1/thumb/v6-m/nofp/crti.o
LOAD /usr/lib/gcc/arm-none-eabi/13.2.1/thumb/v6-m/nofp/crtbegin.o
LOAD /usr/lib/gcc/arm-none-eabi/13.2.1/../../../arm-none-eabi/lib/thumb/v6-m/nofp/crt0.o

.flash_begin    0x10000000        0x0
                0x10000000                        __flash_binary_start = .

.boot2          0x10000000      0x100
                0x10000000                        __boot2_start__ = .
 *(.boot2)
 .boot2         0x10000000      0x100 ../pico-sdk/src/rp2040/boot_stage2/CMakeFiles/bs2_default_library.dir/bs2_default_padded_checksummed.S.o
                0x10000100                        __boot2_end__ = .
                0x00000001                        ASSERT (((__boot2_end__ - __boot2_start__) == 0x100), ERROR: Pico second stage bootloader must be 256 bytes in size)

.text           0x10000100     0x7984
                0x10000100                        __logical_binary_start = .
 *(.vectors)
 .vectors       0x10000100       0xd4 CMakeFiles/lab_01.dir/home/gabrielmachine/pico/pico-sdk/src/rp2_common/pico_crt0/crt0.S.o
                0x10000100                __vectors
                0x10000100                __VECTOR_TABLE
                0x100001c0                isr_invalid
                0x100001c0                __default_isrs_start
                0x100001c2                isr_nmi
                0x100001c4                isr_hardfault
                0x100001c6                isr_svcall
                0x100001c8                isr_pendsv
                0x100001ca                isr_systick
                0x100001cc                isr_irq30
                0x100001cc                __unhandled_user_irq
                0x100001cc                isr_irq13
                0x100001cc                isr_irq27
                0x100001cc                isr_irq31
                0x100001cc                isr_irq5
                0x100001cc                isr_irq11
                0x100001cc                isr_irq23
                0x100001cc                isr_irq18
                0x100001cc                isr_irq28
                0x100001cc                isr_irq19
                0x100001cc                isr_irq0
                0x100001cc                isr_irq6
                0x100001cc                isr_irq22
                0x100001cc                isr_irq17
                0x100001cc                isr_irq14
                0x100001cc                isr_irq2
                0x100001cc                isr_irq10
                0x100001cc                isr_irq8
                0x100001cc                isr_irq24
                0x100001cc                isr_irq1
                0x100001cc                isr_irq7
                0x100001cc                isr_irq21
                0x100001cc                isr_irq20
                0x100001cc                isr_irq15
                0x100001cc                isr_irq25
                0x100001cc                isr_irq4
                0x100001cc                isr_irq16
                0x100001cc                isr_irq29
                0x100001cc                isr_irq26
                0x100001cc                __default_isrs_end
                0x100001cc                isr_irq3
                0x100001cc                isr_irq12
                0x100001cc                isr_irq9
                0x100001d2                unhandled_user_irq_num_in_r0
 *(.binary_info_header)
 .binary_info_header
                0x100001d4       0x14 CMakeFiles/lab_01.dir/home/gabrielmachine/pico/pico-sdk/src/rp2_common/pico_crt0/crt0.S.o
                0x100001e8                        __binary_info_header_end = .
 *(.embedded_block)
                0x100001e8                        __embedded_block_end = .
 *(.reset)
 .reset         0x100001e8       0x9c CMakeFiles/lab_01.dir/home/gabrielmachine/pico/pico-sdk/src/rp2_common/pico_crt0/crt0.S.o
                0x100001e8                _entry_point
 *(.init)
 .init          0x10000284        0x4 /usr/lib/gcc/arm-none-eabi/13.2.1/thumb/v6-m/nofp/crti.o
                0x10000284                _init
 *(EXCLUDE_FILE(*libm.a: *libc.a:*lib_a-mem*.o *libgcc.a:) .text*)
 .text          0x10000288       0x98 /usr/lib/gcc/arm-none-eabi/13.2.1/thumb/v6-m/nofp/crtbegin.o
 .text.led_task
                0x10000320       0x28 CMakeFiles/lab_01.dir/main.c.o
                0x10000320                led_task
 .text.led_task2
                0x10000348       0x28 CMakeFiles/lab_01.dir/main.c.o
                0x10000348                led_task2
 .text.startup.main
                0x10000370       0x48 CMakeFiles/lab_01.dir/main.c.o
                0x10000370                main
 .text.gpio_init
                0x100003b8       0x40 CMakeFiles/lab_01.dir/home/gabrielmachine/pico/pico-sdk/src/rp2_common/hardware_gpio/gpio.c.o
                0x100003b8                gpio_init
 .text.rp2040_chip_version
                0x100003f8        0xc CMakeFiles/lab_01.dir/home/gabrielmachine/pico/pico-sdk/src/rp2040/pico_platform/platform.c.o
                0x100003f8                rp2040_chip_version
 .text.panic    0x10000404       0x30 CMakeFiles/lab_01.dir/home/gabrielmachine/pico/pico-sdk/src/rp2_common/pico_platform_panic/panic.c.o
                0x10000404                panic
 .text.panic_unsupported
                0x10000434        0xc CMakeFiles/lab_01.dir/home/gabrielmachine/pico/pico-sdk/src/rp2_common/pico_platform_panic/panic.c.o
                0x10000434                panic_unsupported
 .text.hw_claim_or_assert
                0x10000440       0x44 CMakeFiles/lab_01.dir/home/gabrielmachine/pico/pico-sdk/src/common/hardware_claim/claim.c.o
                0x10000440                hw_claim_or_assert
 .text.hw_claim_unused_from_range
                0x10000484       0x9c CMakeFiles/lab_01.dir/home/gabrielmachine/pico/pico-sdk/src/common/hardware_claim/claim.c.o
                0x10000484                hw_claim_unused_from_range
 .text.next_striped_spin_lock_num
                0x10000520       0x18 CMakeFiles/lab_01.dir/home/gabrielmachine/pico/pico-sdk/src/rp2_common/hardware_sync/sync.c.o
                0x10000520                next_striped_spin_lock_num
 .text.spin_lock_claim
                0x10000538       0x18 CMakeFiles/lab_01.dir/home/gabrielmachine/pico/pico-sdk/src/rp2_common/hardware_sync/sync.c.o
                0x10000538                spin_lock_claim
 .text.spin_lock_claim_unused
                0x10000550       0x24 CMakeFiles/lab_01.dir/home/gabrielmachine/pico/pico-sdk/src/rp2_common/hardware_sync/sync.c.o
                0x10000550                spin_lock_claim_unused
 .text.spin_locks_reset
                0x10000574       0x1c CMakeFiles/lab_01.dir/home/gabrielmachine/pico/pico-sdk/src/rp2_common/hardware_sync_spin_lock/sync_spin_lock.c.o
                0x10000574                spin_locks_reset
 .text.runtime_init_per_core_irq_priorities
                0x10000590       0x24 CMakeFiles/lab_01.dir/home/gabrielmachine/pico/pico-sdk/src/rp2_common/hardware_irq/irq.c.o
                0x10000590                runtime_init_per_core_irq_priorities
 .text.irq_set_enabled
                0x100005b4       0x24 CMakeFiles/lab_01.dir/home/gabrielmachine/pico/pico-sdk/src/rp2_common/hardware_irq/irq.c.o
                0x100005b4                irq_set_enabled
 .text.irq_is_enabled
                0x100005d8       0x18 CMakeFiles/lab_01.dir/home/gabrielmachine/pico/pico-sdk/src/rp2_common/hardware_irq/irq.c.o
                0x100005d8                irq_is_enabled
 .text.irq_set_pending
                0x100005f0       0x10 CMakeFiles/lab_01.dir/home/gabrielmachine/pico/pico-sdk/src/rp2_common/hardware_irq/irq.c.o
                0x100005f0                irq_set_pending
 .text.irq_has_shared_handler
                0x10000600       0x24 CMakeFiles/lab_01.dir/home/gabrielmachine/pico/pico-sdk/src/rp2_common/hardware_irq/irq.c.o
                0x10000600                irq_has_shared_handler
 .text.irq_set_exclusive_handler
                0x10000624       0x54 CMakeFiles/lab_01.dir/home/gabrielmachine/pico/pico-sdk/src/rp2_common/hardware_irq/irq.c.o
                0x10000624                irq_set_exclusive_handler
 .text.irq_add_shared_handler
                0x10000678      0x1f4 CMakeFiles/lab_01.dir/home/gabrielmachine/pico/pico-sdk/src/rp2_common/hardware_irq/irq.c.o
                0x10000678                irq_add_shared_handler
 .text.irq_set_priority
                0x1000086c       0x28 CMakeFiles/lab_01.dir/home/gabrielmachine/pico/pico-sdk/src/rp2_common/hardware_irq/irq.c.o
                0x1000086c                irq_set_priority
 .text.irq_add_tail_to_free_list
                0x10000894       0xb4 CMakeFiles/lab_01.dir/home/gabrielmachine/pico/pico-sdk/src/rp2_common/hardware_irq/irq.c.o
                0x10000894                irq_add_tail_to_free_list
 .text.user_irq_claim_unused
                0x10000948       0x2c CMakeFiles/lab_01.dir/home/gabrielmachine/pico/pico-sdk/src/rp2_common/hardware_irq/irq.c.o
                0x10000948                user_irq_claim_unused
 .text.lock_init
                0x10000974       0x10 CMakeFiles/lab_01.dir/home/gabrielmachine/pico/pico-sdk/src/common/pico_sync/lock_core.c.o
                0x10000974                lock_init
 .text.runtime_init_mutex
                0x10000984       0x54 CMakeFiles/lab_01.dir/home/gabrielmachine/pico/pico-sdk/src/common/pico_sync/mutex.c.o
                0x10000984                runtime_init_mutex
 .text.mutex_init
                0x100009d8       0x1c CMakeFiles/lab_01.dir/home/gabrielmachine/pico/pico-sdk/src/common/pico_sync/mutex.c.o
                0x100009d8                mutex_init
 .text.critical_section_init
                0x100009f4       0x1c CMakeFiles/lab_01.dir/home/gabrielmachine/pico/pico-sdk/src/common/pico_sync/critical_section.c.o
                0x100009f4                critical_section_init
 .text.critical_section_init_with_lock_num
                0x10000a10       0x14 CMakeFiles/lab_01.dir/home/gabrielmachine/pico/pico-sdk/src/common/pico_sync/critical_section.c.o
                0x10000a10                critical_section_init_with_lock_num
 .text.alarm_pool_irq_handler
                0x10000a24      0x2fc CMakeFiles/lab_01.dir/home/gabrielmachine/pico/pico-sdk/src/common/pico_time/time.c.o
 .text.sleep_until_callback
                0x10000d20       0x24 CMakeFiles/lab_01.dir/home/gabrielmachine/pico/pico-sdk/src/common/pico_time/time.c.o
 .text.runtime_init_default_alarm_pool
                0x10000d44       0xdc CMakeFiles/lab_01.dir/home/gabrielmachine/pico/pico-sdk/src/common/pico_time/time.c.o
                0x10000d44                runtime_init_default_alarm_pool
 .text.alarm_pool_get_default
                0x10000e20        0x8 CMakeFiles/lab_01.dir/home/gabrielmachine/pico/pico-sdk/src/common/pico_time/time.c.o
                0x10000e20                alarm_pool_get_default
 .text.alarm_pool_add_alarm_at
                0x10000e28       0xd4 CMakeFiles/lab_01.dir/home/gabrielmachine/pico/pico-sdk/src/common/pico_time/time.c.o
                0x10000e28                alarm_pool_add_alarm_at
 .text.alarm_pool_add_alarm_at_force_in_context
                0x10000efc       0xb0 CMakeFiles/lab_01.dir/home/gabrielmachine/pico/pico-sdk/src/common/pico_time/time.c.o
                0x10000efc                alarm_pool_add_alarm_at_force_in_context
 .text.alarm_pool_cancel_alarm
                0x10000fac       0x74 CMakeFiles/lab_01.dir/home/gabrielmachine/pico/pico-sdk/src/common/pico_time/time.c.o
                0x10000fac                alarm_pool_cancel_alarm
 .text.alarm_pool_core_num
                0x10001020        0x4 CMakeFiles/lab_01.dir/home/gabrielmachine/pico/pico-sdk/src/common/pico_time/time.c.o
                0x10001020                alarm_pool_core_num
 .text.best_effort_wfe_or_timeout
                0x10001024       0xf8 CMakeFiles/lab_01.dir/home/gabrielmachine/pico/pico-sdk/src/common/pico_time/time.c.o
                0x10001024                best_effort_wfe_or_timeout
 .text.timer_hardware_alarm_claim
                0x1000111c       0x14 CMakeFiles/lab_01.dir/home/gabrielmachine/pico/pico-sdk/src/rp2_common/hardware_timer/timer.c.o
                0x1000111c                timer_hardware_alarm_claim
 .text.timer_time_us_64
                0x10001130       0x10 CMakeFiles/lab_01.dir/home/gabrielmachine/pico/pico-sdk/src/rp2_common/hardware_timer/timer.c.o
                0x10001130                timer_time_us_64
 .text.time_us_64
                0x10001140       0x14 CMakeFiles/lab_01.dir/home/gabrielmachine/pico/pico-sdk/src/rp2_common/hardware_timer/timer.c.o
                0x10001140                time_us_64
 .text.clock_configure_int_divider
                0x10001154       0xf4 CMakeFiles/lab_01.dir/home/gabrielmachine/pico/pico-sdk/src/rp2_common/hardware_clocks/clocks.c.o
                0x10001154                clock_configure_int_divider
 .text.clock_configure_undivided
                0x10001248       0xe8 CMakeFiles/lab_01.dir/home/gabrielmachine/pico/pico-sdk/src/rp2_common/hardware_clocks/clocks.c.o
                0x10001248                clock_configure_undivided
 .text.clock_get_hz
                0x10001330        0xc CMakeFiles/lab_01.dir/home/gabrielmachine/pico/pico-sdk/src/rp2_common/hardware_clocks/clocks.c.o
                0x10001330                clock_get_hz
 .text.pll_init
                0x1000133c       0xa4 CMakeFiles/lab_01.dir/home/gabrielmachine/pico/pico-sdk/src/rp2_common/hardware_pll/pll.c.o
                0x1000133c                pll_init
 .text.watchdog_reboot
                0x100013e0       0x9c CMakeFiles/lab_01.dir/home/gabrielmachine/pico/pico-sdk/src/rp2_common/hardware_watchdog/watchdog.c.o
                0x100013e0                watchdog_reboot
 .text.tick_start
                0x1000147c       0x10 CMakeFiles/lab_01.dir/home/gabrielmachine/pico/pico-sdk/src/rp2_common/hardware_ticks/ticks.c.o
                0x1000147c                tick_start
 .text.rom_func_lookup
                0x1000148c       0x10 CMakeFiles/lab_01.dir/home/gabrielmachine/pico/pico-sdk/src/rp2_common/pico_bootrom/bootrom.c.o
                0x1000148c                rom_func_lookup
 .text.rom_data_lookup
                0x1000149c       0x10 CMakeFiles/lab_01.dir/home/gabrielmachine/pico/pico-sdk/src/rp2_common/pico_bootrom/bootrom.c.o
                0x1000149c                rom_data_lookup
 .text.rom_funcs_lookup
                0x100014ac       0x44 CMakeFiles/lab_01.dir/home/gabrielmachine/pico/pico-sdk/src/rp2_common/pico_bootrom/bootrom.c.o
                0x100014ac                rom_funcs_lookup
 .text.rom_reset_usb_boot_extra
                0x100014f0       0x28 CMakeFiles/lab_01.dir/home/gabrielmachine/pico/pico-sdk/src/rp2_common/pico_bootrom/bootrom.c.o
                0x100014f0                rom_reset_usb_boot_extra
 .text.xosc_init
                0x10001518       0x28 CMakeFiles/lab_01.dir/home/gabrielmachine/pico/pico-sdk/src/rp2_common/hardware_xosc/xosc.c.o
                0x10001518                xosc_init
 .text.first_per_core_initializer
                0x10001540        0x4 CMakeFiles/lab_01.dir/home/gabrielmachine/pico/pico-sdk/src/rp2_common/pico_runtime/runtime.c.o
 .text.hard_assertion_failure
                0x10001544        0xc CMakeFiles/lab_01.dir/home/gabrielmachine/pico/pico-sdk/src/rp2_common/pico_runtime/runtime.c.o
                0x10001544                hard_assertion_failure
 .text.runtime_run_initializers
                0x10001550       0x28 CMakeFiles/lab_01.dir/home/gabrielmachine/pico/pico-sdk/src/rp2_common/pico_runtime/runtime.c.o
                0x10001550                runtime_run_initializers
 .text.runtime_run_per_core_initializers
                0x10001578       0x28 CMakeFiles/lab_01.dir/home/gabrielmachine/pico/pico-sdk/src/rp2_common/pico_runtime/runtime.c.o
                0x10001578                runtime_run_per_core_initializers
 .text.runtime_init_early_resets
                0x100015a0       0x2c CMakeFiles/lab_01.dir/home/gabrielmachine/pico/pico-sdk/src/rp2_common/pico_runtime_init/runtime_init.c.o
                0x100015a0                runtime_init_early_resets
 .text.runtime_init_usb_power_down
                0x100015cc       0x1c CMakeFiles/lab_01.dir/home/gabrielmachine/pico/pico-sdk/src/rp2_common/pico_runtime_init/runtime_init.c.o
                0x100015cc                runtime_init_usb_power_down
 .text.runtime_init_post_clock_resets
                0x100015e8       0x20 CMakeFiles/lab_01.dir/home/gabrielmachine/pico/pico-sdk/src/rp2_common/pico_runtime_init/runtime_init.c.o
                0x100015e8                runtime_init_post_clock_resets
 .text.runtime_init_rp2040_gpio_ie_disable
                0x10001608       0x14 CMakeFiles/lab_01.dir/home/gabrielmachine/pico/pico-sdk/src/rp2_common/pico_runtime_init/runtime_init.c.o
                0x10001608                runtime_init_rp2040_gpio_ie_disable
 .text.runtime_init_spin_locks_reset
                0x1000161c        0x8 CMakeFiles/lab_01.dir/home/gabrielmachine/pico/pico-sdk/src/rp2_common/pico_runtime_init/runtime_init.c.o
                0x1000161c                runtime_init_spin_locks_reset
 .text.runtime_init_install_ram_vector_table
                0x10001624       0x1c CMakeFiles/lab_01.dir/home/gabrielmachine/pico/pico-sdk/src/rp2_common/pico_runtime_init/runtime_init.c.o
                0x10001624                runtime_init_install_ram_vector_table
 .text.runtime_init_clocks
                0x10001640       0xd8 CMakeFiles/lab_01.dir/home/gabrielmachine/pico/pico-sdk/src/rp2_common/pico_runtime_init/runtime_init_clocks.c.o
                0x10001640                runtime_init_clocks
 .text          0x10001718       0x10 CMakeFiles/lab_01.dir/home/gabrielmachine/pico/pico-sdk/src/rp2_common/pico_bit_ops/bit_ops_aeabi.S.o
 .text.__wrap___aeabi_uidiv
                0x10001728       0x4c CMakeFiles/lab_01.dir/home/gabrielmachine/pico/pico-sdk/src/rp2_common/pico_divider/divider_hardware.S.o
                0x10001728                __wrap___aeabi_uidiv
                0x10001728                __wrap___aeabi_uidivmod
                0x10001728                div_u32u32
                0x10001728                divmod_u32u32
                0x10001730                divmod_u32u32_unsafe
                0x10001758                divmod_u32u32_savestate
 .text.__wrap___aeabi_ldiv
                0x10001774      0x424 CMakeFiles/lab_01.dir/home/gabrielmachine/pico/pico-sdk/src/rp2_common/pico_divider/divider_hardware.S.o
                0x10001774                div_s64s64
                0x10001774                divmod_s64s64
                0x10001774                __wrap___aeabi_ldivmod
                0x100017a4                div_u64u64
                0x100017a4                divmod_u64u64
                0x100017a4                __wrap___aeabi_uldivmod
                0x100017b4                divmod_u64u64_savestate
                0x100017d4                divmod_s64s64_unsafe
                0x1000185c                divmod_u64u64_unsafe
 .text.__aeabi_double_init
                0x10001b98       0xa4 CMakeFiles/lab_01.dir/home/gabrielmachine/pico/pico-sdk/src/rp2_common/pico_double/double_init_rom_rp2040.c.o
                0x10001b98                __aeabi_double_init
 .text.double_table_shim_on_use_helper
                0x10001c3c       0x2c CMakeFiles/lab_01.dir/home/gabrielmachine/pico/pico-sdk/src/rp2_common/pico_double/double_v1_rom_shim_rp2040.S.o
                0x10001c3c                double_table_shim_on_use_helper
 .text.__aeabi_lmul
                0x10001c68       0x32 CMakeFiles/lab_01.dir/home/gabrielmachine/pico/pico-sdk/src/rp2_common/pico_int64_ops/pico_int64_ops_aeabi.S.o
                0x10001c68                __wrap___aeabi_lmul
 *fill*         0x10001c9a        0x2 
 .text.__aeabi_float_init
                0x10001c9c       0x64 CMakeFiles/lab_01.dir/home/gabrielmachine/pico/pico-sdk/src/rp2_common/pico_float/float_init_rom_rp2040.c.o
                0x10001c9c                __aeabi_float_init
 .text.float_table_shim_on_use_helper
                0x10001d00       0x2c CMakeFiles/lab_01.dir/home/gabrielmachine/pico/pico-sdk/src/rp2_common/pico_float/float_v1_rom_shim_rp2040.S.o
                0x10001d00                float_table_shim_on_use_helper
 .text          0x10001d2c       0x10 CMakeFiles/lab_01.dir/home/gabrielmachine/pico/pico-sdk/src/rp2_common/pico_mem_ops/mem_ops_aeabi.S.o
                0x10001d2c                __aeabi_mem_init
 .text.memset   0x10001d3c        0xc CMakeFiles/lab_01.dir/home/gabrielmachine/pico/pico-sdk/src/rp2_common/pico_mem_ops/mem_ops_aeabi.S.o
                0x10001d3c                __wrap_memset
 .text.memcpy   0x10001d48        0xc CMakeFiles/lab_01.dir/home/gabrielmachine/pico/pico-sdk/src/rp2_common/pico_mem_ops/mem_ops_aeabi.S.o
                0x10001d48                __wrap___aeabi_memcpy
                0x10001d48                __wrap_memcpy
 .text._out_char
                0x10001d54       0x10 CMakeFiles/lab_01.dir/home/gabrielmachine/pico/pico-sdk/src/rp2_common/pico_printf/printf.c.o
 .text.weak_raw_vprintf
                0x10001d64       0x30 CMakeFiles/lab_01.dir/home/gabrielmachine/pico/pico-sdk/src/rp2_common/pico_printf/printf.c.o
                0x10001d64                weak_raw_vprintf
 .text._exit    0x10001d94        0x4 CMakeFiles/lab_01.dir/home/gabrielmachine/pico/pico-sdk/src/rp2_common/pico_clib_interface/newlib_interface.c.o
                0x10001d94                _exit
 .text.exit     0x10001d98        0x8 CMakeFiles/lab_01.dir/home/gabrielmachine/pico/pico-sdk/src/rp2_common/pico_clib_interface/newlib_interface.c.o
                0x10001d98                exit
 .text.runtime_init
                0x10001da0       0x2c CMakeFiles/lab_01.dir/home/gabrielmachine/pico/pico-sdk/src/rp2_common/pico_clib_interface/newlib_interface.c.o
                0x10001da0                runtime_init
 .text.stdio_out_chars_no_crlf
                0x10001dcc       0x10 CMakeFiles/lab_01.dir/home/gabrielmachine/pico/pico-sdk/src/rp2_common/pico_stdio/stdio.c.o
 .text.stdio_out_chars_crlf
                0x10001ddc       0x94 CMakeFiles/lab_01.dir/home/gabrielmachine/pico/pico-sdk/src/rp2_common/pico_stdio/stdio.c.o
 .text.stdio_put_string
                0x10001e70      0x100 CMakeFiles/lab_01.dir/home/gabrielmachine/pico/pico-sdk/src/rp2_common/pico_stdio/stdio.c.o
                0x10001e70                stdio_put_string
 .text.stdio_set_driver_enabled
                0x10001f70       0x30 CMakeFiles/lab_01.dir/home/gabrielmachine/pico/pico-sdk/src/rp2_common/pico_stdio/stdio.c.o
                0x10001f70                stdio_set_driver_enabled
 .text.stdio_init_all
                0x10001fa0        0x8 CMakeFiles/lab_01.dir/home/gabrielmachine/pico/pico-sdk/src/rp2_common/pico_stdio/stdio.c.o
                0x10001fa0                stdio_init_all
 .text.__wrap_putchar
                0x10001fa8       0x98 CMakeFiles/lab_01.dir/home/gabrielmachine/pico/pico-sdk/src/rp2_common/pico_stdio/stdio.c.o
                0x10001fa8                stdio_putchar
                0x10001fa8                __wrap_putchar
 .text.__wrap_puts
                0x10002040       0x3c CMakeFiles/lab_01.dir/home/gabrielmachine/pico/pico-sdk/src/rp2_common/pico_stdio/stdio.c.o
                0x10002040                __wrap_puts
                0x10002040                stdio_puts
 .text.resetd_init
                0x1000207c        0x4 CMakeFiles/lab_01.dir/home/gabrielmachine/pico/pico-sdk/src/rp2_common/pico_stdio_usb/reset_interface.c.o
 .text.resetd_reset
                0x10002080        0xc CMakeFiles/lab_01.dir/home/gabrielmachine/pico/pico-sdk/src/rp2_common/pico_stdio_usb/reset_interface.c.o
 .text.resetd_open
                0x1000208c       0x28 CMakeFiles/lab_01.dir/home/gabrielmachine/pico/pico-sdk/src/rp2_common/pico_stdio_usb/reset_interface.c.o
 .text.resetd_xfer_cb
                0x100020b4        0x4 CMakeFiles/lab_01.dir/home/gabrielmachine/pico/pico-sdk/src/rp2_common/pico_stdio_usb/reset_interface.c.o
 .text.resetd_control_xfer_cb
                0x100020b8       0x5c CMakeFiles/lab_01.dir/home/gabrielmachine/pico/pico-sdk/src/rp2_common/pico_stdio_usb/reset_interface.c.o
 .text.tud_descriptor_bos_cb
                0x10002114        0x8 CMakeFiles/lab_01.dir/home/gabrielmachine/pico/pico-sdk/src/rp2_common/pico_stdio_usb/reset_interface.c.o
                0x10002114                tud_descriptor_bos_cb
 .text.tud_vendor_control_xfer_cb
                0x1000211c       0x34 CMakeFiles/lab_01.dir/home/gabrielmachine/pico/pico-sdk/src/rp2_common/pico_stdio_usb/reset_interface.c.o
                0x1000211c                tud_vendor_control_xfer_cb
 .text.usbd_app_driver_get_cb
                0x10002150        0xc CMakeFiles/lab_01.dir/home/gabrielmachine/pico/pico-sdk/src/rp2_common/pico_stdio_usb/reset_interface.c.o
                0x10002150                usbd_app_driver_get_cb
 .text.tud_cdc_line_coding_cb
                0x1000215c       0x2c CMakeFiles/lab_01.dir/home/gabrielmachine/pico/pico-sdk/src/rp2_common/pico_stdio_usb/reset_interface.c.o
                0x1000215c                tud_cdc_line_coding_cb
 .text.stdio_usb_set_chars_available_callback
                0x10002188       0x14 CMakeFiles/lab_01.dir/home/gabrielmachine/pico/pico-sdk/src/rp2_common/pico_stdio_usb/stdio_usb.c.o
                0x10002188                stdio_usb_set_chars_available_callback
 .text.usb_irq  0x1000219c       0x10 CMakeFiles/lab_01.dir/home/gabrielmachine/pico/pico-sdk/src/rp2_common/pico_stdio_usb/stdio_usb.c.o
 .text.timer_task
                0x100021ac       0x64 CMakeFiles/lab_01.dir/home/gabrielmachine/pico/pico-sdk/src/rp2_common/pico_stdio_usb/stdio_usb.c.o
 .text.stdio_usb_in_chars
                0x10002210       0x90 CMakeFiles/lab_01.dir/home/gabrielmachine/pico/pico-sdk/src/rp2_common/pico_stdio_usb/stdio_usb.c.o
                0x10002210                stdio_usb_in_chars
 .text.stdio_usb_out_flush
                0x100022a0       0x50 CMakeFiles/lab_01.dir/home/gabrielmachine/pico/pico-sdk/src/rp2_common/pico_stdio_usb/stdio_usb.c.o
 .text.stdio_usb_out_chars
                0x100022f0      0x104 CMakeFiles/lab_01.dir/home/gabrielmachine/pico/pico-sdk/src/rp2_common/pico_stdio_usb/stdio_usb.c.o
 .text.low_priority_worker_irq
                0x100023f4       0xcc CMakeFiles/lab_01.dir/home/gabrielmachine/pico/pico-sdk/src/rp2_common/pico_stdio_usb/stdio_usb.c.o
 .text.stdio_usb_init
                0x100024c0       0xec CMakeFiles/lab_01.dir/home/gabrielmachine/pico/pico-sdk/src/rp2_common/pico_stdio_usb/stdio_usb.c.o
                0x100024c0                stdio_usb_init
 .text.tud_descriptor_device_cb
                0x100025ac        0x8 CMakeFiles/lab_01.dir/home/gabrielmachine/pico/pico-sdk/src/rp2_common/pico_stdio_usb/stdio_usb_descriptors.c.o
                0x100025ac                tud_descriptor_device_cb
 .text.tud_descriptor_configuration_cb
                0x100025b4        0x8 CMakeFiles/lab_01.dir/home/gabrielmachine/pico/pico-sdk/src/rp2_common/pico_stdio_usb/stdio_usb_descriptors.c.o
                0x100025b4                tud_descriptor_configuration_cb
 .text.tud_descriptor_string_cb
                0x100025bc       0x78 CMakeFiles/lab_01.dir/home/gabrielmachine/pico/pico-sdk/src/rp2_common/pico_stdio_usb/stdio_usb_descriptors.c.o
                0x100025bc                tud_descriptor_string_cb
 .text.startup._retrieve_unique_id_on_boot
                0x10002634       0x10 CMakeFiles/lab_01.dir/home/gabrielmachine/pico/pico-sdk/src/rp2_common/pico_unique_id/unique_id.c.o
 .text.pico_get_unique_board_id_string
                0x10002644      0x1a8 CMakeFiles/lab_01.dir/home/gabrielmachine/pico/pico-sdk/src/rp2_common/pico_unique_id/unique_id.c.o
                0x10002644                pico_get_unique_board_id_string
 .text.flash_get_unique_id
                0x100027ec       0x3c CMakeFiles/lab_01.dir/home/gabrielmachine/pico/pico-sdk/src/rp2_common/hardware_flash/flash.c.o
                0x100027ec                flash_get_unique_id
 .text.dcd_init
                0x10002828       0x90 CMakeFiles/lab_01.dir/home/gabrielmachine/pico/pico-sdk/lib/tinyusb/src/portable/raspberrypi/rp2040/dcd_rp2040.c.o
                0x10002828                dcd_init
 .text.dcd_int_enable
                0x100028b8        0xc CMakeFiles/lab_01.dir/home/gabrielmachine/pico/pico-sdk/lib/tinyusb/src/portable/raspberrypi/rp2040/dcd_rp2040.c.o
                0x100028b8                dcd_int_enable
 .text.dcd_set_address
                0x100028c4       0x14 CMakeFiles/lab_01.dir/home/gabrielmachine/pico/pico-sdk/lib/tinyusb/src/portable/raspberrypi/rp2040/dcd_rp2040.c.o
                0x100028c4                dcd_set_address
 .text.dcd_sof_enable
                0x100028d8       0x1c CMakeFiles/lab_01.dir/home/gabrielmachine/pico/pico-sdk/lib/tinyusb/src/portable/raspberrypi/rp2040/dcd_rp2040.c.o
                0x100028d8                dcd_sof_enable
 .text.dcd_edpt0_status_complete
                0x100028f4       0x1c CMakeFiles/lab_01.dir/home/gabrielmachine/pico/pico-sdk/lib/tinyusb/src/portable/raspberrypi/rp2040/dcd_rp2040.c.o
                0x100028f4                dcd_edpt0_status_complete
 .text.dcd_edpt_open
                0x10002910      0x114 CMakeFiles/lab_01.dir/home/gabrielmachine/pico/pico-sdk/lib/tinyusb/src/portable/raspberrypi/rp2040/dcd_rp2040.c.o
                0x10002910                dcd_edpt_open
 .text.dcd_edpt_close_all
                0x10002a24        0x8 CMakeFiles/lab_01.dir/home/gabrielmachine/pico/pico-sdk/lib/tinyusb/src/portable/raspberrypi/rp2040/dcd_rp2040.c.o
                0x10002a24                dcd_edpt_close_all
 .text.dcd_edpt_xfer
                0x10002a2c       0x24 CMakeFiles/lab_01.dir/home/gabrielmachine/pico/pico-sdk/lib/tinyusb/src/portable/raspberrypi/rp2040/dcd_rp2040.c.o
                0x10002a2c                dcd_edpt_xfer
 .text.dcd_edpt_stall
                0x10002a50       0x34 CMakeFiles/lab_01.dir/home/gabrielmachine/pico/pico-sdk/lib/tinyusb/src/portable/raspberrypi/rp2040/dcd_rp2040.c.o
                0x10002a50                dcd_edpt_stall
 .text.dcd_edpt_clear_stall
                0x10002a84       0x30 CMakeFiles/lab_01.dir/home/gabrielmachine/pico/pico-sdk/lib/tinyusb/src/portable/raspberrypi/rp2040/dcd_rp2040.c.o
                0x10002a84                dcd_edpt_clear_stall
 .text.rp2040_usb_init
                0x10002ab4       0x40 CMakeFiles/lab_01.dir/home/gabrielmachine/pico/pico-sdk/lib/tinyusb/src/portable/raspberrypi/rp2040/rp2040_usb.c.o
                0x10002ab4                rp2040_usb_init
 .text.hw_endpoint_xfer_start
                0x10002af4       0x40 CMakeFiles/lab_01.dir/home/gabrielmachine/pico/pico-sdk/lib/tinyusb/src/portable/raspberrypi/rp2040/rp2040_usb.c.o
                0x10002af4                hw_endpoint_xfer_start
 .text.tud_event_hook_cb
                0x10002b34        0x4 CMakeFiles/lab_01.dir/home/gabrielmachine/pico/pico-sdk/lib/tinyusb/src/device/usbd.c.o
                0x10002b34                tud_event_hook_cb
 .text.tud_sof_cb
                0x10002b38        0x4 CMakeFiles/lab_01.dir/home/gabrielmachine/pico/pico-sdk/lib/tinyusb/src/device/usbd.c.o
                0x10002b38                tud_sof_cb
 .text.tud_descriptor_device_qualifier_cb
                0x10002b3c        0x4 CMakeFiles/lab_01.dir/home/gabrielmachine/pico/pico-sdk/lib/tinyusb/src/device/usbd.c.o
                0x10002b3c                tud_descriptor_device_qualifier_cb
 .text.tud_descriptor_other_speed_configuration_cb
                0x10002b40        0x4 CMakeFiles/lab_01.dir/home/gabrielmachine/pico/pico-sdk/lib/tinyusb/src/device/usbd.c.o
                0x10002b40                tud_descriptor_other_speed_configuration_cb
 .text.tud_mount_cb
                0x10002b44        0x4 CMakeFiles/lab_01.dir/home/gabrielmachine/pico/pico-sdk/lib/tinyusb/src/device/usbd.c.o
                0x10002b44                tud_mount_cb
 .text.tud_umount_cb
                0x10002b48        0x4 CMakeFiles/lab_01.dir/home/gabrielmachine/pico/pico-sdk/lib/tinyusb/src/device/usbd.c.o
                0x10002b48                tud_umount_cb
 .text.tud_suspend_cb
                0x10002b4c        0x4 CMakeFiles/lab_01.dir/home/gabrielmachine/pico/pico-sdk/lib/tinyusb/src/device/usbd.c.o
                0x10002b4c                tud_suspend_cb
 .text.tud_resume_cb
                0x10002b50        0x4 CMakeFiles/lab_01.dir/home/gabrielmachine/pico/pico-sdk/lib/tinyusb/src/device/usbd.c.o
                0x10002b50                tud_resume_cb
 .text.tud_mounted
                0x10002b54       0x10 CMakeFiles/lab_01.dir/home/gabrielmachine/pico/pico-sdk/lib/tinyusb/src/device/usbd.c.o
                0x10002b54                tud_mounted
 .text.tud_suspended
                0x10002b64       0x10 CMakeFiles/lab_01.dir/home/gabrielmachine/pico/pico-sdk/lib/tinyusb/src/device/usbd.c.o
                0x10002b64                tud_suspended
 .text.tud_rhport_init
                0x10002b74       0xfc CMakeFiles/lab_01.dir/home/gabrielmachine/pico/pico-sdk/lib/tinyusb/src/device/usbd.c.o
                0x10002b74                tud_rhport_init
 .text.tud_task_ext
                0x10002c70      0x800 CMakeFiles/lab_01.dir/home/gabrielmachine/pico/pico-sdk/lib/tinyusb/src/device/usbd.c.o
                0x10002c70                tud_task_ext
 .text.usbd_open_edpt_pair
                0x10003470       0x9c CMakeFiles/lab_01.dir/home/gabrielmachine/pico/pico-sdk/lib/tinyusb/src/device/usbd.c.o
                0x10003470                usbd_open_edpt_pair
 .text.usbd_edpt_open
                0x1000350c       0x34 CMakeFiles/lab_01.dir/home/gabrielmachine/pico/pico-sdk/lib/tinyusb/src/device/usbd.c.o
                0x1000350c                usbd_edpt_open
 .text.usbd_edpt_claim
                0x10003540       0x28 CMakeFiles/lab_01.dir/home/gabrielmachine/pico/pico-sdk/lib/tinyusb/src/device/usbd.c.o
                0x10003540                usbd_edpt_claim
 .text.usbd_edpt_release
                0x10003568       0x28 CMakeFiles/lab_01.dir/home/gabrielmachine/pico/pico-sdk/lib/tinyusb/src/device/usbd.c.o
                0x10003568                usbd_edpt_release
 .text.usbd_edpt_xfer
                0x10003590       0x4c CMakeFiles/lab_01.dir/home/gabrielmachine/pico/pico-sdk/lib/tinyusb/src/device/usbd.c.o
                0x10003590                usbd_edpt_xfer
 .text.tud_control_status
                0x100035dc       0x2c CMakeFiles/lab_01.dir/home/gabrielmachine/pico/pico-sdk/lib/tinyusb/src/device/usbd_control.c.o
                0x100035dc                tud_control_status
 .text.tud_control_xfer
                0x10003608       0xac CMakeFiles/lab_01.dir/home/gabrielmachine/pico/pico-sdk/lib/tinyusb/src/device/usbd_control.c.o
                0x10003608                tud_control_xfer
 .text.usbd_control_reset
                0x100036b4       0x14 CMakeFiles/lab_01.dir/home/gabrielmachine/pico/pico-sdk/lib/tinyusb/src/device/usbd_control.c.o
                0x100036b4                usbd_control_reset
 .text.usbd_control_set_complete_callback
                0x100036c8        0xc CMakeFiles/lab_01.dir/home/gabrielmachine/pico/pico-sdk/lib/tinyusb/src/device/usbd_control.c.o
                0x100036c8                usbd_control_set_complete_callback
 .text.usbd_control_set_request
                0x100036d4       0x1c CMakeFiles/lab_01.dir/home/gabrielmachine/pico/pico-sdk/lib/tinyusb/src/device/usbd_control.c.o
                0x100036d4                usbd_control_set_request
 .text.usbd_control_xfer_cb
                0x100036f0       0xec CMakeFiles/lab_01.dir/home/gabrielmachine/pico/pico-sdk/lib/tinyusb/src/device/usbd_control.c.o
                0x100036f0                usbd_control_xfer_cb
 .text._prep_out_transaction.isra.0
                0x100037dc       0x6c CMakeFiles/lab_01.dir/home/gabrielmachine/pico/pico-sdk/lib/tinyusb/src/class/cdc/cdc_device.c.o
 .text.tud_cdc_n_connected
                0x10003848       0x2c CMakeFiles/lab_01.dir/home/gabrielmachine/pico/pico-sdk/lib/tinyusb/src/class/cdc/cdc_device.c.o
                0x10003848                tud_cdc_n_connected
 .text.tud_cdc_n_available
                0x10003874       0x14 CMakeFiles/lab_01.dir/home/gabrielmachine/pico/pico-sdk/lib/tinyusb/src/class/cdc/cdc_device.c.o
                0x10003874                tud_cdc_n_available
 .text.tud_cdc_n_read
                0x10003888       0x94 CMakeFiles/lab_01.dir/home/gabrielmachine/pico/pico-sdk/lib/tinyusb/src/class/cdc/cdc_device.c.o
                0x10003888                tud_cdc_n_read
 .text.tud_cdc_n_write_flush
                0x1000391c       0x74 CMakeFiles/lab_01.dir/home/gabrielmachine/pico/pico-sdk/lib/tinyusb/src/class/cdc/cdc_device.c.o
                0x1000391c                tud_cdc_n_write_flush
 .text.tud_cdc_n_write
                0x10003990       0x40 CMakeFiles/lab_01.dir/home/gabrielmachine/pico/pico-sdk/lib/tinyusb/src/class/cdc/cdc_device.c.o
                0x10003990                tud_cdc_n_write
 .text.tud_cdc_n_write_available
                0x100039d0       0x14 CMakeFiles/lab_01.dir/home/gabrielmachine/pico/pico-sdk/lib/tinyusb/src/class/cdc/cdc_device.c.o
                0x100039d0                tud_cdc_n_write_available
 .text.cdcd_init
                0x100039e4       0x70 CMakeFiles/lab_01.dir/home/gabrielmachine/pico/pico-sdk/lib/tinyusb/src/class/cdc/cdc_device.c.o
                0x100039e4                cdcd_init
 .text.cdcd_deinit
                0x10003a54       0x34 CMakeFiles/lab_01.dir/home/gabrielmachine/pico/pico-sdk/lib/tinyusb/src/class/cdc/cdc_device.c.o
                0x10003a54                cdcd_deinit
 .text.cdcd_reset
                0x10003a88       0x4c CMakeFiles/lab_01.dir/home/gabrielmachine/pico/pico-sdk/lib/tinyusb/src/class/cdc/cdc_device.c.o
                0x10003a88                cdcd_reset
 .text.cdcd_open
                0x10003ad4       0xa8 CMakeFiles/lab_01.dir/home/gabrielmachine/pico/pico-sdk/lib/tinyusb/src/class/cdc/cdc_device.c.o
                0x10003ad4                cdcd_open
 .text.cdcd_control_xfer_cb
                0x10003b7c       0xe8 CMakeFiles/lab_01.dir/home/gabrielmachine/pico/pico-sdk/lib/tinyusb/src/class/cdc/cdc_device.c.o
                0x10003b7c                cdcd_control_xfer_cb
 .text.cdcd_xfer_cb
                0x10003c64      0x100 CMakeFiles/lab_01.dir/home/gabrielmachine/pico/pico-sdk/lib/tinyusb/src/class/cdc/cdc_device.c.o
                0x10003c64                cdcd_xfer_cb
 .text.vendord_init
                0x10003d64       0x5c CMakeFiles/lab_01.dir/home/gabrielmachine/pico/pico-sdk/lib/tinyusb/src/class/vendor/vendor_device.c.o
                0x10003d64                vendord_init
 .text.vendord_deinit
                0x10003dc0       0x1c CMakeFiles/lab_01.dir/home/gabrielmachine/pico/pico-sdk/lib/tinyusb/src/class/vendor/vendor_device.c.o
                0x10003dc0                vendord_deinit
 .text.vendord_reset
                0x10003ddc       0x28 CMakeFiles/lab_01.dir/home/gabrielmachine/pico/pico-sdk/lib/tinyusb/src/class/vendor/vendor_device.c.o
                0x10003ddc                vendord_reset
 .text.vendord_open
                0x10003e04      0x128 CMakeFiles/lab_01.dir/home/gabrielmachine/pico/pico-sdk/lib/tinyusb/src/class/vendor/vendor_device.c.o
                0x10003e04                vendord_open
 .text.vendord_xfer_cb
                0x10003f2c       0x9c CMakeFiles/lab_01.dir/home/gabrielmachine/pico/pico-sdk/lib/tinyusb/src/class/vendor/vendor_device.c.o
                0x10003f2c                vendord_xfer_cb
 .text.tusb_rhport_init
                0x10003fc8       0x48 CMakeFiles/lab_01.dir/home/gabrielmachine/pico/pico-sdk/lib/tinyusb/src/tusb.c.o
                0x10003fc8                tusb_rhport_init
 .text.tu_edpt_claim
                0x10004010       0x50 CMakeFiles/lab_01.dir/home/gabrielmachine/pico/pico-sdk/lib/tinyusb/src/tusb.c.o
                0x10004010                tu_edpt_claim
 .text.tu_edpt_release
                0x10004060       0x38 CMakeFiles/lab_01.dir/home/gabrielmachine/pico/pico-sdk/lib/tinyusb/src/tusb.c.o
                0x10004060                tu_edpt_release
 .text.tu_edpt_validate
                0x10004098       0x7c CMakeFiles/lab_01.dir/home/gabrielmachine/pico/pico-sdk/lib/tinyusb/src/tusb.c.o
                0x10004098                tu_edpt_validate
 .text.tu_edpt_bind_driver
                0x10004114       0x34 CMakeFiles/lab_01.dir/home/gabrielmachine/pico/pico-sdk/lib/tinyusb/src/tusb.c.o
                0x10004114                tu_edpt_bind_driver
 .text.tu_edpt_stream_init
                0x10004148       0x6c CMakeFiles/lab_01.dir/home/gabrielmachine/pico/pico-sdk/lib/tinyusb/src/tusb.c.o
                0x10004148                tu_edpt_stream_init
 .text.tu_edpt_stream_deinit
                0x100041b4        0x4 CMakeFiles/lab_01.dir/home/gabrielmachine/pico/pico-sdk/lib/tinyusb/src/tusb.c.o
                0x100041b4                tu_edpt_stream_deinit
 .text.tu_edpt_stream_write_zlp_if_needed
                0x100041b8       0x68 CMakeFiles/lab_01.dir/home/gabrielmachine/pico/pico-sdk/lib/tinyusb/src/tusb.c.o
                0x100041b8                tu_edpt_stream_write_zlp_if_needed
 .text.tu_edpt_stream_write_xfer
                0x10004220       0x64 CMakeFiles/lab_01.dir/home/gabrielmachine/pico/pico-sdk/lib/tinyusb/src/tusb.c.o
                0x10004220                tu_edpt_stream_write_xfer
 .text.tu_edpt_stream_read_xfer
                0x10004284       0xdc CMakeFiles/lab_01.dir/home/gabrielmachine/pico/pico-sdk/lib/tinyusb/src/tusb.c.o
                0x10004284                tu_edpt_stream_read_xfer
 .text.tu_fifo_config
                0x10004360       0x6c CMakeFiles/lab_01.dir/home/gabrielmachine/pico/pico-sdk/lib/tinyusb/src/common/tusb_fifo.c.o
                0x10004360                tu_fifo_config
 .text.tu_fifo_count
                0x100043cc       0x2c CMakeFiles/lab_01.dir/home/gabrielmachine/pico/pico-sdk/lib/tinyusb/src/common/tusb_fifo.c.o
                0x100043cc                tu_fifo_count
 .text.tu_fifo_empty
                0x100043f8       0x10 CMakeFiles/lab_01.dir/home/gabrielmachine/pico/pico-sdk/lib/tinyusb/src/common/tusb_fifo.c.o
                0x100043f8                tu_fifo_empty
 .text.tu_fifo_remaining
                0x10004408       0x2c CMakeFiles/lab_01.dir/home/gabrielmachine/pico/pico-sdk/lib/tinyusb/src/common/tusb_fifo.c.o
                0x10004408                tu_fifo_remaining
 .text.tu_fifo_read
                0x10004434       0x9c CMakeFiles/lab_01.dir/home/gabrielmachine/pico/pico-sdk/lib/tinyusb/src/common/tusb_fifo.c.o
                0x10004434                tu_fifo_read
 .text.tu_fifo_read_n
                0x100044d0       0xe8 CMakeFiles/lab_01.dir/home/gabrielmachine/pico/pico-sdk/lib/tinyusb/src/common/tusb_fifo.c.o
                0x100044d0                tu_fifo_read_n
 .text.tu_fifo_write
                0x100045b8       0xa8 CMakeFiles/lab_01.dir/home/gabrielmachine/pico/pico-sdk/lib/tinyusb/src/common/tusb_fifo.c.o
                0x100045b8                tu_fifo_write
 .text.tu_fifo_write_n
                0x10004660      0x178 CMakeFiles/lab_01.dir/home/gabrielmachine/pico/pico-sdk/lib/tinyusb/src/common/tusb_fifo.c.o
                0x10004660                tu_fifo_write_n
 .text.tu_fifo_clear
                0x100047d8       0x40 CMakeFiles/lab_01.dir/home/gabrielmachine/pico/pico-sdk/lib/tinyusb/src/common/tusb_fifo.c.o
                0x100047d8                tu_fifo_clear
 .text.tu_fifo_set_overwritable
                0x10004818       0x48 CMakeFiles/lab_01.dir/home/gabrielmachine/pico/pico-sdk/lib/tinyusb/src/common/tusb_fifo.c.o
                0x10004818                tu_fifo_set_overwritable
 .text.pvPortMalloc
                0x10004860      0x124 CMakeFiles/lab_01.dir/home/gabrielmachine/FreeRTOS-Kernel/portable/MemMang/heap_4.c.o
                0x10004860                pvPortMalloc
 .text.vPortFree
                0x10004984       0x98 CMakeFiles/lab_01.dir/home/gabrielmachine/FreeRTOS-Kernel/portable/MemMang/heap_4.c.o
                0x10004984                vPortFree
 *fill*         0x10004a1c        0x4 
 .text.vPortStartFirstTask
                0x10004a20       0x38 CMakeFiles/lab_01.dir/home/gabrielmachine/FreeRTOS-Kernel/portable/ThirdParty/GCC/RP2040/port.c.o
 .text.prvFIFOInterruptHandler
                0x10004a58       0x2c CMakeFiles/lab_01.dir/home/gabrielmachine/FreeRTOS-Kernel/portable/ThirdParty/GCC/RP2040/port.c.o
 *fill*         0x10004a84        0xc 
 .text.xPortPendSVHandler
                0x10004a90       0x78 CMakeFiles/lab_01.dir/home/gabrielmachine/FreeRTOS-Kernel/portable/ThirdParty/GCC/RP2040/port.c.o
                0x10004a90                xPortPendSVHandler
 .text.prvTaskExitError
                0x10004b08        0x8 CMakeFiles/lab_01.dir/home/gabrielmachine/FreeRTOS-Kernel/portable/ThirdParty/GCC/RP2040/port.c.o
 .text.xPortSysTickHandler
                0x10004b10       0x24 CMakeFiles/lab_01.dir/home/gabrielmachine/FreeRTOS-Kernel/portable/ThirdParty/GCC/RP2040/port.c.o
                0x10004b10                xPortSysTickHandler
 .text.vPortSVCHandler
                0x10004b34        0x4 CMakeFiles/lab_01.dir/home/gabrielmachine/FreeRTOS-Kernel/portable/ThirdParty/GCC/RP2040/port.c.o
                0x10004b34                vPortSVCHandler
 .text.pxPortInitialiseStack
                0x10004b38       0x20 CMakeFiles/lab_01.dir/home/gabrielmachine/FreeRTOS-Kernel/portable/ThirdParty/GCC/RP2040/port.c.o
                0x10004b38                pxPortInitialiseStack
 .text.vPortYield
                0x10004b58       0x18 CMakeFiles/lab_01.dir/home/gabrielmachine/FreeRTOS-Kernel/portable/ThirdParty/GCC/RP2040/port.c.o
                0x10004b58                vPortYield
 .text.ulSetInterruptMaskFromISR
                0x10004b70        0x8 CMakeFiles/lab_01.dir/home/gabrielmachine/FreeRTOS-Kernel/portable/ThirdParty/GCC/RP2040/port.c.o
                0x10004b70                ulSetInterruptMaskFromISR
 .text.vClearInterruptMaskFromISR
                0x10004b78        0x8 CMakeFiles/lab_01.dir/home/gabrielmachine/FreeRTOS-Kernel/portable/ThirdParty/GCC/RP2040/port.c.o
                0x10004b78                vClearInterruptMaskFromISR
 .text.vYieldCore
                0x10004b80        0xc CMakeFiles/lab_01.dir/home/gabrielmachine/FreeRTOS-Kernel/portable/ThirdParty/GCC/RP2040/port.c.o
                0x10004b80                vYieldCore
 .text.vPortSetupTimerInterrupt
                0x10004b8c       0x34 CMakeFiles/lab_01.dir/home/gabrielmachine/FreeRTOS-Kernel/portable/ThirdParty/GCC/RP2040/port.c.o
                0x10004b8c                vPortSetupTimerInterrupt
 .text.xPortStartSchedulerOnCore.isra.0
                0x10004bc0       0xa4 CMakeFiles/lab_01.dir/home/gabrielmachine/FreeRTOS-Kernel/portable/ThirdParty/GCC/RP2040/port.c.o
 .text.prvDisableInterruptsAndPortStartSchedulerOnCore
                0x10004c64        0x8 CMakeFiles/lab_01.dir/home/gabrielmachine/FreeRTOS-Kernel/portable/ThirdParty/GCC/RP2040/port.c.o
 .text.xPortStartScheduler
                0x10004c6c       0x2c CMakeFiles/lab_01.dir/home/gabrielmachine/FreeRTOS-Kernel/portable/ThirdParty/GCC/RP2040/port.c.o
                0x10004c6c                xPortStartScheduler
 .text.ulPortLockGetCurrentOwnerId
                0x10004c98       0x30 CMakeFiles/lab_01.dir/home/gabrielmachine/FreeRTOS-Kernel/portable/ThirdParty/GCC/RP2040/port.c.o
                0x10004c98                ulPortLockGetCurrentOwnerId
 .text.vPortLockInternalSpinUnlockWithNotify
                0x10004cc8       0x88 CMakeFiles/lab_01.dir/home/gabrielmachine/FreeRTOS-Kernel/portable/ThirdParty/GCC/RP2040/port.c.o
                0x10004cc8                vPortLockInternalSpinUnlockWithNotify
 .text.xPortLockInternalSpinUnlockWithBestEffortWaitOrTimeout
                0x10004d50       0xe4 CMakeFiles/lab_01.dir/home/gabrielmachine/FreeRTOS-Kernel/portable/ThirdParty/GCC/RP2040/port.c.o
                0x10004d50                xPortLockInternalSpinUnlockWithBestEffortWaitOrTimeout
 .text.startup.prvRuntimeInitializer
                0x10004e34       0x10 CMakeFiles/lab_01.dir/home/gabrielmachine/FreeRTOS-Kernel/portable/ThirdParty/GCC/RP2040/port.c.o
 .text.vEventGroupSetBitsCallback
                0x10004e44       0x90 CMakeFiles/lab_01.dir/home/gabrielmachine/FreeRTOS-Kernel/event_groups.c.o
                0x10004e44                vEventGroupSetBitsCallback
 .text.xEventGroupCreate
                0x10004ed4       0x18 CMakeFiles/lab_01.dir/home/gabrielmachine/FreeRTOS-Kernel/event_groups.c.o
                0x10004ed4                xEventGroupCreate
 .text.xEventGroupWaitBits
                0x10004eec       0xb8 CMakeFiles/lab_01.dir/home/gabrielmachine/FreeRTOS-Kernel/event_groups.c.o
                0x10004eec                xEventGroupWaitBits
 .text.xEventGroupSetBits
                0x10004fa4       0x9c CMakeFiles/lab_01.dir/home/gabrielmachine/FreeRTOS-Kernel/event_groups.c.o
                0x10004fa4                xEventGroupSetBits
 .text.xEventGroupSetBitsFromISR
                0x10005040       0x18 CMakeFiles/lab_01.dir/home/gabrielmachine/FreeRTOS-Kernel/event_groups.c.o
                0x10005040                xEventGroupSetBitsFromISR
 .text.vListInitialise
                0x10005058       0x18 CMakeFiles/lab_01.dir/home/gabrielmachine/FreeRTOS-Kernel/list.c.o
                0x10005058                vListInitialise
 .text.vListInitialiseItem
                0x10005070        0x8 CMakeFiles/lab_01.dir/home/gabrielmachine/FreeRTOS-Kernel/list.c.o
                0x10005070                vListInitialiseItem
 .text.vListInsertEnd
                0x10005078       0x18 CMakeFiles/lab_01.dir/home/gabrielmachine/FreeRTOS-Kernel/list.c.o
                0x10005078                vListInsertEnd
 .text.vListInsert
                0x10005090       0x30 CMakeFiles/lab_01.dir/home/gabrielmachine/FreeRTOS-Kernel/list.c.o
                0x10005090                vListInsert
 .text.uxListRemove
                0x100050c0       0x20 CMakeFiles/lab_01.dir/home/gabrielmachine/FreeRTOS-Kernel/list.c.o
                0x100050c0                uxListRemove
 .text.prvUnlockQueue
                0x100050e0      0x180 CMakeFiles/lab_01.dir/home/gabrielmachine/FreeRTOS-Kernel/queue.c.o
 .text.prvNotifyQueueSetContainer
                0x10005260       0x90 CMakeFiles/lab_01.dir/home/gabrielmachine/FreeRTOS-Kernel/queue.c.o
 .text.xQueueGenericCreate
                0x100052f0       0xa4 CMakeFiles/lab_01.dir/home/gabrielmachine/FreeRTOS-Kernel/queue.c.o
                0x100052f0                xQueueGenericCreate
 .text.xQueueGenericSendFromISR
                0x10005394      0x134 CMakeFiles/lab_01.dir/home/gabrielmachine/FreeRTOS-Kernel/queue.c.o
                0x10005394                xQueueGenericSendFromISR
 .text.xQueueReceive
                0x100054c8      0x11c CMakeFiles/lab_01.dir/home/gabrielmachine/FreeRTOS-Kernel/queue.c.o
                0x100054c8                xQueueReceive
 .text.vQueueAddToRegistry
                0x100055e4      0x118 CMakeFiles/lab_01.dir/home/gabrielmachine/FreeRTOS-Kernel/queue.c.o
                0x100055e4                vQueueAddToRegistry
 .text.vQueueWaitForMessageRestricted
                0x100056fc       0x48 CMakeFiles/lab_01.dir/home/gabrielmachine/FreeRTOS-Kernel/queue.c.o
                0x100056fc                vQueueWaitForMessageRestricted
 .text.prvPassiveIdleTask
                0x10005744       0x20 CMakeFiles/lab_01.dir/home/gabrielmachine/FreeRTOS-Kernel/tasks.c.o
 .text.prvYieldForTask
                0x10005764       0xc0 CMakeFiles/lab_01.dir/home/gabrielmachine/FreeRTOS-Kernel/tasks.c.o
 .text.prvAddCurrentTaskToDelayedList
                0x10005824      0x144 CMakeFiles/lab_01.dir/home/gabrielmachine/FreeRTOS-Kernel/tasks.c.o
 .text.prvCreateTask
                0x10005968      0x158 CMakeFiles/lab_01.dir/home/gabrielmachine/FreeRTOS-Kernel/tasks.c.o
 .text.prvCheckForRunStateChange
                0x10005ac0      0x15c CMakeFiles/lab_01.dir/home/gabrielmachine/FreeRTOS-Kernel/tasks.c.o
 .text.xTaskIncrementTick.part.0
                0x10005c1c      0x1f0 CMakeFiles/lab_01.dir/home/gabrielmachine/FreeRTOS-Kernel/tasks.c.o
 .text.vTaskSuspendAll.part.0
                0x10005e0c       0xb8 CMakeFiles/lab_01.dir/home/gabrielmachine/FreeRTOS-Kernel/tasks.c.o
 .text.vTaskSuspendAll
                0x10005ec4       0xc4 CMakeFiles/lab_01.dir/home/gabrielmachine/FreeRTOS-Kernel/tasks.c.o
                0x10005ec4                vTaskSuspendAll
 .text.xTaskGetTickCount
                0x10005f88        0xc CMakeFiles/lab_01.dir/home/gabrielmachine/FreeRTOS-Kernel/tasks.c.o
                0x10005f88                xTaskGetTickCount
 .text.uxTaskGetNumberOfTasks
                0x10005f94        0xc CMakeFiles/lab_01.dir/home/gabrielmachine/FreeRTOS-Kernel/tasks.c.o
                0x10005f94                uxTaskGetNumberOfTasks
 .text.xTaskIncrementTick
                0x10005fa0       0x24 CMakeFiles/lab_01.dir/home/gabrielmachine/FreeRTOS-Kernel/tasks.c.o
                0x10005fa0                xTaskIncrementTick
 .text.vTaskSwitchContext
                0x10005fc4      0x300 CMakeFiles/lab_01.dir/home/gabrielmachine/FreeRTOS-Kernel/tasks.c.o
                0x10005fc4                vTaskSwitchContext
 .text.vTaskPlaceOnEventList
                0x100062c4      0x148 CMakeFiles/lab_01.dir/home/gabrielmachine/FreeRTOS-Kernel/tasks.c.o
                0x100062c4                vTaskPlaceOnEventList
 .text.vTaskPlaceOnUnorderedEventList
                0x1000640c       0x9c CMakeFiles/lab_01.dir/home/gabrielmachine/FreeRTOS-Kernel/tasks.c.o
                0x1000640c                vTaskPlaceOnUnorderedEventList
 .text.vTaskPlaceOnEventListRestricted
                0x100064a8       0x8c CMakeFiles/lab_01.dir/home/gabrielmachine/FreeRTOS-Kernel/tasks.c.o
                0x100064a8                vTaskPlaceOnEventListRestricted
 .text.xTaskRemoveFromEventList
                0x10006534       0xcc CMakeFiles/lab_01.dir/home/gabrielmachine/FreeRTOS-Kernel/tasks.c.o
                0x10006534                xTaskRemoveFromEventList
 .text.vTaskInternalSetTimeOutState
                0x10006600       0x18 CMakeFiles/lab_01.dir/home/gabrielmachine/FreeRTOS-Kernel/tasks.c.o
                0x10006600                vTaskInternalSetTimeOutState
 .text.xTaskCheckForTimeOut
                0x10006618      0x204 CMakeFiles/lab_01.dir/home/gabrielmachine/FreeRTOS-Kernel/tasks.c.o
                0x10006618                xTaskCheckForTimeOut
 .text.vTaskMissedYield
                0x1000681c       0x14 CMakeFiles/lab_01.dir/home/gabrielmachine/FreeRTOS-Kernel/tasks.c.o
                0x1000681c                vTaskMissedYield
 .text.xTaskGetCurrentTaskHandle
                0x10006830       0x1c CMakeFiles/lab_01.dir/home/gabrielmachine/FreeRTOS-Kernel/tasks.c.o
                0x10006830                xTaskGetCurrentTaskHandle
 .text.xTaskPriorityDisinherit
                0x1000684c       0xb8 CMakeFiles/lab_01.dir/home/gabrielmachine/FreeRTOS-Kernel/tasks.c.o
                0x1000684c                xTaskPriorityDisinherit
 .text.vTaskYieldWithinAPI
                0x10006904       0x34 CMakeFiles/lab_01.dir/home/gabrielmachine/FreeRTOS-Kernel/tasks.c.o
                0x10006904                vTaskYieldWithinAPI
 .text.vTaskEnterCritical
                0x10006938       0xbc CMakeFiles/lab_01.dir/home/gabrielmachine/FreeRTOS-Kernel/tasks.c.o
                0x10006938                vTaskEnterCritical
 .text.vTaskEnterCriticalFromISR
                0x100069f4       0x70 CMakeFiles/lab_01.dir/home/gabrielmachine/FreeRTOS-Kernel/tasks.c.o
                0x100069f4                vTaskEnterCriticalFromISR
 .text.vTaskExitCritical
                0x10006a64       0x88 CMakeFiles/lab_01.dir/home/gabrielmachine/FreeRTOS-Kernel/tasks.c.o
                0x10006a64                vTaskExitCritical
 .text.prvAddNewTaskToReadyList
                0x10006aec       0xec CMakeFiles/lab_01.dir/home/gabrielmachine/FreeRTOS-Kernel/tasks.c.o
 .text.xTaskCreate
                0x10006bd8       0x2c CMakeFiles/lab_01.dir/home/gabrielmachine/FreeRTOS-Kernel/tasks.c.o
                0x10006bd8                xTaskCreate
 .text.xTaskCreateAffinitySet
                0x10006c04       0x28 CMakeFiles/lab_01.dir/home/gabrielmachine/FreeRTOS-Kernel/tasks.c.o
                0x10006c04                xTaskCreateAffinitySet
 .text.vTaskStartScheduler
                0x10006c2c       0xb8 CMakeFiles/lab_01.dir/home/gabrielmachine/FreeRTOS-Kernel/tasks.c.o
                0x10006c2c                vTaskStartScheduler
 .text.xTaskResumeAll.part.0
                0x10006ce4      0x1ac CMakeFiles/lab_01.dir/home/gabrielmachine/FreeRTOS-Kernel/tasks.c.o
 .text.xTaskResumeAll
                0x10006e90       0x18 CMakeFiles/lab_01.dir/home/gabrielmachine/FreeRTOS-Kernel/tasks.c.o
                0x10006e90                xTaskResumeAll
 .text.vTaskDelay
                0x10006ea8       0x70 CMakeFiles/lab_01.dir/home/gabrielmachine/FreeRTOS-Kernel/tasks.c.o
                0x10006ea8                vTaskDelay
 .text.vTaskRemoveFromUnorderedEventList
                0x10006f18       0x8c CMakeFiles/lab_01.dir/home/gabrielmachine/FreeRTOS-Kernel/tasks.c.o
                0x10006f18                vTaskRemoveFromUnorderedEventList
 .text.prvIdleTask
                0x10006fa4      0x208 CMakeFiles/lab_01.dir/home/gabrielmachine/FreeRTOS-Kernel/tasks.c.o
 .text.vTaskExitCriticalFromISR
                0x100071ac       0x58 CMakeFiles/lab_01.dir/home/gabrielmachine/FreeRTOS-Kernel/tasks.c.o
                0x100071ac                vTaskExitCriticalFromISR
 .text.uxTaskResetEventItemValue
                0x10007204       0x48 CMakeFiles/lab_01.dir/home/gabrielmachine/FreeRTOS-Kernel/tasks.c.o
                0x10007204                uxTaskResetEventItemValue
 .text.prvTimerTask
                0x1000724c      0x3b4 CMakeFiles/lab_01.dir/home/gabrielmachine/FreeRTOS-Kernel/timers.c.o
 .text.xTimerCreateTimerTask
                0x10007600       0x90 CMakeFiles/lab_01.dir/home/gabrielmachine/FreeRTOS-Kernel/timers.c.o
                0x10007600                xTimerCreateTimerTask
 .text.xTimerPendFunctionCallFromISR
                0x10007690       0x28 CMakeFiles/lab_01.dir/home/gabrielmachine/FreeRTOS-Kernel/timers.c.o
                0x10007690                xTimerPendFunctionCallFromISR
 .text.exception_set_exclusive_handler
                0x100076b8       0x48 CMakeFiles/lab_01.dir/home/gabrielmachine/pico/pico-sdk/src/rp2_common/hardware_exception/exception.c.o
                0x100076b8                exception_set_exclusive_handler
 .text.core1_trampoline
                0x10007700        0x4 CMakeFiles/lab_01.dir/home/gabrielmachine/pico/pico-sdk/src/rp2_common/pico_multicore/multicore.c.o
 .text.core1_wrapper
                0x10007704        0xc CMakeFiles/lab_01.dir/home/gabrielmachine/pico/pico-sdk/src/rp2_common/pico_multicore/multicore.c.o
                0x10007704                core1_wrapper
 .text.multicore_reset_core1
                0x10007710       0x60 CMakeFiles/lab_01.dir/home/gabrielmachine/pico/pico-sdk/src/rp2_common/pico_multicore/multicore.c.o
                0x10007710                multicore_reset_core1
 .text.multicore_launch_core1_raw
                0x10007770       0x84 CMakeFiles/lab_01.dir/home/gabrielmachine/pico/pico-sdk/src/rp2_common/pico_multicore/multicore.c.o
                0x10007770                multicore_launch_core1_raw
 .text.multicore_launch_core1
                0x100077f4       0x58 CMakeFiles/lab_01.dir/home/gabrielmachine/pico/pico-sdk/src/rp2_common/pico_multicore/multicore.c.o
                0x100077f4                multicore_launch_core1
 .text          0x1000784c       0x10 /usr/lib/gcc/arm-none-eabi/13.2.1/../../../arm-none-eabi/lib/thumb/v6-m/nofp/libg.a(libc_a-atexit.o)
                0x1000784c                atexit
 .text          0x1000785c       0x5c /usr/lib/gcc/arm-none-eabi/13.2.1/../../../arm-none-eabi/lib/thumb/v6-m/nofp/libg.a(libc_a-strlen-stub.o)
                0x1000785c                strlen
 .text          0x100078b8       0x28 /usr/lib/gcc/arm-none-eabi/13.2.1/../../../arm-none-eabi/lib/thumb/v6-m/nofp/libg.a(libc_a-fini.o)
                0x100078b8                __libc_fini_array
 .text          0x100078e0       0x78 /usr/lib/gcc/arm-none-eabi/13.2.1/../../../arm-none-eabi/lib/thumb/v6-m/nofp/libg.a(libc_a-__atexit.o)
                0x100078e0                __register_exitproc
 .text.startup  0x10007958       0x18 /usr/lib/gcc/arm-none-eabi/13.2.1/../../../arm-none-eabi/lib/thumb/v6-m/nofp/libg.a(libc_a-__call_atexit.o)
 *(.fini)
 .fini          0x10007970        0x4 /usr/lib/gcc/arm-none-eabi/13.2.1/thumb/v6-m/nofp/crti.o
                0x10007970                _fini
 *fill*         0x10007974        0x4 
 .fini.__stub   0x10007978       0xc0 linker stubs
 *crtbegin.o(.ctors)
 *crtbegin?.o(.ctors)
 *(EXCLUDE_FILE(*crtend.o *crtend?.o) .ctors)
 *(SORT_BY_NAME(.ctors.*))
 *(.ctors)
 *crtbegin.o(.dtors)
 *crtbegin?.o(.dtors)
 *(EXCLUDE_FILE(*crtend.o *crtend?.o) .dtors)
 *(SORT_BY_NAME(.dtors.*))
 *(.dtors)
                0x10007a38                        . = ALIGN (0x4)
                0x10007a38                        PROVIDE (__preinit_array_start = .)
 *(SORT_BY_NAME(.preinit_array.*))
 .preinit_array.00100
                0x10007a38        0x4 CMakeFiles/lab_01.dir/home/gabrielmachine/pico/pico-sdk/src/rp2_common/pico_runtime_init/runtime_init.c.o
                0x10007a38                __pre_init_runtime_init_early_resets
 .preinit_array.00101
                0x10007a3c        0x4 CMakeFiles/lab_01.dir/home/gabrielmachine/pico/pico-sdk/src/rp2_common/pico_runtime_init/runtime_init.c.o
                0x10007a3c                __pre_init_runtime_init_usb_power_down
 .preinit_array.00275
                0x10007a40        0x4 CMakeFiles/lab_01.dir/home/gabrielmachine/pico/pico-sdk/src/rp2_common/pico_bit_ops/bit_ops_aeabi.S.o
 .preinit_array.00300
                0x10007a44        0x4 CMakeFiles/lab_01.dir/home/gabrielmachine/pico/pico-sdk/src/rp2_common/pico_mem_ops/mem_ops_aeabi.S.o
 .preinit_array.00350
                0x10007a48        0x4 CMakeFiles/lab_01.dir/home/gabrielmachine/pico/pico-sdk/src/rp2_common/pico_double/double_aeabi_rp2040.S.o
 .preinit_array.00350
                0x10007a4c        0x4 CMakeFiles/lab_01.dir/home/gabrielmachine/pico/pico-sdk/src/rp2_common/pico_float/float_aeabi_rp2040.S.o
 .preinit_array.00500
                0x10007a50        0x4 CMakeFiles/lab_01.dir/home/gabrielmachine/pico/pico-sdk/src/rp2_common/pico_runtime_init/runtime_init.c.o
                0x10007a50                __pre_init_runtime_init_clocks
 .preinit_array.00600
                0x10007a54        0x4 CMakeFiles/lab_01.dir/home/gabrielmachine/pico/pico-sdk/src/rp2_common/pico_runtime_init/runtime_init.c.o
                0x10007a54                __pre_init_runtime_init_post_clock_resets
 .preinit_array.00700
                0x10007a58        0x4 CMakeFiles/lab_01.dir/home/gabrielmachine/pico/pico-sdk/src/rp2_common/pico_runtime_init/runtime_init.c.o
                0x10007a58                __pre_init_runtime_init_rp2040_gpio_ie_disable
 .preinit_array.01000
                0x10007a5c        0x4 CMakeFiles/lab_01.dir/home/gabrielmachine/pico/pico-sdk/src/rp2_common/pico_runtime_init/runtime_init.c.o
                0x10007a5c                __pre_init_runtime_init_spin_locks_reset
 .preinit_array.01100
                0x10007a60        0x4 CMakeFiles/lab_01.dir/home/gabrielmachine/pico/pico-sdk/src/common/pico_sync/mutex.c.o
                0x10007a60                __pre_init_runtime_init_mutex
 .preinit_array.10080
                0x10007a64        0x4 CMakeFiles/lab_01.dir/home/gabrielmachine/pico/pico-sdk/src/rp2_common/pico_runtime_init/runtime_init.c.o
                0x10007a64                __pre_init_runtime_init_install_ram_vector_table
 .preinit_array.11000
                0x10007a68        0x4 CMakeFiles/lab_01.dir/home/gabrielmachine/pico/pico-sdk/src/common/pico_time/time.c.o
                0x10007a68                __pre_init_runtime_init_default_alarm_pool
 .preinit_array.YYYYY
                0x10007a6c        0x4 CMakeFiles/lab_01.dir/home/gabrielmachine/pico/pico-sdk/src/rp2_common/pico_runtime/runtime.c.o
                0x10007a6c                __pre_init_first_per_core_initializer
 .preinit_array.ZZZZZ.01200
                0x10007a70        0x4 CMakeFiles/lab_01.dir/home/gabrielmachine/pico/pico-sdk/src/rp2_common/hardware_irq/irq.c.o
                0x10007a70                __pre_init_runtime_init_per_core_irq_priorities
 *(.preinit_array)
                0x10007a74                        PROVIDE (__preinit_array_end = .)
                0x10007a74                        . = ALIGN (0x4)
                0x10007a74                        PROVIDE (__init_array_start = .)
 *(SORT_BY_NAME(.init_array.*))
 .init_array.00000
                0x10007a74        0x4 /usr/lib/gcc/arm-none-eabi/13.2.1/../../../arm-none-eabi/lib/thumb/v6-m/nofp/libg.a(libc_a-__call_atexit.o)
 *(.init_array)
 .init_array    0x10007a78        0x4 /usr/lib/gcc/arm-none-eabi/13.2.1/thumb/v6-m/nofp/crtbegin.o
 .init_array    0x10007a7c        0x4 CMakeFiles/lab_01.dir/home/gabrielmachine/pico/pico-sdk/src/rp2_common/pico_unique_id/unique_id.c.o
 .init_array    0x10007a80        0x4 CMakeFiles/lab_01.dir/home/gabrielmachine/FreeRTOS-Kernel/portable/ThirdParty/GCC/RP2040/port.c.o
                0x10007a84                        PROVIDE (__init_array_end = .)
                0x10007a84                        . = ALIGN (0x4)
                0x10007a84                        PROVIDE (__fini_array_start = .)
 *(SORT_BY_NAME(.fini_array.*))
 *(.fini_array)
                0x10007a84                        PROVIDE (__fini_array_end = .)
 *(.eh_frame*)
 .eh_frame      0x10007a84        0x0 /usr/lib/gcc/arm-none-eabi/13.2.1/thumb/v6-m/nofp/crtbegin.o
                0x10007a84                        . = ALIGN (0x4)

.glue_7         0x10007a84        0x0
 .glue_7        0x10007a84        0x0 linker stubs

.glue_7t        0x10007a84        0x0
 .glue_7t       0x10007a84        0x0 linker stubs

.vfp11_veneer   0x10007a84        0x0
 .vfp11_veneer  0x10007a84        0x0 linker stubs

.v4_bx          0x10007a84        0x0
 .v4_bx         0x10007a84        0x0 linker stubs

.iplt           0x10007a84        0x0
 .iplt          0x10007a84        0x0 /usr/lib/gcc/arm-none-eabi/13.2.1/thumb/v6-m/nofp/crtbegin.o

.rodata         0x10007a84      0x490
 *(EXCLUDE_FILE(*libm.a: *libc.a:*lib_a-mem*.o *libgcc.a:) .rodata*)
 .rodata.main.str1.4
                0x10007a84      0x1ac CMakeFiles/lab_01.dir/main.c.o
                                 0x16 (size before relaxing)
 .rodata.panic.str1.4
                0x10007c30       0x12 CMakeFiles/lab_01.dir/home/gabrielmachine/pico/pico-sdk/src/rp2_common/pico_platform_panic/panic.c.o
 .rodata.panic_unsupported.str1.4
                0x10007c30        0xe CMakeFiles/lab_01.dir/home/gabrielmachine/pico/pico-sdk/src/rp2_common/pico_platform_panic/panic.c.o
 .rodata.spin_lock_claim.str1.4
                0x10007c30       0x1f CMakeFiles/lab_01.dir/home/gabrielmachine/pico/pico-sdk/src/rp2_common/hardware_sync/sync.c.o
 .rodata.spin_lock_claim_unused.str1.4
                0x10007c30       0x1b CMakeFiles/lab_01.dir/home/gabrielmachine/pico/pico-sdk/src/rp2_common/hardware_sync/sync.c.o
 .rodata.user_irq_claim_unused.str1.4
                0x10007c30       0x1b CMakeFiles/lab_01.dir/home/gabrielmachine/pico/pico-sdk/src/rp2_common/hardware_irq/irq.c.o
 .rodata.timer_hardware_alarm_claim.str1.4
                0x10007c30       0x22 CMakeFiles/lab_01.dir/home/gabrielmachine/pico/pico-sdk/src/rp2_common/hardware_timer/timer.c.o
 .rodata.hard_assertion_failure.str1.4
                0x10007c30        0xc CMakeFiles/lab_01.dir/home/gabrielmachine/pico/pico-sdk/src/rp2_common/pico_runtime/runtime.c.o
 .rodata.str1.4
                0x10007c30       0x3c CMakeFiles/lab_01.dir/home/gabrielmachine/pico/pico-sdk/src/rp2_common/pico_standard_binary_info/standard_binary_info.c.o
 .rodata.__bi_84
                0x10007c30        0xc CMakeFiles/lab_01.dir/home/gabrielmachine/pico/pico-sdk/src/rp2_common/pico_standard_binary_info/standard_binary_info.c.o
 .rodata.__bi_78
                0x10007c3c        0xc CMakeFiles/lab_01.dir/home/gabrielmachine/pico/pico-sdk/src/rp2_common/pico_standard_binary_info/standard_binary_info.c.o
 .rodata.__bi_54
                0x10007c48        0xc CMakeFiles/lab_01.dir/home/gabrielmachine/pico/pico-sdk/src/rp2_common/pico_standard_binary_info/standard_binary_info.c.o
 .rodata.__bi_48
                0x10007c54        0xc CMakeFiles/lab_01.dir/home/gabrielmachine/pico/pico-sdk/src/rp2_common/pico_standard_binary_info/standard_binary_info.c.o
 .rodata.__bi_42
                0x10007c60        0xc CMakeFiles/lab_01.dir/home/gabrielmachine/pico/pico-sdk/src/rp2_common/pico_standard_binary_info/standard_binary_info.c.o
 .rodata.__bi_34
                0x10007c6c        0xc CMakeFiles/lab_01.dir/home/gabrielmachine/pico/pico-sdk/src/rp2_common/pico_standard_binary_info/standard_binary_info.c.o
 .rodata.__bi_26
                0x10007c78        0xc CMakeFiles/lab_01.dir/home/gabrielmachine/pico/pico-sdk/src/rp2_common/pico_standard_binary_info/standard_binary_info.c.o
 .rodata.crlf_str.0
                0x10007c84        0x2 CMakeFiles/lab_01.dir/home/gabrielmachine/pico/pico-sdk/src/rp2_common/pico_stdio/stdio.c.o
 *fill*         0x10007c86        0x2 
 .rodata._resetd_driver
                0x10007c88       0x20 CMakeFiles/lab_01.dir/home/gabrielmachine/pico/pico-sdk/src/rp2_common/pico_stdio_usb/reset_interface.c.o
 .rodata.desc_ms_os_20
                0x10007ca8       0xa6 CMakeFiles/lab_01.dir/home/gabrielmachine/pico/pico-sdk/src/rp2_common/pico_stdio_usb/reset_interface.c.o
 *fill*         0x10007d4e        0x2 
 .rodata.desc_bos
                0x10007d50       0x21 CMakeFiles/lab_01.dir/home/gabrielmachine/pico/pico-sdk/src/rp2_common/pico_stdio_usb/reset_interface.c.o
                0x10007d50                desc_bos
 .rodata.str1.4
                0x10007d71       0x13 CMakeFiles/lab_01.dir/home/gabrielmachine/pico/pico-sdk/src/rp2_common/pico_stdio_usb/stdio_usb.c.o
 *fill*         0x10007d71        0x3 
 .rodata.__bi_197.0
                0x10007d74        0xc CMakeFiles/lab_01.dir/home/gabrielmachine/pico/pico-sdk/src/rp2_common/pico_stdio_usb/stdio_usb.c.o
 .rodata.str1.4
                0x10007d80       0x2a CMakeFiles/lab_01.dir/home/gabrielmachine/pico/pico-sdk/src/rp2_common/pico_stdio_usb/stdio_usb_descriptors.c.o
 .rodata.usbd_desc_str
                0x10007d80       0x18 CMakeFiles/lab_01.dir/home/gabrielmachine/pico/pico-sdk/src/rp2_common/pico_stdio_usb/stdio_usb_descriptors.c.o
 .rodata.usbd_desc_cfg
                0x10007d98       0x54 CMakeFiles/lab_01.dir/home/gabrielmachine/pico/pico-sdk/src/rp2_common/pico_stdio_usb/stdio_usb_descriptors.c.o
 .rodata.usbd_desc_device
                0x10007dec       0x12 CMakeFiles/lab_01.dir/home/gabrielmachine/pico/pico-sdk/src/rp2_common/pico_stdio_usb/stdio_usb_descriptors.c.o
 .rodata.str1.4
                0x10007dfe       0x14 CMakeFiles/lab_01.dir/home/gabrielmachine/pico/pico-sdk/lib/tinyusb/src/portable/raspberrypi/rp2040/dcd_rp2040.c.o
 .rodata.str1.4
                0x10007dfe       0x48 CMakeFiles/lab_01.dir/home/gabrielmachine/pico/pico-sdk/lib/tinyusb/src/portable/raspberrypi/rp2040/rp2040_usb.c.o
 *fill*         0x10007dfe        0x2 
 .rodata.tud_task_ext
                0x10007e00       0x8c CMakeFiles/lab_01.dir/home/gabrielmachine/pico/pico-sdk/lib/tinyusb/src/device/usbd.c.o
 .rodata        0x10007e8c       0x1c CMakeFiles/lab_01.dir/home/gabrielmachine/pico/pico-sdk/lib/tinyusb/src/device/usbd.c.o
 .rodata._usbd_driver
                0x10007ea8       0x40 CMakeFiles/lab_01.dir/home/gabrielmachine/pico/pico-sdk/lib/tinyusb/src/device/usbd.c.o
 .rodata.uxTopUsedPriority
                0x10007ee8        0x4 CMakeFiles/lab_01.dir/home/gabrielmachine/FreeRTOS-Kernel/tasks.c.o
 .rodata.prvTimerTask
                0x10007eec       0x28 CMakeFiles/lab_01.dir/home/gabrielmachine/FreeRTOS-Kernel/timers.c.o
 .rodata.xTimerCreateTimerTask.str1.4
                0x10007f14       0x10 CMakeFiles/lab_01.dir/home/gabrielmachine/FreeRTOS-Kernel/timers.c.o
                0x10007f24                        . = ALIGN (0x4)
 *(SORT_BY_ALIGNMENT(SORT_BY_NAME(.flashdata*)))
                0x10007f24                        . = ALIGN (0x4)

.ARM.extab
 *(.ARM.extab* .gnu.linkonce.armextab.*)
                0x10007f14                        __exidx_start = .

.ARM.exidx
 *(.ARM.exidx* .gnu.linkonce.armexidx.*)
                0x10007f14                        __exidx_end = .
                0x10007f24                        . = ALIGN (0x4)
                0x10007f14                        __binary_info_start = .

.binary_info    0x10007f14       0x20
 *(.binary_info.keep.*)
 .binary_info.keep.__bi_ptr84
                0x10007f14        0x4 CMakeFiles/lab_01.dir/home/gabrielmachine/pico/pico-sdk/src/rp2_common/pico_standard_binary_info/standard_binary_info.c.o
 .binary_info.keep.__bi_ptr78
                0x10007f18        0x4 CMakeFiles/lab_01.dir/home/gabrielmachine/pico/pico-sdk/src/rp2_common/pico_standard_binary_info/standard_binary_info.c.o
 .binary_info.keep.__bi_ptr54
                0x10007f1c        0x4 CMakeFiles/lab_01.dir/home/gabrielmachine/pico/pico-sdk/src/rp2_common/pico_standard_binary_info/standard_binary_info.c.o
 .binary_info.keep.__bi_ptr48
                0x10007f20        0x4 CMakeFiles/lab_01.dir/home/gabrielmachine/pico/pico-sdk/src/rp2_common/pico_standard_binary_info/standard_binary_info.c.o
 .binary_info.keep.__bi_ptr42
                0x10007f24        0x4 CMakeFiles/lab_01.dir/home/gabrielmachine/pico/pico-sdk/src/rp2_common/pico_standard_binary_info/standard_binary_info.c.o
 .binary_info.keep.__bi_ptr34
                0x10007f28        0x4 CMakeFiles/lab_01.dir/home/gabrielmachine/pico/pico-sdk/src/rp2_common/pico_standard_binary_info/standard_binary_info.c.o
 .binary_info.keep.__bi_ptr26
                0x10007f2c        0x4 CMakeFiles/lab_01.dir/home/gabrielmachine/pico/pico-sdk/src/rp2_common/pico_standard_binary_info/standard_binary_info.c.o
 *(.binary_info.*)
 .binary_info.__bi_ptr197
                0x10007f30        0x4 CMakeFiles/lab_01.dir/home/gabrielmachine/pico/pico-sdk/src/rp2_common/pico_stdio_usb/stdio_usb.c.o
                0x10007f34                        __binary_info_end = .

.rel.dyn        0x10007f34        0x0
 .rel.iplt      0x10007f34        0x0 /usr/lib/gcc/arm-none-eabi/13.2.1/thumb/v6-m/nofp/crtbegin.o
                0x10007f34                        . = ALIGN (0x4)

.ram_vector_table
                0x20000000       0xc0
 *(.ram_vector_table)
 .ram_vector_table
                0x20000000       0xc0 CMakeFiles/lab_01.dir/home/gabrielmachine/pico/pico-sdk/src/rp2_common/pico_runtime_init/runtime_init.c.o
                0x20000000                ram_vector_table

.uninitialized_data
                0x200000c0        0x0
                0x200000c0                        . = ALIGN (0x4)
 *(.uninitialized_data*)

.data           0x200000c0      0xf68 load address 0x10007f34
                0x200000c0                        __data_start__ = .
 *(vtable)
 *(.time_critical*)
 .time_critical.mutex_try_enter
                0x200000c0       0x40 CMakeFiles/lab_01.dir/home/gabrielmachine/pico/pico-sdk/src/common/pico_sync/mutex.c.o
                0x200000c0                mutex_try_enter
 .time_critical.mutex_try_enter_block_until
                0x20000100       0xa0 CMakeFiles/lab_01.dir/home/gabrielmachine/pico/pico-sdk/src/common/pico_sync/mutex.c.o
                0x20000100                mutex_try_enter_block_until
 .time_critical.mutex_enter_timeout_ms
                0x200001a0       0x78 CMakeFiles/lab_01.dir/home/gabrielmachine/pico/pico-sdk/src/common/pico_sync/mutex.c.o
                0x200001a0                mutex_enter_timeout_ms
 .time_critical.mutex_exit
                0x20000218       0x20 CMakeFiles/lab_01.dir/home/gabrielmachine/pico/pico-sdk/src/common/pico_sync/mutex.c.o
                0x20000218                mutex_exit
 .time_critical.flash_init_boot2_copyout
                0x20000238       0x30 CMakeFiles/lab_01.dir/home/gabrielmachine/pico/pico-sdk/src/rp2_common/hardware_flash/flash.c.o
 .time_critical.flash_enable_xip_via_boot2
                0x20000268        0xc CMakeFiles/lab_01.dir/home/gabrielmachine/pico/pico-sdk/src/rp2_common/hardware_flash/flash.c.o
 .time_critical.flash_cs_force
                0x20000274       0x38 CMakeFiles/lab_01.dir/home/gabrielmachine/pico/pico-sdk/src/rp2_common/hardware_flash/flash.c.o
 .time_critical.flash_do_cmd
                0x200002ac       0xc0 CMakeFiles/lab_01.dir/home/gabrielmachine/pico/pico-sdk/src/rp2_common/hardware_flash/flash.c.o
                0x200002ac                flash_do_cmd
 .time_critical.reset_non_control_endpoints
                0x2000036c       0x68 CMakeFiles/lab_01.dir/home/gabrielmachine/pico/pico-sdk/lib/tinyusb/src/portable/raspberrypi/rp2040/dcd_rp2040.c.o
 .time_critical.hw_handle_buff_status
                0x200003d4       0xa0 CMakeFiles/lab_01.dir/home/gabrielmachine/pico/pico-sdk/lib/tinyusb/src/portable/raspberrypi/rp2040/dcd_rp2040.c.o
 .time_critical.dcd_rp2040_irq
                0x20000474      0x544 CMakeFiles/lab_01.dir/home/gabrielmachine/pico/pico-sdk/lib/tinyusb/src/portable/raspberrypi/rp2040/dcd_rp2040.c.o
 .time_critical.prepare_ep_buffer
                0x200009b8       0xe0 CMakeFiles/lab_01.dir/home/gabrielmachine/pico/pico-sdk/lib/tinyusb/src/portable/raspberrypi/rp2040/rp2040_usb.c.o
 .time_critical.sync_ep_buffer
                0x20000a98       0xa8 CMakeFiles/lab_01.dir/home/gabrielmachine/pico/pico-sdk/lib/tinyusb/src/portable/raspberrypi/rp2040/rp2040_usb.c.o
 .time_critical._hw_endpoint_xfer_sync
                0x20000b40       0x28 CMakeFiles/lab_01.dir/home/gabrielmachine/pico/pico-sdk/lib/tinyusb/src/portable/raspberrypi/rp2040/rp2040_usb.c.o
 .time_critical.e15_is_bulkin_ep
                0x20000b68       0x28 CMakeFiles/lab_01.dir/home/gabrielmachine/pico/pico-sdk/lib/tinyusb/src/portable/raspberrypi/rp2040/rp2040_usb.c.o
 .time_critical.e15_is_critical_frame_period
                0x20000b90       0x34 CMakeFiles/lab_01.dir/home/gabrielmachine/pico/pico-sdk/lib/tinyusb/src/portable/raspberrypi/rp2040/rp2040_usb.c.o
 .time_critical.hw_endpoint_reset_transfer
                0x20000bc4        0xc CMakeFiles/lab_01.dir/home/gabrielmachine/pico/pico-sdk/lib/tinyusb/src/portable/raspberrypi/rp2040/rp2040_usb.c.o
                0x20000bc4                hw_endpoint_reset_transfer
 .time_critical._hw_endpoint_buffer_control_update32
                0x20000bd0       0x50 CMakeFiles/lab_01.dir/home/gabrielmachine/pico/pico-sdk/lib/tinyusb/src/portable/raspberrypi/rp2040/rp2040_usb.c.o
                0x20000bd0                _hw_endpoint_buffer_control_update32
 .time_critical.hw_endpoint_start_next_buffer
                0x20000c20       0x6c CMakeFiles/lab_01.dir/home/gabrielmachine/pico/pico-sdk/lib/tinyusb/src/portable/raspberrypi/rp2040/rp2040_usb.c.o
                0x20000c20                hw_endpoint_start_next_buffer
 .time_critical.hw_endpoint_xfer_continue
                0x20000c8c       0x40 CMakeFiles/lab_01.dir/home/gabrielmachine/pico/pico-sdk/lib/tinyusb/src/portable/raspberrypi/rp2040/rp2040_usb.c.o
                0x20000c8c                hw_endpoint_xfer_continue
 .time_critical.tinyusb
                0x20000ccc      0x1e4 CMakeFiles/lab_01.dir/home/gabrielmachine/pico/pico-sdk/lib/tinyusb/src/device/usbd.c.o
                0x20000ccc                dcd_event_handler
 *(.text*)
 .text          0x20000eb0        0x4 /usr/lib/gcc/arm-none-eabi/13.2.1/thumb/v6-m/nofp/libgcc.a(_dvmd_tls.o)
                0x20000eb0                __aeabi_ldiv0
                0x20000eb0                __aeabi_idiv0
 *fill*         0x20000eb4        0x4 
 .text.__stub   0x20000eb8       0xa0 linker stubs
                0x20000f58                        . = ALIGN (0x4)
 *(.rodata*)
                0x20000f58                        . = ALIGN (0x4)
 *(.data*)
 .data.striped_spin_lock_num
                0x20000f58        0x1 CMakeFiles/lab_01.dir/home/gabrielmachine/pico/pico-sdk/src/rp2_common/hardware_sync/sync.c.o
 *fill*         0x20000f59        0x3 
 .data          0x20000f5c       0x48 CMakeFiles/lab_01.dir/home/gabrielmachine/pico/pico-sdk/src/rp2_common/hardware_irq/irq_handler_chain.S.o
                0x20000f5c                irq_handler_chain_slots
                0x20000f8c                irq_handler_chain_first_slot
                0x20000f96                irq_handler_chain_remove_tail
 .data.default_alarm_pool
                0x20000fa4       0x18 CMakeFiles/lab_01.dir/home/gabrielmachine/pico/pico-sdk/src/common/pico_time/time.c.o
 *fill*         0x20000fbc        0x4 
 .data.aeabi_bits_funcs
                0x20000fc0       0x10 CMakeFiles/lab_01.dir/home/gabrielmachine/pico/pico-sdk/src/rp2_common/pico_bit_ops/bit_ops_aeabi.S.o
                0x20000fc0                aeabi_bits_funcs
                0x20000fd0                aeabi_bits_funcs_end
 .data.aeabi_mem_funcs
                0x20000fd0       0x10 CMakeFiles/lab_01.dir/home/gabrielmachine/pico/pico-sdk/src/rp2_common/pico_mem_ops/mem_ops_aeabi.S.o
                0x20000fd0                aeabi_mem_funcs
                0x20000fe0                aeabi_mem_funcs_end
 .data.stdio_usb
                0x20000fe0       0x18 CMakeFiles/lab_01.dir/home/gabrielmachine/pico/pico-sdk/src/rp2_common/pico_stdio_usb/stdio_usb.c.o
                0x20000fe0                stdio_usb
 .data._usbd_qdef
                0x20000ff8       0x1c CMakeFiles/lab_01.dir/home/gabrielmachine/pico/pico-sdk/lib/tinyusb/src/device/usbd.c.o
                0x20000ff8                _usbd_qdef
 .data._usbd_rhport
                0x20001014        0x1 CMakeFiles/lab_01.dir/home/gabrielmachine/pico/pico-sdk/lib/tinyusb/src/device/usbd.c.o
 .data.ucPrimaryCoreNum
                0x20001015        0x1 CMakeFiles/lab_01.dir/home/gabrielmachine/FreeRTOS-Kernel/portable/ThirdParty/GCC/RP2040/port.c.o
                0x20001018                        . = ALIGN (0x4)
 *fill*         0x20001016        0x2 
 *(.after_data.*)
                0x20001018                        . = ALIGN (0x4)
                0x20001018                        PROVIDE (__mutex_array_start = .)
 *(SORT_BY_NAME(.mutex_array.*))
 *(.mutex_array)
 .mutex_array   0x20001018        0x8 CMakeFiles/lab_01.dir/home/gabrielmachine/pico/pico-sdk/src/rp2_common/pico_malloc/malloc.c.o
 .mutex_array   0x20001020        0x8 CMakeFiles/lab_01.dir/home/gabrielmachine/pico/pico-sdk/src/rp2_common/pico_stdio/stdio.c.o
                0x20001028                        PROVIDE (__mutex_array_end = .)
                0x20001028                        . = ALIGN (0x4)
 *(.jcr)
                0x20001028                        . = ALIGN (0x4)

.tm_clone_table
                0x20001028        0x0 load address 0x10008e9c
 .tm_clone_table
                0x20001028        0x0 /usr/lib/gcc/arm-none-eabi/13.2.1/thumb/v6-m/nofp/crtbegin.o
 .tm_clone_table
                0x20001028        0x0 /usr/lib/gcc/arm-none-eabi/13.2.1/thumb/v6-m/nofp/crtend.o

.igot.plt       0x20001028        0x0 load address 0x10008e9c
 .igot.plt      0x20001028        0x0 /usr/lib/gcc/arm-none-eabi/13.2.1/thumb/v6-m/nofp/crtbegin.o

.tdata          0x20001028        0x0 load address 0x10008e9c
                0x20001028                        . = ALIGN (0x4)
 *(.tdata .tdata.* .gnu.linkonce.td.*)
                0x20001028                        __tdata_end = .
                0x20001028                        PROVIDE (__data_end__ = .)
                0x10007f34                        __etext = LOADADDR (.data)

.tbss           0x20001028        0x0 load address 0x10008e9c
                0x20001028                        . = ALIGN (0x4)
                0x20001028                        __bss_start__ = .
                0x20001028                        __tls_base = .
 *(.tbss .tbss.* .gnu.linkonce.tb.*)
 *(.tcommon)
                0x20001028                        __tls_end = .

.bss            0x20001028    0x21474 load address 0x10008e9c
                0x20001028                        . = ALIGN (0x4)
                0x20001028                        __tbss_end = .
 *(SORT_BY_ALIGNMENT(SORT_BY_NAME(.bss*)))
 .bss.default_alarm_pool_entries
                0x20001028      0x180 CMakeFiles/lab_01.dir/home/gabrielmachine/pico/pico-sdk/src/common/pico_time/time.c.o
 .bss.last_avail_time.1
                0x200011a8        0x8 CMakeFiles/lab_01.dir/home/gabrielmachine/pico/pico-sdk/src/rp2_common/pico_stdio_usb/stdio_usb.c.o
 .bss.sd_table  0x200011b0      0x100 CMakeFiles/lab_01.dir/home/gabrielmachine/pico/pico-sdk/src/rp2_common/pico_double/double_init_rom_rp2040.c.o
                0x200011b0                sd_table
 .bss.sf_table  0x200012b0      0x100 CMakeFiles/lab_01.dir/home/gabrielmachine/pico/pico-sdk/src/rp2_common/pico_float/float_init_rom_rp2040.c.o
                0x200012b0                sf_table
 .bss.xQueueRegistry
                0x200013b0       0x40 CMakeFiles/lab_01.dir/home/gabrielmachine/FreeRTOS-Kernel/queue.c.o
                0x200013b0                xQueueRegistry
 .bss           0x200013f0       0x1c /usr/lib/gcc/arm-none-eabi/13.2.1/thumb/v6-m/nofp/crtbegin.o
 .bss           0x2000140c      0x190 /usr/lib/gcc/arm-none-eabi/13.2.1/../../../arm-none-eabi/lib/thumb/v6-m/nofp/libg.a(libc_a-__atexit.o)
                0x2000140c                __atexit0
 .bss           0x2000159c        0x4 /usr/lib/gcc/arm-none-eabi/13.2.1/../../../arm-none-eabi/lib/thumb/v6-m/nofp/libg.a(libc_a-__call_atexit.o)
                0x2000159c                __atexit
 .bss._app_driver
                0x200015a0        0x4 CMakeFiles/lab_01.dir/home/gabrielmachine/pico/pico-sdk/lib/tinyusb/src/device/usbd.c.o
 .bss._cdcd_epbuf
                0x200015a4       0x80 CMakeFiles/lab_01.dir/home/gabrielmachine/pico/pico-sdk/lib/tinyusb/src/class/cdc/cdc_device.c.o
 .bss._cdcd_fifo_cfg
                0x20001624        0x1 CMakeFiles/lab_01.dir/home/gabrielmachine/pico/pico-sdk/lib/tinyusb/src/class/cdc/cdc_device.c.o
 *fill*         0x20001625        0x3 
 .bss._cdcd_itf
                0x20001628       0xc8 CMakeFiles/lab_01.dir/home/gabrielmachine/pico/pico-sdk/lib/tinyusb/src/class/cdc/cdc_device.c.o
 .bss._ctrl_epbuf
                0x200016f0       0x40 CMakeFiles/lab_01.dir/home/gabrielmachine/pico/pico-sdk/lib/tinyusb/src/device/usbd_control.c.o
 .bss._ctrl_xfer
                0x20001730       0x14 CMakeFiles/lab_01.dir/home/gabrielmachine/pico/pico-sdk/lib/tinyusb/src/device/usbd_control.c.o
 .bss._tusb_rhport_role
                0x20001744        0x2 CMakeFiles/lab_01.dir/home/gabrielmachine/pico/pico-sdk/lib/tinyusb/src/tusb.c.o
                0x20001744                _tusb_rhport_role
 *fill*         0x20001746        0x2 
 .bss._ubsd_mutexdef
                0x20001748        0x8 CMakeFiles/lab_01.dir/home/gabrielmachine/pico/pico-sdk/lib/tinyusb/src/device/usbd.c.o
 .bss._usbd_dev
                0x20001750       0x54 CMakeFiles/lab_01.dir/home/gabrielmachine/pico/pico-sdk/lib/tinyusb/src/device/usbd.c.o
 .bss._usbd_mutex
                0x200017a4        0x4 CMakeFiles/lab_01.dir/home/gabrielmachine/pico/pico-sdk/lib/tinyusb/src/device/usbd.c.o
 .bss._usbd_q   0x200017a8        0x4 CMakeFiles/lab_01.dir/home/gabrielmachine/pico/pico-sdk/lib/tinyusb/src/device/usbd.c.o
 .bss._usbd_qdef_buf
                0x200017ac       0xc0 CMakeFiles/lab_01.dir/home/gabrielmachine/pico/pico-sdk/lib/tinyusb/src/device/usbd.c.o
                0x200017ac                _usbd_qdef_buf
 .bss._vendord_epbuf
                0x2000186c       0x80 CMakeFiles/lab_01.dir/home/gabrielmachine/pico/pico-sdk/lib/tinyusb/src/class/vendor/vendor_device.c.o
 .bss._vendord_itf
                0x200018ec      0x24c CMakeFiles/lab_01.dir/home/gabrielmachine/pico/pico-sdk/lib/tinyusb/src/class/vendor/vendor_device.c.o
 .bss.boot2_copyout
                0x20001b38      0x100 CMakeFiles/lab_01.dir/home/gabrielmachine/pico/pico-sdk/src/rp2_common/hardware_flash/flash.c.o
 .bss.chars_available_callback
                0x20001c38        0x4 CMakeFiles/lab_01.dir/home/gabrielmachine/pico/pico-sdk/src/rp2_common/pico_stdio_usb/stdio_usb.c.o
 .bss.chars_available_param
                0x20001c3c        0x4 CMakeFiles/lab_01.dir/home/gabrielmachine/pico/pico-sdk/src/rp2_common/pico_stdio_usb/stdio_usb.c.o
 .bss.claimed   0x20001c40        0x4 CMakeFiles/lab_01.dir/home/gabrielmachine/pico/pico-sdk/src/rp2_common/hardware_sync/sync.c.o
 .bss.claimed   0x20001c44        0x1 CMakeFiles/lab_01.dir/home/gabrielmachine/pico/pico-sdk/src/rp2_common/hardware_timer/timer.c.o
 *fill*         0x20001c45        0x3 
 .bss.configured_freq
                0x20001c48       0x28 CMakeFiles/lab_01.dir/home/gabrielmachine/pico/pico-sdk/src/rp2_common/hardware_clocks/clocks.c.o
 .bss.desc_str.0
                0x20001c70       0x28 CMakeFiles/lab_01.dir/home/gabrielmachine/pico/pico-sdk/src/rp2_common/pico_stdio_usb/stdio_usb_descriptors.c.o
 .bss.drivers   0x20001c98        0x4 CMakeFiles/lab_01.dir/home/gabrielmachine/pico/pico-sdk/src/rp2_common/pico_stdio/stdio.c.o
 .bss.e15_last_sof
                0x20001c9c        0x4 CMakeFiles/lab_01.dir/home/gabrielmachine/pico/pico-sdk/lib/tinyusb/src/portable/raspberrypi/rp2040/rp2040_usb.c.o
                0x20001c9c                e15_last_sof
 .bss.filter    0x20001ca0        0x4 CMakeFiles/lab_01.dir/home/gabrielmachine/pico/pico-sdk/src/rp2_common/pico_stdio/stdio.c.o
 .bss.hw_endpoints
                0x20001ca4      0x400 CMakeFiles/lab_01.dir/home/gabrielmachine/pico/pico-sdk/lib/tinyusb/src/portable/raspberrypi/rp2040/dcd_rp2040.c.o
 .bss.lazy_vsnprintf
                0x200020a4        0x4 CMakeFiles/lab_01.dir/home/gabrielmachine/pico/pico-sdk/src/rp2_common/pico_printf/printf.c.o
 .bss.load_value
                0x200020a8        0x4 CMakeFiles/lab_01.dir/home/gabrielmachine/pico/pico-sdk/src/rp2_common/hardware_watchdog/watchdog.c.o
 .bss.lockout_victim_initialized
                0x200020ac        0x2 CMakeFiles/lab_01.dir/home/gabrielmachine/pico/pico-sdk/src/rp2_common/pico_multicore/multicore.c.o
 *fill*         0x200020ae        0x2 
 .bss.next_buffer_ptr
                0x200020b0        0x4 CMakeFiles/lab_01.dir/home/gabrielmachine/pico/pico-sdk/lib/tinyusb/src/portable/raspberrypi/rp2040/dcd_rp2040.c.o
 .bss.one_shot_timer_crit_sec
                0x200020b4        0x8 CMakeFiles/lab_01.dir/home/gabrielmachine/pico/pico-sdk/src/rp2_common/pico_stdio_usb/stdio_usb.c.o
 .bss.pools     0x200020bc       0x10 CMakeFiles/lab_01.dir/home/gabrielmachine/pico/pico-sdk/src/common/pico_time/time.c.o
 .bss.pxCurrentTCBs
                0x200020cc        0x8 CMakeFiles/lab_01.dir/home/gabrielmachine/FreeRTOS-Kernel/tasks.c.o
                0x200020cc                pxCurrentTCBs
 .bss.pxCurrentTimerList
                0x200020d4        0x4 CMakeFiles/lab_01.dir/home/gabrielmachine/FreeRTOS-Kernel/timers.c.o
 .bss.pxDelayedTaskList
                0x200020d8        0x4 CMakeFiles/lab_01.dir/home/gabrielmachine/FreeRTOS-Kernel/tasks.c.o
 .bss.pxEnd     0x200020dc        0x4 CMakeFiles/lab_01.dir/home/gabrielmachine/FreeRTOS-Kernel/portable/MemMang/heap_4.c.o
 .bss.pxOverflowDelayedTaskList
                0x200020e0        0x4 CMakeFiles/lab_01.dir/home/gabrielmachine/FreeRTOS-Kernel/tasks.c.o
 .bss.pxOverflowTimerList
                0x200020e4        0x4 CMakeFiles/lab_01.dir/home/gabrielmachine/FreeRTOS-Kernel/timers.c.o
 .bss.pxReadyTasksLists
                0x200020e8      0x280 CMakeFiles/lab_01.dir/home/gabrielmachine/FreeRTOS-Kernel/tasks.c.o
 .bss.retrieved_id
                0x20002368        0x8 CMakeFiles/lab_01.dir/home/gabrielmachine/pico/pico-sdk/src/rp2_common/pico_unique_id/unique_id.c.o
 .bss.sf_clz_func
                0x20002370        0x4 CMakeFiles/lab_01.dir/home/gabrielmachine/pico/pico-sdk/src/rp2_common/pico_double/double_init_rom_rp2040.c.o
                0x20002370                sf_clz_func
 .bss.sleep_notifier
                0x20002374        0x4 CMakeFiles/lab_01.dir/home/gabrielmachine/pico/pico-sdk/src/common/pico_time/time.c.o
 .bss.stdio_usb_mutex
                0x20002378        0x8 CMakeFiles/lab_01.dir/home/gabrielmachine/pico/pico-sdk/src/rp2_common/pico_stdio_usb/stdio_usb.c.o
 .bss.ucHeap    0x20002380    0x20000 CMakeFiles/lab_01.dir/home/gabrielmachine/FreeRTOS-Kernel/portable/MemMang/heap_4.c.o
 .bss.ucOwnedByCore.1
                0x20022380        0x4 CMakeFiles/lab_01.dir/home/gabrielmachine/FreeRTOS-Kernel/tasks.c.o
 .bss.ucRecursionCountByLock.0
                0x20022384        0x2 CMakeFiles/lab_01.dir/home/gabrielmachine/FreeRTOS-Kernel/tasks.c.o
 *fill*         0x20022386        0x2 
 .bss.usbd_serial_str
                0x20022388       0x11 CMakeFiles/lab_01.dir/home/gabrielmachine/pico/pico-sdk/src/rp2_common/pico_stdio_usb/stdio_usb_descriptors.c.o
 *fill*         0x20022399        0x3 
 .bss.uxCriticalNestings
                0x2002239c        0x8 CMakeFiles/lab_01.dir/home/gabrielmachine/FreeRTOS-Kernel/portable/ThirdParty/GCC/RP2040/port.c.o
                0x2002239c                uxCriticalNestings
 .bss.uxCurrentNumberOfTasks
                0x200223a4        0x4 CMakeFiles/lab_01.dir/home/gabrielmachine/FreeRTOS-Kernel/tasks.c.o
 .bss.uxDeletedTasksWaitingCleanUp
                0x200223a8        0x4 CMakeFiles/lab_01.dir/home/gabrielmachine/FreeRTOS-Kernel/tasks.c.o
 .bss.uxSchedulerSuspended